ARM GAS  C:\Users\santi\AppData\Local\Temp\ccsG8AbM.s 			page 1


   1              		.cpu cortex-m4
   2              		.arch armv7e-m
   3              		.fpu fpv4-sp-d16
   4              		.eabi_attribute 27, 1
   5              		.eabi_attribute 28, 1
   6              		.eabi_attribute 20, 1
   7              		.eabi_attribute 21, 1
   8              		.eabi_attribute 23, 3
   9              		.eabi_attribute 24, 1
  10              		.eabi_attribute 25, 1
  11              		.eabi_attribute 26, 1
  12              		.eabi_attribute 30, 1
  13              		.eabi_attribute 34, 1
  14              		.eabi_attribute 18, 4
  15              		.file	"drv_motor.c"
  16              		.text
  17              	.Ltext0:
  18              		.cfi_sections	.debug_frame
  19              		.file 1 "Core/Src/drv_motor.c"
  20              		.section	.text.Motor_Init,"ax",%progbits
  21              		.align	1
  22              		.global	Motor_Init
  23              		.syntax unified
  24              		.thumb
  25              		.thumb_func
  27              	Motor_Init:
  28              	.LVL0:
  29              	.LFB134:
   1:Core/Src/drv_motor.c **** /*
   2:Core/Src/drv_motor.c ****  * drv_ultrasound.h
   3:Core/Src/drv_motor.c ****  *
   4:Core/Src/drv_motor.c ****  *  Created on: Apr 18, 2026
   5:Core/Src/drv_motor.c ****  *      Author: Parucci, Santiago
   6:Core/Src/drv_motor.c ****  */
   7:Core/Src/drv_motor.c **** 
   8:Core/Src/drv_motor.c **** #include "../Inc/drv_motor.h"
   9:Core/Src/drv_motor.c **** 
  10:Core/Src/drv_motor.c **** /**
  11:Core/Src/drv_motor.c ****  * @brief Inicializa el motor
  12:Core/Src/drv_motor.c ****  */
  13:Core/Src/drv_motor.c **** void Motor_Init(MotorHandle_t* motor)
  14:Core/Src/drv_motor.c **** {
  30              		.loc 1 14 1 view -0
  31              		.cfi_startproc
  32              		@ args = 0, pretend = 0, frame = 0
  33              		@ frame_needed = 0, uses_anonymous_args = 0
  34              		.loc 1 14 1 is_stmt 0 view .LVU1
  35 0000 10B5     		push	{r4, lr}
  36              	.LCFI0:
  37              		.cfi_def_cfa_offset 8
  38              		.cfi_offset 4, -8
  39              		.cfi_offset 14, -4
  40 0002 0446     		mov	r4, r0
  15:Core/Src/drv_motor.c ****     // Arranca PWM en canal
  16:Core/Src/drv_motor.c ****     HAL_TIM_PWM_Start(motor->htim, motor->channel);
  41              		.loc 1 16 5 is_stmt 1 view .LVU2
  42 0004 4168     		ldr	r1, [r0, #4]
ARM GAS  C:\Users\santi\AppData\Local\Temp\ccsG8AbM.s 			page 2


  43 0006 0068     		ldr	r0, [r0]
  44              	.LVL1:
  45              		.loc 1 16 5 is_stmt 0 view .LVU3
  46 0008 FFF7FEFF 		bl	HAL_TIM_PWM_Start
  47              	.LVL2:
  17:Core/Src/drv_motor.c **** 
  18:Core/Src/drv_motor.c ****     // Estado inicial de velocidad en 0
  19:Core/Src/drv_motor.c ****     motor->current_speed = 0;
  48              		.loc 1 19 5 is_stmt 1 view .LVU4
  49              		.loc 1 19 26 is_stmt 0 view .LVU5
  50 000c 0023     		movs	r3, #0
  51 000e E382     		strh	r3, [r4, #22]	@ movhi
  20:Core/Src/drv_motor.c **** 
  21:Core/Src/drv_motor.c ****     // Freno activo (IN1=1, IN2=1). Sin velocidad al iniciar
  22:Core/Src/drv_motor.c ****     HAL_GPIO_WritePin(motor->port_a, motor->pin_a, GPIO_PIN_SET);
  52              		.loc 1 22 5 is_stmt 1 view .LVU6
  53 0010 0122     		movs	r2, #1
  54 0012 A189     		ldrh	r1, [r4, #12]
  55 0014 A068     		ldr	r0, [r4, #8]
  56 0016 FFF7FEFF 		bl	HAL_GPIO_WritePin
  57              	.LVL3:
  23:Core/Src/drv_motor.c ****     HAL_GPIO_WritePin(motor->port_b, motor->pin_b, GPIO_PIN_SET);
  58              		.loc 1 23 5 view .LVU7
  59 001a 0122     		movs	r2, #1
  60 001c A18A     		ldrh	r1, [r4, #20]
  61 001e 2069     		ldr	r0, [r4, #16]
  62 0020 FFF7FEFF 		bl	HAL_GPIO_WritePin
  63              	.LVL4:
  24:Core/Src/drv_motor.c **** 
  25:Core/Src/drv_motor.c ****     // PWM en 0
  26:Core/Src/drv_motor.c ****     __HAL_TIM_SET_COMPARE(motor->htim, motor->channel, 0);
  64              		.loc 1 26 5 view .LVU8
  65 0024 6368     		ldr	r3, [r4, #4]
  66 0026 23B9     		cbnz	r3, .L2
  67              		.loc 1 26 5 is_stmt 0 discriminator 1 view .LVU9
  68 0028 2368     		ldr	r3, [r4]
  69 002a 1B68     		ldr	r3, [r3]
  70 002c 0022     		movs	r2, #0
  71 002e 5A63     		str	r2, [r3, #52]
  72              	.L1:
  27:Core/Src/drv_motor.c **** }
  73              		.loc 1 27 1 view .LVU10
  74 0030 10BD     		pop	{r4, pc}
  75              	.LVL5:
  76              	.L2:
  26:Core/Src/drv_motor.c **** }
  77              		.loc 1 26 5 discriminator 2 view .LVU11
  78 0032 042B     		cmp	r3, #4
  79 0034 06D0     		beq	.L7
  26:Core/Src/drv_motor.c **** }
  80              		.loc 1 26 5 discriminator 4 view .LVU12
  81 0036 082B     		cmp	r3, #8
  82 0038 09D0     		beq	.L8
  26:Core/Src/drv_motor.c **** }
  83              		.loc 1 26 5 discriminator 7 view .LVU13
  84 003a 2368     		ldr	r3, [r4]
  85 003c 1B68     		ldr	r3, [r3]
ARM GAS  C:\Users\santi\AppData\Local\Temp\ccsG8AbM.s 			page 3


  86 003e 0022     		movs	r2, #0
  87 0040 1A64     		str	r2, [r3, #64]
  88              		.loc 1 27 1 view .LVU14
  89 0042 F5E7     		b	.L1
  90              	.L7:
  26:Core/Src/drv_motor.c **** }
  91              		.loc 1 26 5 discriminator 3 view .LVU15
  92 0044 2368     		ldr	r3, [r4]
  93 0046 1B68     		ldr	r3, [r3]
  94 0048 0022     		movs	r2, #0
  95 004a 9A63     		str	r2, [r3, #56]
  96 004c F0E7     		b	.L1
  97              	.L8:
  26:Core/Src/drv_motor.c **** }
  98              		.loc 1 26 5 discriminator 6 view .LVU16
  99 004e 2368     		ldr	r3, [r4]
 100 0050 1B68     		ldr	r3, [r3]
 101 0052 0022     		movs	r2, #0
 102 0054 DA63     		str	r2, [r3, #60]
 103 0056 EBE7     		b	.L1
 104              		.cfi_endproc
 105              	.LFE134:
 107              		.section	.text.Motor_SetSpeed,"ax",%progbits
 108              		.align	1
 109              		.global	Motor_SetSpeed
 110              		.syntax unified
 111              		.thumb
 112              		.thumb_func
 114              	Motor_SetSpeed:
 115              	.LVL6:
 116              	.LFB135:
  28:Core/Src/drv_motor.c **** 
  29:Core/Src/drv_motor.c **** 
  30:Core/Src/drv_motor.c **** /**
  31:Core/Src/drv_motor.c ****  * @brief Setea velocidad del motor
  32:Core/Src/drv_motor.c ****  */
  33:Core/Src/drv_motor.c **** void Motor_SetSpeed(MotorHandle_t* motor, int16_t speed)
  34:Core/Src/drv_motor.c **** {
 117              		.loc 1 34 1 is_stmt 1 view -0
 118              		.cfi_startproc
 119              		@ args = 0, pretend = 0, frame = 0
 120              		@ frame_needed = 0, uses_anonymous_args = 0
 121              		.loc 1 34 1 is_stmt 0 view .LVU18
 122 0000 38B5     		push	{r3, r4, r5, lr}
 123              	.LCFI1:
 124              		.cfi_def_cfa_offset 16
 125              		.cfi_offset 3, -16
 126              		.cfi_offset 4, -12
 127              		.cfi_offset 5, -8
 128              		.cfi_offset 14, -4
 129 0002 0446     		mov	r4, r0
  35:Core/Src/drv_motor.c ****     // Saturación para no exceder de límites
  36:Core/Src/drv_motor.c ****     if (speed > MOTOR_MAX_SPEED) speed = MOTOR_MAX_SPEED;
 130              		.loc 1 36 5 is_stmt 1 view .LVU19
 131              		.loc 1 36 8 is_stmt 0 view .LVU20
 132 0004 42F2CF03 		movw	r3, #8399
 133 0008 9942     		cmp	r1, r3
ARM GAS  C:\Users\santi\AppData\Local\Temp\ccsG8AbM.s 			page 4


 134 000a 04DC     		bgt	.L18
  37:Core/Src/drv_motor.c ****     if (speed < MOTOR_MIN_SPEED) speed = MOTOR_MIN_SPEED;
 135              		.loc 1 37 5 is_stmt 1 view .LVU21
 136              		.loc 1 37 8 is_stmt 0 view .LVU22
 137 000c 234B     		ldr	r3, .L25
 138 000e 9942     		cmp	r1, r3
 139 0010 03DA     		bge	.L10
 140              		.loc 1 37 40 discriminator 1 view .LVU23
 141 0012 2249     		ldr	r1, .L25
 142              	.LVL7:
 143              		.loc 1 37 40 discriminator 1 view .LVU24
 144 0014 01E0     		b	.L10
 145              	.LVL8:
 146              	.L18:
  36:Core/Src/drv_motor.c ****     if (speed < MOTOR_MIN_SPEED) speed = MOTOR_MIN_SPEED;
 147              		.loc 1 36 40 discriminator 1 view .LVU25
 148 0016 42F2CF01 		movw	r1, #8399
 149              	.LVL9:
 150              	.L10:
  38:Core/Src/drv_motor.c **** 
  39:Core/Src/drv_motor.c ****     // Guarda el estado de velocidad
  40:Core/Src/drv_motor.c ****     motor->current_speed = speed;
 151              		.loc 1 40 5 is_stmt 1 view .LVU26
 152              		.loc 1 40 26 is_stmt 0 view .LVU27
 153 001a E182     		strh	r1, [r4, #22]	@ movhi
  41:Core/Src/drv_motor.c **** 
  42:Core/Src/drv_motor.c ****     // Valor absoluto → PWM
  43:Core/Src/drv_motor.c ****     uint16_t pwm = (speed >= 0) ? speed : -speed;
 154              		.loc 1 43 5 is_stmt 1 view .LVU28
 155              		.loc 1 43 14 is_stmt 0 view .LVU29
 156 001c 81EAE173 		eor	r3, r1, r1, asr #31
 157 0020 A3EBE173 		sub	r3, r3, r1, asr #31
 158 0024 9DB2     		uxth	r5, r3
 159              	.LVL10:
  44:Core/Src/drv_motor.c **** 
  45:Core/Src/drv_motor.c ****     // Configuración de dirección o de freno
  46:Core/Src/drv_motor.c ****     if (speed > 0)
 160              		.loc 1 46 5 is_stmt 1 view .LVU30
 161              		.loc 1 46 8 is_stmt 0 view .LVU31
 162 0026 0029     		cmp	r1, #0
 163 0028 0CDC     		bgt	.L21
  47:Core/Src/drv_motor.c ****     {
  48:Core/Src/drv_motor.c ****         // Adelante
  49:Core/Src/drv_motor.c ****         HAL_GPIO_WritePin(motor->port_a, motor->pin_a, GPIO_PIN_SET);
  50:Core/Src/drv_motor.c ****         HAL_GPIO_WritePin(motor->port_b, motor->pin_b, GPIO_PIN_RESET);
  51:Core/Src/drv_motor.c ****     }
  52:Core/Src/drv_motor.c ****     else if (speed < 0)
 164              		.loc 1 52 10 is_stmt 1 view .LVU32
 165              		.loc 1 52 13 is_stmt 0 view .LVU33
 166 002a 0029     		cmp	r1, #0
 167 002c 1ADB     		blt	.L22
  53:Core/Src/drv_motor.c ****     {
  54:Core/Src/drv_motor.c ****         // Atrás
  55:Core/Src/drv_motor.c ****         HAL_GPIO_WritePin(motor->port_a, motor->pin_a, GPIO_PIN_RESET);
  56:Core/Src/drv_motor.c ****         HAL_GPIO_WritePin(motor->port_b, motor->pin_b, GPIO_PIN_SET);
  57:Core/Src/drv_motor.c ****     }
  58:Core/Src/drv_motor.c ****     else
ARM GAS  C:\Users\santi\AppData\Local\Temp\ccsG8AbM.s 			page 5


  59:Core/Src/drv_motor.c ****     {
  60:Core/Src/drv_motor.c ****         // Freno
  61:Core/Src/drv_motor.c ****         HAL_GPIO_WritePin(motor->port_a, motor->pin_a, GPIO_PIN_SET);
 168              		.loc 1 61 9 is_stmt 1 view .LVU34
 169 002e 0122     		movs	r2, #1
 170 0030 A189     		ldrh	r1, [r4, #12]
 171              	.LVL11:
 172              		.loc 1 61 9 is_stmt 0 view .LVU35
 173 0032 A068     		ldr	r0, [r4, #8]
 174              	.LVL12:
 175              		.loc 1 61 9 view .LVU36
 176 0034 FFF7FEFF 		bl	HAL_GPIO_WritePin
 177              	.LVL13:
  62:Core/Src/drv_motor.c ****         HAL_GPIO_WritePin(motor->port_b, motor->pin_b, GPIO_PIN_SET);
 178              		.loc 1 62 9 is_stmt 1 view .LVU37
 179 0038 0122     		movs	r2, #1
 180 003a A18A     		ldrh	r1, [r4, #20]
 181 003c 2069     		ldr	r0, [r4, #16]
 182 003e FFF7FEFF 		bl	HAL_GPIO_WritePin
 183              	.LVL14:
 184 0042 09E0     		b	.L12
 185              	.LVL15:
 186              	.L21:
  49:Core/Src/drv_motor.c ****         HAL_GPIO_WritePin(motor->port_b, motor->pin_b, GPIO_PIN_RESET);
 187              		.loc 1 49 9 view .LVU38
 188 0044 0122     		movs	r2, #1
 189 0046 A189     		ldrh	r1, [r4, #12]
 190              	.LVL16:
  49:Core/Src/drv_motor.c ****         HAL_GPIO_WritePin(motor->port_b, motor->pin_b, GPIO_PIN_RESET);
 191              		.loc 1 49 9 is_stmt 0 view .LVU39
 192 0048 A068     		ldr	r0, [r4, #8]
 193              	.LVL17:
  49:Core/Src/drv_motor.c ****         HAL_GPIO_WritePin(motor->port_b, motor->pin_b, GPIO_PIN_RESET);
 194              		.loc 1 49 9 view .LVU40
 195 004a FFF7FEFF 		bl	HAL_GPIO_WritePin
 196              	.LVL18:
  50:Core/Src/drv_motor.c ****     }
 197              		.loc 1 50 9 is_stmt 1 view .LVU41
 198 004e 0022     		movs	r2, #0
 199 0050 A18A     		ldrh	r1, [r4, #20]
 200 0052 2069     		ldr	r0, [r4, #16]
 201 0054 FFF7FEFF 		bl	HAL_GPIO_WritePin
 202              	.LVL19:
 203              	.L12:
  63:Core/Src/drv_motor.c ****     }
  64:Core/Src/drv_motor.c **** 
  65:Core/Src/drv_motor.c ****     // Cálculo del PWM usando el valor absoluto de la velocidad
  66:Core/Src/drv_motor.c ****     uint16_t pwm_value = (speed > 0) ? speed : -speed;
 204              		.loc 1 66 5 view .LVU42
  67:Core/Src/drv_motor.c **** 
  68:Core/Src/drv_motor.c ****     // Aplicar PWM
  69:Core/Src/drv_motor.c ****     __HAL_TIM_SET_COMPARE(motor->htim, motor->channel, pwm);
 205              		.loc 1 69 5 view .LVU43
 206 0058 6368     		ldr	r3, [r4, #4]
 207 005a 73B9     		cbnz	r3, .L14
 208              		.loc 1 69 5 is_stmt 0 discriminator 1 view .LVU44
 209 005c 2368     		ldr	r3, [r4]
ARM GAS  C:\Users\santi\AppData\Local\Temp\ccsG8AbM.s 			page 6


 210 005e 1B68     		ldr	r3, [r3]
 211 0060 5D63     		str	r5, [r3, #52]
 212              	.L9:
  70:Core/Src/drv_motor.c **** }
 213              		.loc 1 70 1 view .LVU45
 214 0062 38BD     		pop	{r3, r4, r5, pc}
 215              	.LVL20:
 216              	.L22:
  55:Core/Src/drv_motor.c ****         HAL_GPIO_WritePin(motor->port_b, motor->pin_b, GPIO_PIN_SET);
 217              		.loc 1 55 9 is_stmt 1 view .LVU46
 218 0064 0022     		movs	r2, #0
 219 0066 A189     		ldrh	r1, [r4, #12]
 220              	.LVL21:
  55:Core/Src/drv_motor.c ****         HAL_GPIO_WritePin(motor->port_b, motor->pin_b, GPIO_PIN_SET);
 221              		.loc 1 55 9 is_stmt 0 view .LVU47
 222 0068 A068     		ldr	r0, [r4, #8]
 223              	.LVL22:
  55:Core/Src/drv_motor.c ****         HAL_GPIO_WritePin(motor->port_b, motor->pin_b, GPIO_PIN_SET);
 224              		.loc 1 55 9 view .LVU48
 225 006a FFF7FEFF 		bl	HAL_GPIO_WritePin
 226              	.LVL23:
  56:Core/Src/drv_motor.c ****     }
 227              		.loc 1 56 9 is_stmt 1 view .LVU49
 228 006e 0122     		movs	r2, #1
 229 0070 A18A     		ldrh	r1, [r4, #20]
 230 0072 2069     		ldr	r0, [r4, #16]
 231 0074 FFF7FEFF 		bl	HAL_GPIO_WritePin
 232              	.LVL24:
 233 0078 EEE7     		b	.L12
 234              	.LVL25:
 235              	.L14:
  69:Core/Src/drv_motor.c **** }
 236              		.loc 1 69 5 is_stmt 0 discriminator 2 view .LVU50
 237 007a 042B     		cmp	r3, #4
 238 007c 05D0     		beq	.L23
  69:Core/Src/drv_motor.c **** }
 239              		.loc 1 69 5 discriminator 4 view .LVU51
 240 007e 082B     		cmp	r3, #8
 241 0080 07D0     		beq	.L24
  69:Core/Src/drv_motor.c **** }
 242              		.loc 1 69 5 discriminator 7 view .LVU52
 243 0082 2368     		ldr	r3, [r4]
 244 0084 1B68     		ldr	r3, [r3]
 245 0086 1D64     		str	r5, [r3, #64]
 246              		.loc 1 70 1 view .LVU53
 247 0088 EBE7     		b	.L9
 248              	.L23:
  69:Core/Src/drv_motor.c **** }
 249              		.loc 1 69 5 discriminator 3 view .LVU54
 250 008a 2368     		ldr	r3, [r4]
 251 008c 1B68     		ldr	r3, [r3]
 252 008e 9D63     		str	r5, [r3, #56]
 253 0090 E7E7     		b	.L9
 254              	.L24:
  69:Core/Src/drv_motor.c **** }
 255              		.loc 1 69 5 discriminator 6 view .LVU55
 256 0092 2368     		ldr	r3, [r4]
ARM GAS  C:\Users\santi\AppData\Local\Temp\ccsG8AbM.s 			page 7


 257 0094 1B68     		ldr	r3, [r3]
 258 0096 DD63     		str	r5, [r3, #60]
 259 0098 E3E7     		b	.L9
 260              	.L26:
 261 009a 00BF     		.align	2
 262              	.L25:
 263 009c 31DFFFFF 		.word	-8399
 264              		.cfi_endproc
 265              	.LFE135:
 267              		.section	.text.Motor_Stop,"ax",%progbits
 268              		.align	1
 269              		.global	Motor_Stop
 270              		.syntax unified
 271              		.thumb
 272              		.thumb_func
 274              	Motor_Stop:
 275              	.LVL26:
 276              	.LFB136:
  71:Core/Src/drv_motor.c **** 
  72:Core/Src/drv_motor.c **** 
  73:Core/Src/drv_motor.c **** /**
  74:Core/Src/drv_motor.c ****  * @brief Frena el motor
  75:Core/Src/drv_motor.c ****  */
  76:Core/Src/drv_motor.c **** void Motor_Stop(MotorHandle_t* motor)
  77:Core/Src/drv_motor.c **** {
 277              		.loc 1 77 1 is_stmt 1 view -0
 278              		.cfi_startproc
 279              		@ args = 0, pretend = 0, frame = 0
 280              		@ frame_needed = 0, uses_anonymous_args = 0
 281              		.loc 1 77 1 is_stmt 0 view .LVU57
 282 0000 10B5     		push	{r4, lr}
 283              	.LCFI2:
 284              		.cfi_def_cfa_offset 8
 285              		.cfi_offset 4, -8
 286              		.cfi_offset 14, -4
 287 0002 0446     		mov	r4, r0
  78:Core/Src/drv_motor.c ****     motor->current_speed = 0;
 288              		.loc 1 78 5 is_stmt 1 view .LVU58
 289              		.loc 1 78 26 is_stmt 0 view .LVU59
 290 0004 0023     		movs	r3, #0
 291 0006 C382     		strh	r3, [r0, #22]	@ movhi
  79:Core/Src/drv_motor.c **** 
  80:Core/Src/drv_motor.c ****     // Freno activo
  81:Core/Src/drv_motor.c ****     HAL_GPIO_WritePin(motor->port_a, motor->pin_a, GPIO_PIN_SET);
 292              		.loc 1 81 5 is_stmt 1 view .LVU60
 293 0008 0122     		movs	r2, #1
 294 000a 8189     		ldrh	r1, [r0, #12]
 295 000c 8068     		ldr	r0, [r0, #8]
 296              	.LVL27:
 297              		.loc 1 81 5 is_stmt 0 view .LVU61
 298 000e FFF7FEFF 		bl	HAL_GPIO_WritePin
 299              	.LVL28:
  82:Core/Src/drv_motor.c ****     HAL_GPIO_WritePin(motor->port_b, motor->pin_b, GPIO_PIN_SET);
 300              		.loc 1 82 5 is_stmt 1 view .LVU62
 301 0012 0122     		movs	r2, #1
 302 0014 A18A     		ldrh	r1, [r4, #20]
 303 0016 2069     		ldr	r0, [r4, #16]
ARM GAS  C:\Users\santi\AppData\Local\Temp\ccsG8AbM.s 			page 8


 304 0018 FFF7FEFF 		bl	HAL_GPIO_WritePin
 305              	.LVL29:
  83:Core/Src/drv_motor.c **** 
  84:Core/Src/drv_motor.c ****     // PWM en 0
  85:Core/Src/drv_motor.c ****     __HAL_TIM_SET_COMPARE(motor->htim, motor->channel, 0);
 306              		.loc 1 85 5 view .LVU63
 307 001c 6368     		ldr	r3, [r4, #4]
 308 001e 23B9     		cbnz	r3, .L28
 309              		.loc 1 85 5 is_stmt 0 discriminator 1 view .LVU64
 310 0020 2368     		ldr	r3, [r4]
 311 0022 1B68     		ldr	r3, [r3]
 312 0024 0022     		movs	r2, #0
 313 0026 5A63     		str	r2, [r3, #52]
 314              	.L27:
  86:Core/Src/drv_motor.c **** }
 315              		.loc 1 86 1 view .LVU65
 316 0028 10BD     		pop	{r4, pc}
 317              	.LVL30:
 318              	.L28:
  85:Core/Src/drv_motor.c **** }
 319              		.loc 1 85 5 discriminator 2 view .LVU66
 320 002a 042B     		cmp	r3, #4
 321 002c 06D0     		beq	.L33
  85:Core/Src/drv_motor.c **** }
 322              		.loc 1 85 5 discriminator 4 view .LVU67
 323 002e 082B     		cmp	r3, #8
 324 0030 09D0     		beq	.L34
  85:Core/Src/drv_motor.c **** }
 325              		.loc 1 85 5 discriminator 7 view .LVU68
 326 0032 2368     		ldr	r3, [r4]
 327 0034 1B68     		ldr	r3, [r3]
 328 0036 0022     		movs	r2, #0
 329 0038 1A64     		str	r2, [r3, #64]
 330              		.loc 1 86 1 view .LVU69
 331 003a F5E7     		b	.L27
 332              	.L33:
  85:Core/Src/drv_motor.c **** }
 333              		.loc 1 85 5 discriminator 3 view .LVU70
 334 003c 2368     		ldr	r3, [r4]
 335 003e 1B68     		ldr	r3, [r3]
 336 0040 0022     		movs	r2, #0
 337 0042 9A63     		str	r2, [r3, #56]
 338 0044 F0E7     		b	.L27
 339              	.L34:
  85:Core/Src/drv_motor.c **** }
 340              		.loc 1 85 5 discriminator 6 view .LVU71
 341 0046 2368     		ldr	r3, [r4]
 342 0048 1B68     		ldr	r3, [r3]
 343 004a 0022     		movs	r2, #0
 344 004c DA63     		str	r2, [r3, #60]
 345 004e EBE7     		b	.L27
 346              		.cfi_endproc
 347              	.LFE136:
 349              		.text
 350              	.Letext0:
 351              		.file 2 "C:\\ST\\STM32CubeIDE_1.19.0\\STM32CubeIDE\\plugins\\com.st.stm32cube.ide.mcu.externaltool
 352              		.file 3 "C:\\ST\\STM32CubeIDE_1.19.0\\STM32CubeIDE\\plugins\\com.st.stm32cube.ide.mcu.externaltool
ARM GAS  C:\Users\santi\AppData\Local\Temp\ccsG8AbM.s 			page 9


 353              		.file 4 "Drivers/CMSIS/Device/ST/STM32F4xx/Include/stm32f407xx.h"
 354              		.file 5 "Drivers/STM32F4xx_HAL_Driver/Inc/stm32f4xx_hal_def.h"
 355              		.file 6 "Drivers/STM32F4xx_HAL_Driver/Inc/stm32f4xx_hal_gpio.h"
 356              		.file 7 "Drivers/STM32F4xx_HAL_Driver/Inc/stm32f4xx_hal_dma.h"
 357              		.file 8 "Drivers/STM32F4xx_HAL_Driver/Inc/stm32f4xx_hal_tim.h"
 358              		.file 9 "Core/Src/../Inc/drv_motor.h"
ARM GAS  C:\Users\santi\AppData\Local\Temp\ccsG8AbM.s 			page 10


DEFINED SYMBOLS
                            *ABS*:00000000 drv_motor.c
C:\Users\santi\AppData\Local\Temp\ccsG8AbM.s:21     .text.Motor_Init:00000000 $t
C:\Users\santi\AppData\Local\Temp\ccsG8AbM.s:27     .text.Motor_Init:00000000 Motor_Init
C:\Users\santi\AppData\Local\Temp\ccsG8AbM.s:108    .text.Motor_SetSpeed:00000000 $t
C:\Users\santi\AppData\Local\Temp\ccsG8AbM.s:114    .text.Motor_SetSpeed:00000000 Motor_SetSpeed
C:\Users\santi\AppData\Local\Temp\ccsG8AbM.s:263    .text.Motor_SetSpeed:0000009c $d
C:\Users\santi\AppData\Local\Temp\ccsG8AbM.s:268    .text.Motor_Stop:00000000 $t
C:\Users\santi\AppData\Local\Temp\ccsG8AbM.s:274    .text.Motor_Stop:00000000 Motor_Stop

UNDEFINED SYMBOLS
HAL_TIM_PWM_Start
HAL_GPIO_WritePin
