ARM GAS  C:\Users\santi\AppData\Local\Temp\cclQP2YV.s 			page 1


   1              		.cpu cortex-m4
   2              		.arch armv7e-m
   3              		.fpu fpv4-sp-d16
   4              		.eabi_attribute 27, 1
   5              		.eabi_attribute 28, 1
   6              		.eabi_attribute 20, 1
   7              		.eabi_attribute 21, 1
   8              		.eabi_attribute 23, 3
   9              		.eabi_attribute 24, 1
  10              		.eabi_attribute 25, 1
  11              		.eabi_attribute 26, 1
  12              		.eabi_attribute 30, 1
  13              		.eabi_attribute 34, 1
  14              		.eabi_attribute 18, 4
  15              		.file	"drv_ultrasound.c"
  16              		.text
  17              	.Ltext0:
  18              		.cfi_sections	.debug_frame
  19              		.file 1 "Core/Src/drv_ultrasound.c"
  20              		.section	.text.Ultrasound_Init,"ax",%progbits
  21              		.align	1
  22              		.global	Ultrasound_Init
  23              		.syntax unified
  24              		.thumb
  25              		.thumb_func
  27              	Ultrasound_Init:
  28              	.LVL0:
  29              	.LFB134:
   1:Core/Src/drv_ultrasound.c **** /*
   2:Core/Src/drv_ultrasound.c ****  * drv_ultrasound.c
   3:Core/Src/drv_ultrasound.c ****  *
   4:Core/Src/drv_ultrasound.c ****  *  Created on: Feb 15, 2026
   5:Core/Src/drv_ultrasound.c ****  *      Author: Fernando E. Daniele
   6:Core/Src/drv_ultrasound.c ****  */
   7:Core/Src/drv_ultrasound.c **** 
   8:Core/Src/drv_ultrasound.c **** 
   9:Core/Src/drv_ultrasound.c **** #include "drv_ultrasound.h"
  10:Core/Src/drv_ultrasound.c **** 
  11:Core/Src/drv_ultrasound.c **** void Ultrasound_Init(Ultrasound_t* dev) {
  30              		.loc 1 11 41 view -0
  31              		.cfi_startproc
  32              		@ args = 0, pretend = 0, frame = 0
  33              		@ frame_needed = 0, uses_anonymous_args = 0
  34              		@ link register save eliminated.
  12:Core/Src/drv_ultrasound.c **** 
  13:Core/Src/drv_ultrasound.c **** }
  35              		.loc 1 13 1 view .LVU1
  36 0000 7047     		bx	lr
  37              		.cfi_endproc
  38              	.LFE134:
  40              		.section	.text.Ultrasound_Read_mm,"ax",%progbits
  41              		.align	1
  42              		.global	Ultrasound_Read_mm
  43              		.syntax unified
  44              		.thumb
  45              		.thumb_func
  47              	Ultrasound_Read_mm:
ARM GAS  C:\Users\santi\AppData\Local\Temp\cclQP2YV.s 			page 2


  48              	.LVL1:
  49              	.LFB135:
  14:Core/Src/drv_ultrasound.c **** 
  15:Core/Src/drv_ultrasound.c **** uint32_t Ultrasound_Read_mm(Ultrasound_t* dev) {
  50              		.loc 1 15 48 view -0
  51              		.cfi_startproc
  52              		@ args = 0, pretend = 0, frame = 0
  53              		@ frame_needed = 0, uses_anonymous_args = 0
  54              		@ link register save eliminated.
  16:Core/Src/drv_ultrasound.c **** 
  17:Core/Src/drv_ultrasound.c ****     return 0;
  55              		.loc 1 17 5 view .LVU3
  18:Core/Src/drv_ultrasound.c **** }
  56              		.loc 1 18 1 is_stmt 0 view .LVU4
  57 0000 0020     		movs	r0, #0
  58              	.LVL2:
  59              		.loc 1 18 1 view .LVU5
  60 0002 7047     		bx	lr
  61              		.cfi_endproc
  62              	.LFE135:
  64              		.text
  65              	.Letext0:
  66              		.file 2 "C:\\ST\\STM32CubeIDE_1.19.0\\STM32CubeIDE\\plugins\\com.st.stm32cube.ide.mcu.externaltool
  67              		.file 3 "C:\\ST\\STM32CubeIDE_1.19.0\\STM32CubeIDE\\plugins\\com.st.stm32cube.ide.mcu.externaltool
  68              		.file 4 "Drivers/CMSIS/Device/ST/STM32F4xx/Include/stm32f407xx.h"
  69              		.file 5 "Drivers/STM32F4xx_HAL_Driver/Inc/stm32f4xx_hal_def.h"
  70              		.file 6 "Drivers/STM32F4xx_HAL_Driver/Inc/stm32f4xx_hal_dma.h"
  71              		.file 7 "Drivers/STM32F4xx_HAL_Driver/Inc/stm32f4xx_hal_tim.h"
  72              		.file 8 "Core/Inc/drv_ultrasound.h"
ARM GAS  C:\Users\santi\AppData\Local\Temp\cclQP2YV.s 			page 3


DEFINED SYMBOLS
                            *ABS*:00000000 drv_ultrasound.c
C:\Users\santi\AppData\Local\Temp\cclQP2YV.s:21     .text.Ultrasound_Init:00000000 $t
C:\Users\santi\AppData\Local\Temp\cclQP2YV.s:27     .text.Ultrasound_Init:00000000 Ultrasound_Init
C:\Users\santi\AppData\Local\Temp\cclQP2YV.s:41     .text.Ultrasound_Read_mm:00000000 $t
C:\Users\santi\AppData\Local\Temp\cclQP2YV.s:47     .text.Ultrasound_Read_mm:00000000 Ultrasound_Read_mm

NO UNDEFINED SYMBOLS
