ARM GAS  C:\Users\leogo\AppData\Local\Temp\cc7J4Yrf.s 			page 1


   1              		.cpu cortex-m4
   2              		.arch armv7e-m
   3              		.fpu fpv4-sp-d16
   4              		.eabi_attribute 27, 1
   5              		.eabi_attribute 28, 1
   6              		.eabi_attribute 20, 1
   7              		.eabi_attribute 21, 1
   8              		.eabi_attribute 23, 3
   9              		.eabi_attribute 24, 1
  10              		.eabi_attribute 25, 1
  11              		.eabi_attribute 26, 1
  12              		.eabi_attribute 30, 1
  13              		.eabi_attribute 34, 1
  14              		.eabi_attribute 18, 4
  15              		.file	"gpio.c"
  16              		.text
  17              	.Ltext0:
  18              		.cfi_sections	.debug_frame
  19              		.file 1 "Core/Src/gpio.c"
  20              		.section	.text.MX_GPIO_Init,"ax",%progbits
  21              		.align	1
  22              		.global	MX_GPIO_Init
  23              		.syntax unified
  24              		.thumb
  25              		.thumb_func
  27              	MX_GPIO_Init:
  28              	.LFB134:
   1:Core/Src/gpio.c **** /* USER CODE BEGIN Header */
   2:Core/Src/gpio.c **** /**
   3:Core/Src/gpio.c ****   ******************************************************************************
   4:Core/Src/gpio.c ****   * @file    gpio.c
   5:Core/Src/gpio.c ****   * @brief   This file provides code for the configuration
   6:Core/Src/gpio.c ****   *          of all used GPIO pins.
   7:Core/Src/gpio.c ****   ******************************************************************************
   8:Core/Src/gpio.c ****   * @attention
   9:Core/Src/gpio.c ****   *
  10:Core/Src/gpio.c ****   * Copyright (c) 2026 STMicroelectronics.
  11:Core/Src/gpio.c ****   * All rights reserved.
  12:Core/Src/gpio.c ****   *
  13:Core/Src/gpio.c ****   * This software is licensed under terms that can be found in the LICENSE file
  14:Core/Src/gpio.c ****   * in the root directory of this software component.
  15:Core/Src/gpio.c ****   * If no LICENSE file comes with this software, it is provided AS-IS.
  16:Core/Src/gpio.c ****   *
  17:Core/Src/gpio.c ****   ******************************************************************************
  18:Core/Src/gpio.c ****   */
  19:Core/Src/gpio.c **** /* USER CODE END Header */
  20:Core/Src/gpio.c **** 
  21:Core/Src/gpio.c **** /* Includes ------------------------------------------------------------------*/
  22:Core/Src/gpio.c **** #include "gpio.h"
  23:Core/Src/gpio.c **** 
  24:Core/Src/gpio.c **** /* USER CODE BEGIN 0 */
  25:Core/Src/gpio.c **** 
  26:Core/Src/gpio.c **** /* USER CODE END 0 */
  27:Core/Src/gpio.c **** 
  28:Core/Src/gpio.c **** /*----------------------------------------------------------------------------*/
  29:Core/Src/gpio.c **** /* Configure GPIO                                                             */
  30:Core/Src/gpio.c **** /*----------------------------------------------------------------------------*/
ARM GAS  C:\Users\leogo\AppData\Local\Temp\cc7J4Yrf.s 			page 2


  31:Core/Src/gpio.c **** /* USER CODE BEGIN 1 */
  32:Core/Src/gpio.c **** 
  33:Core/Src/gpio.c **** /* USER CODE END 1 */
  34:Core/Src/gpio.c **** 
  35:Core/Src/gpio.c **** /** Configure pins as
  36:Core/Src/gpio.c ****         * Analog
  37:Core/Src/gpio.c ****         * Input
  38:Core/Src/gpio.c ****         * Output
  39:Core/Src/gpio.c ****         * EVENT_OUT
  40:Core/Src/gpio.c ****         * EXTI
  41:Core/Src/gpio.c ****      PC3   ------> I2S2_SD
  42:Core/Src/gpio.c ****      PA2   ------> USART2_TX
  43:Core/Src/gpio.c ****      PA3   ------> USART2_RX
  44:Core/Src/gpio.c ****      PB10   ------> I2S2_CK
  45:Core/Src/gpio.c ****      PA9   ------> USB_OTG_FS_VBUS
  46:Core/Src/gpio.c ****      PA10   ------> USB_OTG_FS_ID
  47:Core/Src/gpio.c ****      PA11   ------> USB_OTG_FS_DM
  48:Core/Src/gpio.c ****      PA12   ------> USB_OTG_FS_DP
  49:Core/Src/gpio.c **** */
  50:Core/Src/gpio.c **** void MX_GPIO_Init(void)
  51:Core/Src/gpio.c **** {
  29              		.loc 1 51 1 view -0
  30              		.cfi_startproc
  31              		@ args = 0, pretend = 0, frame = 48
  32              		@ frame_needed = 0, uses_anonymous_args = 0
  33 0000 2DE9F04F 		push	{r4, r5, r6, r7, r8, r9, r10, fp, lr}
  34              	.LCFI0:
  35              		.cfi_def_cfa_offset 36
  36              		.cfi_offset 4, -36
  37              		.cfi_offset 5, -32
  38              		.cfi_offset 6, -28
  39              		.cfi_offset 7, -24
  40              		.cfi_offset 8, -20
  41              		.cfi_offset 9, -16
  42              		.cfi_offset 10, -12
  43              		.cfi_offset 11, -8
  44              		.cfi_offset 14, -4
  45 0004 8DB0     		sub	sp, sp, #52
  46              	.LCFI1:
  47              		.cfi_def_cfa_offset 88
  52:Core/Src/gpio.c **** 
  53:Core/Src/gpio.c ****   GPIO_InitTypeDef GPIO_InitStruct = {0};
  48              		.loc 1 53 3 view .LVU1
  49              		.loc 1 53 20 is_stmt 0 view .LVU2
  50 0006 07AD     		add	r5, sp, #28
  51 0008 0024     		movs	r4, #0
  52 000a 0794     		str	r4, [sp, #28]
  53 000c 6C60     		str	r4, [r5, #4]
  54 000e AC60     		str	r4, [r5, #8]
  55 0010 EC60     		str	r4, [r5, #12]
  56 0012 2C61     		str	r4, [r5, #16]
  54:Core/Src/gpio.c **** 
  55:Core/Src/gpio.c ****   /* GPIO Ports Clock Enable */
  56:Core/Src/gpio.c ****   __HAL_RCC_GPIOE_CLK_ENABLE();
  57              		.loc 1 56 3 is_stmt 1 view .LVU3
  58              	.LBB2:
  59              		.loc 1 56 3 view .LVU4
ARM GAS  C:\Users\leogo\AppData\Local\Temp\cc7J4Yrf.s 			page 3


  60 0014 0194     		str	r4, [sp, #4]
  61              		.loc 1 56 3 view .LVU5
  62 0016 6E4B     		ldr	r3, .L3
  63 0018 1A6B     		ldr	r2, [r3, #48]
  64 001a 42F01002 		orr	r2, r2, #16
  65 001e 1A63     		str	r2, [r3, #48]
  66              		.loc 1 56 3 view .LVU6
  67 0020 1A6B     		ldr	r2, [r3, #48]
  68 0022 02F01002 		and	r2, r2, #16
  69 0026 0192     		str	r2, [sp, #4]
  70              		.loc 1 56 3 view .LVU7
  71 0028 019A     		ldr	r2, [sp, #4]
  72              	.LBE2:
  73              		.loc 1 56 3 view .LVU8
  57:Core/Src/gpio.c ****   __HAL_RCC_GPIOC_CLK_ENABLE();
  74              		.loc 1 57 3 view .LVU9
  75              	.LBB3:
  76              		.loc 1 57 3 view .LVU10
  77 002a 0294     		str	r4, [sp, #8]
  78              		.loc 1 57 3 view .LVU11
  79 002c 1A6B     		ldr	r2, [r3, #48]
  80 002e 42F00402 		orr	r2, r2, #4
  81 0032 1A63     		str	r2, [r3, #48]
  82              		.loc 1 57 3 view .LVU12
  83 0034 1A6B     		ldr	r2, [r3, #48]
  84 0036 02F00402 		and	r2, r2, #4
  85 003a 0292     		str	r2, [sp, #8]
  86              		.loc 1 57 3 view .LVU13
  87 003c 029A     		ldr	r2, [sp, #8]
  88              	.LBE3:
  89              		.loc 1 57 3 view .LVU14
  58:Core/Src/gpio.c ****   __HAL_RCC_GPIOH_CLK_ENABLE();
  90              		.loc 1 58 3 view .LVU15
  91              	.LBB4:
  92              		.loc 1 58 3 view .LVU16
  93 003e 0394     		str	r4, [sp, #12]
  94              		.loc 1 58 3 view .LVU17
  95 0040 1A6B     		ldr	r2, [r3, #48]
  96 0042 42F08002 		orr	r2, r2, #128
  97 0046 1A63     		str	r2, [r3, #48]
  98              		.loc 1 58 3 view .LVU18
  99 0048 1A6B     		ldr	r2, [r3, #48]
 100 004a 02F08002 		and	r2, r2, #128
 101 004e 0392     		str	r2, [sp, #12]
 102              		.loc 1 58 3 view .LVU19
 103 0050 039A     		ldr	r2, [sp, #12]
 104              	.LBE4:
 105              		.loc 1 58 3 view .LVU20
  59:Core/Src/gpio.c ****   __HAL_RCC_GPIOA_CLK_ENABLE();
 106              		.loc 1 59 3 view .LVU21
 107              	.LBB5:
 108              		.loc 1 59 3 view .LVU22
 109 0052 0494     		str	r4, [sp, #16]
 110              		.loc 1 59 3 view .LVU23
 111 0054 1A6B     		ldr	r2, [r3, #48]
 112 0056 42F00102 		orr	r2, r2, #1
 113 005a 1A63     		str	r2, [r3, #48]
ARM GAS  C:\Users\leogo\AppData\Local\Temp\cc7J4Yrf.s 			page 4


 114              		.loc 1 59 3 view .LVU24
 115 005c 1A6B     		ldr	r2, [r3, #48]
 116 005e 02F00102 		and	r2, r2, #1
 117 0062 0492     		str	r2, [sp, #16]
 118              		.loc 1 59 3 view .LVU25
 119 0064 049A     		ldr	r2, [sp, #16]
 120              	.LBE5:
 121              		.loc 1 59 3 view .LVU26
  60:Core/Src/gpio.c ****   __HAL_RCC_GPIOB_CLK_ENABLE();
 122              		.loc 1 60 3 view .LVU27
 123              	.LBB6:
 124              		.loc 1 60 3 view .LVU28
 125 0066 0594     		str	r4, [sp, #20]
 126              		.loc 1 60 3 view .LVU29
 127 0068 1A6B     		ldr	r2, [r3, #48]
 128 006a 42F00202 		orr	r2, r2, #2
 129 006e 1A63     		str	r2, [r3, #48]
 130              		.loc 1 60 3 view .LVU30
 131 0070 1A6B     		ldr	r2, [r3, #48]
 132 0072 02F00202 		and	r2, r2, #2
 133 0076 0592     		str	r2, [sp, #20]
 134              		.loc 1 60 3 view .LVU31
 135 0078 059A     		ldr	r2, [sp, #20]
 136              	.LBE6:
 137              		.loc 1 60 3 view .LVU32
  61:Core/Src/gpio.c ****   __HAL_RCC_GPIOD_CLK_ENABLE();
 138              		.loc 1 61 3 view .LVU33
 139              	.LBB7:
 140              		.loc 1 61 3 view .LVU34
 141 007a 0694     		str	r4, [sp, #24]
 142              		.loc 1 61 3 view .LVU35
 143 007c 1A6B     		ldr	r2, [r3, #48]
 144 007e 42F00802 		orr	r2, r2, #8
 145 0082 1A63     		str	r2, [r3, #48]
 146              		.loc 1 61 3 view .LVU36
 147 0084 1B6B     		ldr	r3, [r3, #48]
 148 0086 03F00803 		and	r3, r3, #8
 149 008a 0693     		str	r3, [sp, #24]
 150              		.loc 1 61 3 view .LVU37
 151 008c 069B     		ldr	r3, [sp, #24]
 152              	.LBE7:
 153              		.loc 1 61 3 view .LVU38
  62:Core/Src/gpio.c **** 
  63:Core/Src/gpio.c ****   /*Configure GPIO pin Output Level */
  64:Core/Src/gpio.c ****   HAL_GPIO_WritePin(CS_I2C_SPI_GPIO_Port, CS_I2C_SPI_Pin, GPIO_PIN_RESET);
 154              		.loc 1 64 3 view .LVU39
 155 008e DFF844A1 		ldr	r10, .L3+4
 156 0092 2246     		mov	r2, r4
 157 0094 0821     		movs	r1, #8
 158 0096 5046     		mov	r0, r10
 159 0098 FFF7FEFF 		bl	HAL_GPIO_WritePin
 160              	.LVL0:
  65:Core/Src/gpio.c **** 
  66:Core/Src/gpio.c ****   /*Configure GPIO pin Output Level */
  67:Core/Src/gpio.c ****   HAL_GPIO_WritePin(OTG_FS_PowerSwitchOn_GPIO_Port, OTG_FS_PowerSwitchOn_Pin, GPIO_PIN_SET);
 161              		.loc 1 67 3 view .LVU40
 162 009c DFF83891 		ldr	r9, .L3+8
ARM GAS  C:\Users\leogo\AppData\Local\Temp\cc7J4Yrf.s 			page 5


 163 00a0 0122     		movs	r2, #1
 164 00a2 1146     		mov	r1, r2
 165 00a4 4846     		mov	r0, r9
 166 00a6 FFF7FEFF 		bl	HAL_GPIO_WritePin
 167              	.LVL1:
  68:Core/Src/gpio.c **** 
  69:Core/Src/gpio.c ****   /*Configure GPIO pin Output Level */
  70:Core/Src/gpio.c ****   HAL_GPIO_WritePin(GPIOD, LD4_Pin|LD3_Pin|LD5_Pin|LD6_Pin
 168              		.loc 1 70 3 view .LVU41
 169 00aa DFF830B1 		ldr	fp, .L3+12
 170 00ae 2246     		mov	r2, r4
 171 00b0 4FF21F01 		movw	r1, #61471
 172 00b4 5846     		mov	r0, fp
 173 00b6 FFF7FEFF 		bl	HAL_GPIO_WritePin
 174              	.LVL2:
  71:Core/Src/gpio.c ****                           |GPIO_PIN_0|GPIO_PIN_1|GPIO_PIN_2|GPIO_PIN_3
  72:Core/Src/gpio.c ****                           |Audio_RST_Pin, GPIO_PIN_RESET);
  73:Core/Src/gpio.c **** 
  74:Core/Src/gpio.c ****   /*Configure GPIO pin Output Level */
  75:Core/Src/gpio.c ****   HAL_GPIO_WritePin(GPIOB, GPIO_PIN_4, GPIO_PIN_RESET);
 175              		.loc 1 75 3 view .LVU42
 176 00ba DFF82481 		ldr	r8, .L3+16
 177 00be 2246     		mov	r2, r4
 178 00c0 1021     		movs	r1, #16
 179 00c2 4046     		mov	r0, r8
 180 00c4 FFF7FEFF 		bl	HAL_GPIO_WritePin
 181              	.LVL3:
  76:Core/Src/gpio.c **** 
  77:Core/Src/gpio.c ****   /*Configure GPIO pin : CS_I2C_SPI_Pin */
  78:Core/Src/gpio.c ****   GPIO_InitStruct.Pin = CS_I2C_SPI_Pin;
 182              		.loc 1 78 3 view .LVU43
 183              		.loc 1 78 23 is_stmt 0 view .LVU44
 184 00c8 0827     		movs	r7, #8
 185 00ca 0797     		str	r7, [sp, #28]
  79:Core/Src/gpio.c ****   GPIO_InitStruct.Mode = GPIO_MODE_OUTPUT_PP;
 186              		.loc 1 79 3 is_stmt 1 view .LVU45
 187              		.loc 1 79 24 is_stmt 0 view .LVU46
 188 00cc 0126     		movs	r6, #1
 189 00ce 0896     		str	r6, [sp, #32]
  80:Core/Src/gpio.c ****   GPIO_InitStruct.Pull = GPIO_NOPULL;
 190              		.loc 1 80 3 is_stmt 1 view .LVU47
 191              		.loc 1 80 24 is_stmt 0 view .LVU48
 192 00d0 0994     		str	r4, [sp, #36]
  81:Core/Src/gpio.c ****   GPIO_InitStruct.Speed = GPIO_SPEED_FREQ_LOW;
 193              		.loc 1 81 3 is_stmt 1 view .LVU49
 194              		.loc 1 81 25 is_stmt 0 view .LVU50
 195 00d2 0A94     		str	r4, [sp, #40]
  82:Core/Src/gpio.c ****   HAL_GPIO_Init(CS_I2C_SPI_GPIO_Port, &GPIO_InitStruct);
 196              		.loc 1 82 3 is_stmt 1 view .LVU51
 197 00d4 2946     		mov	r1, r5
 198 00d6 5046     		mov	r0, r10
 199 00d8 FFF7FEFF 		bl	HAL_GPIO_Init
 200              	.LVL4:
  83:Core/Src/gpio.c **** 
  84:Core/Src/gpio.c ****   /*Configure GPIO pin : OTG_FS_PowerSwitchOn_Pin */
  85:Core/Src/gpio.c ****   GPIO_InitStruct.Pin = OTG_FS_PowerSwitchOn_Pin;
 201              		.loc 1 85 3 view .LVU52
ARM GAS  C:\Users\leogo\AppData\Local\Temp\cc7J4Yrf.s 			page 6


 202              		.loc 1 85 23 is_stmt 0 view .LVU53
 203 00dc 0796     		str	r6, [sp, #28]
  86:Core/Src/gpio.c ****   GPIO_InitStruct.Mode = GPIO_MODE_OUTPUT_PP;
 204              		.loc 1 86 3 is_stmt 1 view .LVU54
 205              		.loc 1 86 24 is_stmt 0 view .LVU55
 206 00de 0896     		str	r6, [sp, #32]
  87:Core/Src/gpio.c ****   GPIO_InitStruct.Pull = GPIO_NOPULL;
 207              		.loc 1 87 3 is_stmt 1 view .LVU56
 208              		.loc 1 87 24 is_stmt 0 view .LVU57
 209 00e0 0994     		str	r4, [sp, #36]
  88:Core/Src/gpio.c ****   GPIO_InitStruct.Speed = GPIO_SPEED_FREQ_LOW;
 210              		.loc 1 88 3 is_stmt 1 view .LVU58
 211              		.loc 1 88 25 is_stmt 0 view .LVU59
 212 00e2 0A94     		str	r4, [sp, #40]
  89:Core/Src/gpio.c ****   HAL_GPIO_Init(OTG_FS_PowerSwitchOn_GPIO_Port, &GPIO_InitStruct);
 213              		.loc 1 89 3 is_stmt 1 view .LVU60
 214 00e4 2946     		mov	r1, r5
 215 00e6 4846     		mov	r0, r9
 216 00e8 FFF7FEFF 		bl	HAL_GPIO_Init
 217              	.LVL5:
  90:Core/Src/gpio.c **** 
  91:Core/Src/gpio.c ****   /*Configure GPIO pin : PDM_OUT_Pin */
  92:Core/Src/gpio.c ****   GPIO_InitStruct.Pin = PDM_OUT_Pin;
 218              		.loc 1 92 3 view .LVU61
 219              		.loc 1 92 23 is_stmt 0 view .LVU62
 220 00ec 0797     		str	r7, [sp, #28]
  93:Core/Src/gpio.c ****   GPIO_InitStruct.Mode = GPIO_MODE_AF_PP;
 221              		.loc 1 93 3 is_stmt 1 view .LVU63
 222              		.loc 1 93 24 is_stmt 0 view .LVU64
 223 00ee 0227     		movs	r7, #2
 224 00f0 0897     		str	r7, [sp, #32]
  94:Core/Src/gpio.c ****   GPIO_InitStruct.Pull = GPIO_NOPULL;
 225              		.loc 1 94 3 is_stmt 1 view .LVU65
 226              		.loc 1 94 24 is_stmt 0 view .LVU66
 227 00f2 0994     		str	r4, [sp, #36]
  95:Core/Src/gpio.c ****   GPIO_InitStruct.Speed = GPIO_SPEED_FREQ_LOW;
 228              		.loc 1 95 3 is_stmt 1 view .LVU67
 229              		.loc 1 95 25 is_stmt 0 view .LVU68
 230 00f4 0A94     		str	r4, [sp, #40]
  96:Core/Src/gpio.c ****   GPIO_InitStruct.Alternate = GPIO_AF5_SPI2;
 231              		.loc 1 96 3 is_stmt 1 view .LVU69
 232              		.loc 1 96 29 is_stmt 0 view .LVU70
 233 00f6 0523     		movs	r3, #5
 234 00f8 0B93     		str	r3, [sp, #44]
  97:Core/Src/gpio.c ****   HAL_GPIO_Init(PDM_OUT_GPIO_Port, &GPIO_InitStruct);
 235              		.loc 1 97 3 is_stmt 1 view .LVU71
 236 00fa 2946     		mov	r1, r5
 237 00fc 4846     		mov	r0, r9
 238 00fe FFF7FEFF 		bl	HAL_GPIO_Init
 239              	.LVL6:
  98:Core/Src/gpio.c **** 
  99:Core/Src/gpio.c ****   /*Configure GPIO pin : B1_Pin */
 100:Core/Src/gpio.c ****   GPIO_InitStruct.Pin = B1_Pin;
 240              		.loc 1 100 3 view .LVU72
 241              		.loc 1 100 23 is_stmt 0 view .LVU73
 242 0102 0796     		str	r6, [sp, #28]
 101:Core/Src/gpio.c ****   GPIO_InitStruct.Mode = GPIO_MODE_EVT_RISING;
ARM GAS  C:\Users\leogo\AppData\Local\Temp\cc7J4Yrf.s 			page 7


 243              		.loc 1 101 3 is_stmt 1 view .LVU74
 244              		.loc 1 101 24 is_stmt 0 view .LVU75
 245 0104 4FF49012 		mov	r2, #1179648
 246 0108 0892     		str	r2, [sp, #32]
 102:Core/Src/gpio.c ****   GPIO_InitStruct.Pull = GPIO_NOPULL;
 247              		.loc 1 102 3 is_stmt 1 view .LVU76
 248              		.loc 1 102 24 is_stmt 0 view .LVU77
 249 010a 0994     		str	r4, [sp, #36]
 103:Core/Src/gpio.c ****   HAL_GPIO_Init(B1_GPIO_Port, &GPIO_InitStruct);
 250              		.loc 1 103 3 is_stmt 1 view .LVU78
 251 010c A9F50069 		sub	r9, r9, #2048
 252 0110 2946     		mov	r1, r5
 253 0112 4846     		mov	r0, r9
 254 0114 FFF7FEFF 		bl	HAL_GPIO_Init
 255              	.LVL7:
 104:Core/Src/gpio.c **** 
 105:Core/Src/gpio.c ****   /*Configure GPIO pins : PA2 PA3 */
 106:Core/Src/gpio.c ****   GPIO_InitStruct.Pin = GPIO_PIN_2|GPIO_PIN_3;
 256              		.loc 1 106 3 view .LVU79
 257              		.loc 1 106 23 is_stmt 0 view .LVU80
 258 0118 0C23     		movs	r3, #12
 259 011a 0793     		str	r3, [sp, #28]
 107:Core/Src/gpio.c ****   GPIO_InitStruct.Mode = GPIO_MODE_AF_PP;
 260              		.loc 1 107 3 is_stmt 1 view .LVU81
 261              		.loc 1 107 24 is_stmt 0 view .LVU82
 262 011c 0897     		str	r7, [sp, #32]
 108:Core/Src/gpio.c ****   GPIO_InitStruct.Pull = GPIO_NOPULL;
 263              		.loc 1 108 3 is_stmt 1 view .LVU83
 264              		.loc 1 108 24 is_stmt 0 view .LVU84
 265 011e 0994     		str	r4, [sp, #36]
 109:Core/Src/gpio.c ****   GPIO_InitStruct.Speed = GPIO_SPEED_FREQ_VERY_HIGH;
 266              		.loc 1 109 3 is_stmt 1 view .LVU85
 267              		.loc 1 109 25 is_stmt 0 view .LVU86
 268 0120 0323     		movs	r3, #3
 269 0122 0A93     		str	r3, [sp, #40]
 110:Core/Src/gpio.c ****   GPIO_InitStruct.Alternate = GPIO_AF7_USART2;
 270              		.loc 1 110 3 is_stmt 1 view .LVU87
 271              		.loc 1 110 29 is_stmt 0 view .LVU88
 272 0124 0723     		movs	r3, #7
 273 0126 0B93     		str	r3, [sp, #44]
 111:Core/Src/gpio.c ****   HAL_GPIO_Init(GPIOA, &GPIO_InitStruct);
 274              		.loc 1 111 3 is_stmt 1 view .LVU89
 275 0128 2946     		mov	r1, r5
 276 012a 4846     		mov	r0, r9
 277 012c FFF7FEFF 		bl	HAL_GPIO_Init
 278              	.LVL8:
 112:Core/Src/gpio.c **** 
 113:Core/Src/gpio.c ****   /*Configure GPIO pins : BOOT1_Pin PB5 */
 114:Core/Src/gpio.c ****   GPIO_InitStruct.Pin = BOOT1_Pin|GPIO_PIN_5;
 279              		.loc 1 114 3 view .LVU90
 280              		.loc 1 114 23 is_stmt 0 view .LVU91
 281 0130 2423     		movs	r3, #36
 282 0132 0793     		str	r3, [sp, #28]
 115:Core/Src/gpio.c ****   GPIO_InitStruct.Mode = GPIO_MODE_INPUT;
 283              		.loc 1 115 3 is_stmt 1 view .LVU92
 284              		.loc 1 115 24 is_stmt 0 view .LVU93
 285 0134 0894     		str	r4, [sp, #32]
ARM GAS  C:\Users\leogo\AppData\Local\Temp\cc7J4Yrf.s 			page 8


 116:Core/Src/gpio.c ****   GPIO_InitStruct.Pull = GPIO_NOPULL;
 286              		.loc 1 116 3 is_stmt 1 view .LVU94
 287              		.loc 1 116 24 is_stmt 0 view .LVU95
 288 0136 0994     		str	r4, [sp, #36]
 117:Core/Src/gpio.c ****   HAL_GPIO_Init(GPIOB, &GPIO_InitStruct);
 289              		.loc 1 117 3 is_stmt 1 view .LVU96
 290 0138 2946     		mov	r1, r5
 291 013a 4046     		mov	r0, r8
 292 013c FFF7FEFF 		bl	HAL_GPIO_Init
 293              	.LVL9:
 118:Core/Src/gpio.c **** 
 119:Core/Src/gpio.c ****   /*Configure GPIO pin : CLK_IN_Pin */
 120:Core/Src/gpio.c ****   GPIO_InitStruct.Pin = CLK_IN_Pin;
 294              		.loc 1 120 3 view .LVU97
 295              		.loc 1 120 23 is_stmt 0 view .LVU98
 296 0140 4FF48063 		mov	r3, #1024
 297 0144 0793     		str	r3, [sp, #28]
 121:Core/Src/gpio.c ****   GPIO_InitStruct.Mode = GPIO_MODE_AF_PP;
 298              		.loc 1 121 3 is_stmt 1 view .LVU99
 299              		.loc 1 121 24 is_stmt 0 view .LVU100
 300 0146 0897     		str	r7, [sp, #32]
 122:Core/Src/gpio.c ****   GPIO_InitStruct.Pull = GPIO_NOPULL;
 301              		.loc 1 122 3 is_stmt 1 view .LVU101
 302              		.loc 1 122 24 is_stmt 0 view .LVU102
 303 0148 0994     		str	r4, [sp, #36]
 123:Core/Src/gpio.c ****   GPIO_InitStruct.Speed = GPIO_SPEED_FREQ_LOW;
 304              		.loc 1 123 3 is_stmt 1 view .LVU103
 305              		.loc 1 123 25 is_stmt 0 view .LVU104
 306 014a 0A94     		str	r4, [sp, #40]
 124:Core/Src/gpio.c ****   GPIO_InitStruct.Alternate = GPIO_AF5_SPI2;
 307              		.loc 1 124 3 is_stmt 1 view .LVU105
 308              		.loc 1 124 29 is_stmt 0 view .LVU106
 309 014c 0523     		movs	r3, #5
 310 014e 0B93     		str	r3, [sp, #44]
 125:Core/Src/gpio.c ****   HAL_GPIO_Init(CLK_IN_GPIO_Port, &GPIO_InitStruct);
 311              		.loc 1 125 3 is_stmt 1 view .LVU107
 312 0150 2946     		mov	r1, r5
 313 0152 4046     		mov	r0, r8
 314 0154 FFF7FEFF 		bl	HAL_GPIO_Init
 315              	.LVL10:
 126:Core/Src/gpio.c **** 
 127:Core/Src/gpio.c ****   /*Configure GPIO pins : LD4_Pin LD3_Pin LD5_Pin LD6_Pin
 128:Core/Src/gpio.c ****                            PD0 PD1 PD2 PD3
 129:Core/Src/gpio.c ****                            Audio_RST_Pin */
 130:Core/Src/gpio.c ****   GPIO_InitStruct.Pin = LD4_Pin|LD3_Pin|LD5_Pin|LD6_Pin
 316              		.loc 1 130 3 view .LVU108
 317              		.loc 1 130 23 is_stmt 0 view .LVU109
 318 0158 4FF21F03 		movw	r3, #61471
 319 015c 0793     		str	r3, [sp, #28]
 131:Core/Src/gpio.c ****                           |GPIO_PIN_0|GPIO_PIN_1|GPIO_PIN_2|GPIO_PIN_3
 132:Core/Src/gpio.c ****                           |Audio_RST_Pin;
 133:Core/Src/gpio.c ****   GPIO_InitStruct.Mode = GPIO_MODE_OUTPUT_PP;
 320              		.loc 1 133 3 is_stmt 1 view .LVU110
 321              		.loc 1 133 24 is_stmt 0 view .LVU111
 322 015e 0896     		str	r6, [sp, #32]
 134:Core/Src/gpio.c ****   GPIO_InitStruct.Pull = GPIO_NOPULL;
 323              		.loc 1 134 3 is_stmt 1 view .LVU112
ARM GAS  C:\Users\leogo\AppData\Local\Temp\cc7J4Yrf.s 			page 9


 324              		.loc 1 134 24 is_stmt 0 view .LVU113
 325 0160 0994     		str	r4, [sp, #36]
 135:Core/Src/gpio.c ****   GPIO_InitStruct.Speed = GPIO_SPEED_FREQ_LOW;
 326              		.loc 1 135 3 is_stmt 1 view .LVU114
 327              		.loc 1 135 25 is_stmt 0 view .LVU115
 328 0162 0A94     		str	r4, [sp, #40]
 136:Core/Src/gpio.c ****   HAL_GPIO_Init(GPIOD, &GPIO_InitStruct);
 329              		.loc 1 136 3 is_stmt 1 view .LVU116
 330 0164 2946     		mov	r1, r5
 331 0166 5846     		mov	r0, fp
 332 0168 FFF7FEFF 		bl	HAL_GPIO_Init
 333              	.LVL11:
 137:Core/Src/gpio.c **** 
 138:Core/Src/gpio.c ****   /*Configure GPIO pin : VBUS_FS_Pin */
 139:Core/Src/gpio.c ****   GPIO_InitStruct.Pin = VBUS_FS_Pin;
 334              		.loc 1 139 3 view .LVU117
 335              		.loc 1 139 23 is_stmt 0 view .LVU118
 336 016c 4FF40073 		mov	r3, #512
 337 0170 0793     		str	r3, [sp, #28]
 140:Core/Src/gpio.c ****   GPIO_InitStruct.Mode = GPIO_MODE_INPUT;
 338              		.loc 1 140 3 is_stmt 1 view .LVU119
 339              		.loc 1 140 24 is_stmt 0 view .LVU120
 340 0172 0894     		str	r4, [sp, #32]
 141:Core/Src/gpio.c ****   GPIO_InitStruct.Pull = GPIO_NOPULL;
 341              		.loc 1 141 3 is_stmt 1 view .LVU121
 342              		.loc 1 141 24 is_stmt 0 view .LVU122
 343 0174 0994     		str	r4, [sp, #36]
 142:Core/Src/gpio.c ****   HAL_GPIO_Init(VBUS_FS_GPIO_Port, &GPIO_InitStruct);
 344              		.loc 1 142 3 is_stmt 1 view .LVU123
 345 0176 2946     		mov	r1, r5
 346 0178 4846     		mov	r0, r9
 347 017a FFF7FEFF 		bl	HAL_GPIO_Init
 348              	.LVL12:
 143:Core/Src/gpio.c **** 
 144:Core/Src/gpio.c ****   /*Configure GPIO pins : OTG_FS_ID_Pin OTG_FS_DM_Pin OTG_FS_DP_Pin */
 145:Core/Src/gpio.c ****   GPIO_InitStruct.Pin = OTG_FS_ID_Pin|OTG_FS_DM_Pin|OTG_FS_DP_Pin;
 349              		.loc 1 145 3 view .LVU124
 350              		.loc 1 145 23 is_stmt 0 view .LVU125
 351 017e 4FF4E053 		mov	r3, #7168
 352 0182 0793     		str	r3, [sp, #28]
 146:Core/Src/gpio.c ****   GPIO_InitStruct.Mode = GPIO_MODE_AF_PP;
 353              		.loc 1 146 3 is_stmt 1 view .LVU126
 354              		.loc 1 146 24 is_stmt 0 view .LVU127
 355 0184 0897     		str	r7, [sp, #32]
 147:Core/Src/gpio.c ****   GPIO_InitStruct.Pull = GPIO_NOPULL;
 356              		.loc 1 147 3 is_stmt 1 view .LVU128
 357              		.loc 1 147 24 is_stmt 0 view .LVU129
 358 0186 0994     		str	r4, [sp, #36]
 148:Core/Src/gpio.c ****   GPIO_InitStruct.Speed = GPIO_SPEED_FREQ_LOW;
 359              		.loc 1 148 3 is_stmt 1 view .LVU130
 360              		.loc 1 148 25 is_stmt 0 view .LVU131
 361 0188 0A94     		str	r4, [sp, #40]
 149:Core/Src/gpio.c ****   GPIO_InitStruct.Alternate = GPIO_AF10_OTG_FS;
 362              		.loc 1 149 3 is_stmt 1 view .LVU132
 363              		.loc 1 149 29 is_stmt 0 view .LVU133
 364 018a 0A23     		movs	r3, #10
 365 018c 0B93     		str	r3, [sp, #44]
ARM GAS  C:\Users\leogo\AppData\Local\Temp\cc7J4Yrf.s 			page 10


 150:Core/Src/gpio.c ****   HAL_GPIO_Init(GPIOA, &GPIO_InitStruct);
 366              		.loc 1 150 3 is_stmt 1 view .LVU134
 367 018e 2946     		mov	r1, r5
 368 0190 4846     		mov	r0, r9
 369 0192 FFF7FEFF 		bl	HAL_GPIO_Init
 370              	.LVL13:
 151:Core/Src/gpio.c **** 
 152:Core/Src/gpio.c ****   /*Configure GPIO pin : OTG_FS_OverCurrent_Pin */
 153:Core/Src/gpio.c ****   GPIO_InitStruct.Pin = OTG_FS_OverCurrent_Pin;
 371              		.loc 1 153 3 view .LVU135
 372              		.loc 1 153 23 is_stmt 0 view .LVU136
 373 0196 2023     		movs	r3, #32
 374 0198 0793     		str	r3, [sp, #28]
 154:Core/Src/gpio.c ****   GPIO_InitStruct.Mode = GPIO_MODE_INPUT;
 375              		.loc 1 154 3 is_stmt 1 view .LVU137
 376              		.loc 1 154 24 is_stmt 0 view .LVU138
 377 019a 0894     		str	r4, [sp, #32]
 155:Core/Src/gpio.c ****   GPIO_InitStruct.Pull = GPIO_NOPULL;
 378              		.loc 1 155 3 is_stmt 1 view .LVU139
 379              		.loc 1 155 24 is_stmt 0 view .LVU140
 380 019c 0994     		str	r4, [sp, #36]
 156:Core/Src/gpio.c ****   HAL_GPIO_Init(OTG_FS_OverCurrent_GPIO_Port, &GPIO_InitStruct);
 381              		.loc 1 156 3 is_stmt 1 view .LVU141
 382 019e 2946     		mov	r1, r5
 383 01a0 5846     		mov	r0, fp
 384 01a2 FFF7FEFF 		bl	HAL_GPIO_Init
 385              	.LVL14:
 157:Core/Src/gpio.c **** 
 158:Core/Src/gpio.c ****   /*Configure GPIO pin : PB4 */
 159:Core/Src/gpio.c ****   GPIO_InitStruct.Pin = GPIO_PIN_4;
 386              		.loc 1 159 3 view .LVU142
 387              		.loc 1 159 23 is_stmt 0 view .LVU143
 388 01a6 1023     		movs	r3, #16
 389 01a8 0793     		str	r3, [sp, #28]
 160:Core/Src/gpio.c ****   GPIO_InitStruct.Mode = GPIO_MODE_OUTPUT_PP;
 390              		.loc 1 160 3 is_stmt 1 view .LVU144
 391              		.loc 1 160 24 is_stmt 0 view .LVU145
 392 01aa 0896     		str	r6, [sp, #32]
 161:Core/Src/gpio.c ****   GPIO_InitStruct.Pull = GPIO_NOPULL;
 393              		.loc 1 161 3 is_stmt 1 view .LVU146
 394              		.loc 1 161 24 is_stmt 0 view .LVU147
 395 01ac 0994     		str	r4, [sp, #36]
 162:Core/Src/gpio.c ****   GPIO_InitStruct.Speed = GPIO_SPEED_FREQ_LOW;
 396              		.loc 1 162 3 is_stmt 1 view .LVU148
 397              		.loc 1 162 25 is_stmt 0 view .LVU149
 398 01ae 0A94     		str	r4, [sp, #40]
 163:Core/Src/gpio.c ****   HAL_GPIO_Init(GPIOB, &GPIO_InitStruct);
 399              		.loc 1 163 3 is_stmt 1 view .LVU150
 400 01b0 2946     		mov	r1, r5
 401 01b2 4046     		mov	r0, r8
 402 01b4 FFF7FEFF 		bl	HAL_GPIO_Init
 403              	.LVL15:
 164:Core/Src/gpio.c **** 
 165:Core/Src/gpio.c ****   /*Configure GPIO pin : MEMS_INT2_Pin */
 166:Core/Src/gpio.c ****   GPIO_InitStruct.Pin = MEMS_INT2_Pin;
 404              		.loc 1 166 3 view .LVU151
 405              		.loc 1 166 23 is_stmt 0 view .LVU152
ARM GAS  C:\Users\leogo\AppData\Local\Temp\cc7J4Yrf.s 			page 11


 406 01b8 0797     		str	r7, [sp, #28]
 167:Core/Src/gpio.c ****   GPIO_InitStruct.Mode = GPIO_MODE_EVT_RISING;
 407              		.loc 1 167 3 is_stmt 1 view .LVU153
 408              		.loc 1 167 24 is_stmt 0 view .LVU154
 409 01ba 4FF49012 		mov	r2, #1179648
 410 01be 0892     		str	r2, [sp, #32]
 168:Core/Src/gpio.c ****   GPIO_InitStruct.Pull = GPIO_NOPULL;
 411              		.loc 1 168 3 is_stmt 1 view .LVU155
 412              		.loc 1 168 24 is_stmt 0 view .LVU156
 413 01c0 0994     		str	r4, [sp, #36]
 169:Core/Src/gpio.c ****   HAL_GPIO_Init(MEMS_INT2_GPIO_Port, &GPIO_InitStruct);
 414              		.loc 1 169 3 is_stmt 1 view .LVU157
 415 01c2 2946     		mov	r1, r5
 416 01c4 5046     		mov	r0, r10
 417 01c6 FFF7FEFF 		bl	HAL_GPIO_Init
 418              	.LVL16:
 170:Core/Src/gpio.c **** 
 171:Core/Src/gpio.c **** }
 419              		.loc 1 171 1 is_stmt 0 view .LVU158
 420 01ca 0DB0     		add	sp, sp, #52
 421              	.LCFI2:
 422              		.cfi_def_cfa_offset 36
 423              		@ sp needed
 424 01cc BDE8F08F 		pop	{r4, r5, r6, r7, r8, r9, r10, fp, pc}
 425              	.L4:
 426              		.align	2
 427              	.L3:
 428 01d0 00380240 		.word	1073887232
 429 01d4 00100240 		.word	1073876992
 430 01d8 00080240 		.word	1073874944
 431 01dc 000C0240 		.word	1073875968
 432 01e0 00040240 		.word	1073873920
 433              		.cfi_endproc
 434              	.LFE134:
 436              		.text
 437              	.Letext0:
 438              		.file 2 "C:\\ST\\STM32CubeIDE_2.1.1\\STM32CubeIDE\\plugins\\com.st.stm32cube.ide.mcu.externaltools
 439              		.file 3 "C:\\ST\\STM32CubeIDE_2.1.1\\STM32CubeIDE\\plugins\\com.st.stm32cube.ide.mcu.externaltools
 440              		.file 4 "Drivers/CMSIS/Device/ST/STM32F4xx/Include/stm32f407xx.h"
 441              		.file 5 "Drivers/STM32F4xx_HAL_Driver/Inc/stm32f4xx_hal_gpio.h"
ARM GAS  C:\Users\leogo\AppData\Local\Temp\cc7J4Yrf.s 			page 12


DEFINED SYMBOLS
                            *ABS*:00000000 gpio.c
C:\Users\leogo\AppData\Local\Temp\cc7J4Yrf.s:21     .text.MX_GPIO_Init:00000000 $t
C:\Users\leogo\AppData\Local\Temp\cc7J4Yrf.s:27     .text.MX_GPIO_Init:00000000 MX_GPIO_Init
C:\Users\leogo\AppData\Local\Temp\cc7J4Yrf.s:428    .text.MX_GPIO_Init:000001d0 $d

UNDEFINED SYMBOLS
HAL_GPIO_WritePin
HAL_GPIO_Init
