ARM GAS  C:\Users\santi\AppData\Local\Temp\cc6l7sFP.s 			page 1


   1              		.cpu cortex-m4
   2              		.arch armv7e-m
   3              		.fpu fpv4-sp-d16
   4              		.eabi_attribute 27, 1
   5              		.eabi_attribute 28, 1
   6              		.eabi_attribute 20, 1
   7              		.eabi_attribute 21, 1
   8              		.eabi_attribute 23, 3
   9              		.eabi_attribute 24, 1
  10              		.eabi_attribute 25, 1
  11              		.eabi_attribute 26, 1
  12              		.eabi_attribute 30, 1
  13              		.eabi_attribute 34, 1
  14              		.eabi_attribute 18, 4
  15              		.file	"tim.c"
  16              		.text
  17              	.Ltext0:
  18              		.cfi_sections	.debug_frame
  19              		.file 1 "Core/Src/tim.c"
  20              		.section	.text.MX_TIM2_Init,"ax",%progbits
  21              		.align	1
  22              		.global	MX_TIM2_Init
  23              		.syntax unified
  24              		.thumb
  25              		.thumb_func
  27              	MX_TIM2_Init:
  28              	.LFB134:
   1:Core/Src/tim.c **** /* USER CODE BEGIN Header */
   2:Core/Src/tim.c **** /**
   3:Core/Src/tim.c ****   ******************************************************************************
   4:Core/Src/tim.c ****   * @file    tim.c
   5:Core/Src/tim.c ****   * @brief   This file provides code for the configuration
   6:Core/Src/tim.c ****   *          of the TIM instances.
   7:Core/Src/tim.c ****   ******************************************************************************
   8:Core/Src/tim.c ****   * @attention
   9:Core/Src/tim.c ****   *
  10:Core/Src/tim.c ****   * Copyright (c) 2026 STMicroelectronics.
  11:Core/Src/tim.c ****   * All rights reserved.
  12:Core/Src/tim.c ****   *
  13:Core/Src/tim.c ****   * This software is licensed under terms that can be found in the LICENSE file
  14:Core/Src/tim.c ****   * in the root directory of this software component.
  15:Core/Src/tim.c ****   * If no LICENSE file comes with this software, it is provided AS-IS.
  16:Core/Src/tim.c ****   *
  17:Core/Src/tim.c ****   ******************************************************************************
  18:Core/Src/tim.c ****   */
  19:Core/Src/tim.c **** /* USER CODE END Header */
  20:Core/Src/tim.c **** /* Includes ------------------------------------------------------------------*/
  21:Core/Src/tim.c **** #include "tim.h"
  22:Core/Src/tim.c **** 
  23:Core/Src/tim.c **** /* USER CODE BEGIN 0 */
  24:Core/Src/tim.c **** 
  25:Core/Src/tim.c **** /* USER CODE END 0 */
  26:Core/Src/tim.c **** 
  27:Core/Src/tim.c **** TIM_HandleTypeDef htim2;
  28:Core/Src/tim.c **** TIM_HandleTypeDef htim4;
  29:Core/Src/tim.c **** 
  30:Core/Src/tim.c **** /* TIM2 init function */
ARM GAS  C:\Users\santi\AppData\Local\Temp\cc6l7sFP.s 			page 2


  31:Core/Src/tim.c **** void MX_TIM2_Init(void)
  32:Core/Src/tim.c **** {
  29              		.loc 1 32 1 view -0
  30              		.cfi_startproc
  31              		@ args = 0, pretend = 0, frame = 24
  32              		@ frame_needed = 0, uses_anonymous_args = 0
  33 0000 00B5     		push	{lr}
  34              	.LCFI0:
  35              		.cfi_def_cfa_offset 4
  36              		.cfi_offset 14, -4
  37 0002 87B0     		sub	sp, sp, #28
  38              	.LCFI1:
  39              		.cfi_def_cfa_offset 32
  33:Core/Src/tim.c **** 
  34:Core/Src/tim.c ****   /* USER CODE BEGIN TIM2_Init 0 */
  35:Core/Src/tim.c **** 
  36:Core/Src/tim.c ****   /* USER CODE END TIM2_Init 0 */
  37:Core/Src/tim.c **** 
  38:Core/Src/tim.c ****   TIM_ClockConfigTypeDef sClockSourceConfig = {0};
  40              		.loc 1 38 3 view .LVU1
  41              		.loc 1 38 26 is_stmt 0 view .LVU2
  42 0004 0023     		movs	r3, #0
  43 0006 0293     		str	r3, [sp, #8]
  44 0008 0393     		str	r3, [sp, #12]
  45 000a 0493     		str	r3, [sp, #16]
  46 000c 0593     		str	r3, [sp, #20]
  39:Core/Src/tim.c ****   TIM_MasterConfigTypeDef sMasterConfig = {0};
  47              		.loc 1 39 3 is_stmt 1 view .LVU3
  48              		.loc 1 39 27 is_stmt 0 view .LVU4
  49 000e 0093     		str	r3, [sp]
  50 0010 0193     		str	r3, [sp, #4]
  40:Core/Src/tim.c **** 
  41:Core/Src/tim.c ****   /* USER CODE BEGIN TIM2_Init 1 */
  42:Core/Src/tim.c **** 
  43:Core/Src/tim.c ****   /* USER CODE END TIM2_Init 1 */
  44:Core/Src/tim.c ****   htim2.Instance = TIM2;
  51              		.loc 1 44 3 is_stmt 1 view .LVU5
  52              		.loc 1 44 18 is_stmt 0 view .LVU6
  53 0012 1548     		ldr	r0, .L9
  54 0014 4FF08042 		mov	r2, #1073741824
  55 0018 0260     		str	r2, [r0]
  45:Core/Src/tim.c ****   htim2.Init.Prescaler = 83;
  56              		.loc 1 45 3 is_stmt 1 view .LVU7
  57              		.loc 1 45 24 is_stmt 0 view .LVU8
  58 001a 5322     		movs	r2, #83
  59 001c 4260     		str	r2, [r0, #4]
  46:Core/Src/tim.c ****   htim2.Init.CounterMode = TIM_COUNTERMODE_UP;
  60              		.loc 1 46 3 is_stmt 1 view .LVU9
  61              		.loc 1 46 26 is_stmt 0 view .LVU10
  62 001e 8360     		str	r3, [r0, #8]
  47:Core/Src/tim.c ****   htim2.Init.Period = 4294967295;
  63              		.loc 1 47 3 is_stmt 1 view .LVU11
  64              		.loc 1 47 21 is_stmt 0 view .LVU12
  65 0020 4FF0FF32 		mov	r2, #-1
  66 0024 C260     		str	r2, [r0, #12]
  48:Core/Src/tim.c ****   htim2.Init.ClockDivision = TIM_CLOCKDIVISION_DIV1;
  67              		.loc 1 48 3 is_stmt 1 view .LVU13
ARM GAS  C:\Users\santi\AppData\Local\Temp\cc6l7sFP.s 			page 3


  68              		.loc 1 48 28 is_stmt 0 view .LVU14
  69 0026 0361     		str	r3, [r0, #16]
  49:Core/Src/tim.c ****   htim2.Init.AutoReloadPreload = TIM_AUTORELOAD_PRELOAD_DISABLE;
  70              		.loc 1 49 3 is_stmt 1 view .LVU15
  71              		.loc 1 49 32 is_stmt 0 view .LVU16
  72 0028 8361     		str	r3, [r0, #24]
  50:Core/Src/tim.c ****   if (HAL_TIM_Base_Init(&htim2) != HAL_OK)
  73              		.loc 1 50 3 is_stmt 1 view .LVU17
  74              		.loc 1 50 7 is_stmt 0 view .LVU18
  75 002a FFF7FEFF 		bl	HAL_TIM_Base_Init
  76              	.LVL0:
  77              		.loc 1 50 6 discriminator 1 view .LVU19
  78 002e 90B9     		cbnz	r0, .L6
  79              	.L2:
  51:Core/Src/tim.c ****   {
  52:Core/Src/tim.c ****     Error_Handler();
  53:Core/Src/tim.c ****   }
  54:Core/Src/tim.c ****   sClockSourceConfig.ClockSource = TIM_CLOCKSOURCE_INTERNAL;
  80              		.loc 1 54 3 is_stmt 1 view .LVU20
  81              		.loc 1 54 34 is_stmt 0 view .LVU21
  82 0030 4FF48053 		mov	r3, #4096
  83 0034 0293     		str	r3, [sp, #8]
  55:Core/Src/tim.c ****   if (HAL_TIM_ConfigClockSource(&htim2, &sClockSourceConfig) != HAL_OK)
  84              		.loc 1 55 3 is_stmt 1 view .LVU22
  85              		.loc 1 55 7 is_stmt 0 view .LVU23
  86 0036 02A9     		add	r1, sp, #8
  87 0038 0B48     		ldr	r0, .L9
  88 003a FFF7FEFF 		bl	HAL_TIM_ConfigClockSource
  89              	.LVL1:
  90              		.loc 1 55 6 discriminator 1 view .LVU24
  91 003e 68B9     		cbnz	r0, .L7
  92              	.L3:
  56:Core/Src/tim.c ****   {
  57:Core/Src/tim.c ****     Error_Handler();
  58:Core/Src/tim.c ****   }
  59:Core/Src/tim.c ****   sMasterConfig.MasterOutputTrigger = TIM_TRGO_RESET;
  93              		.loc 1 59 3 is_stmt 1 view .LVU25
  94              		.loc 1 59 37 is_stmt 0 view .LVU26
  95 0040 0023     		movs	r3, #0
  96 0042 0093     		str	r3, [sp]
  60:Core/Src/tim.c ****   sMasterConfig.MasterSlaveMode = TIM_MASTERSLAVEMODE_DISABLE;
  97              		.loc 1 60 3 is_stmt 1 view .LVU27
  98              		.loc 1 60 33 is_stmt 0 view .LVU28
  99 0044 0193     		str	r3, [sp, #4]
  61:Core/Src/tim.c ****   if (HAL_TIMEx_MasterConfigSynchronization(&htim2, &sMasterConfig) != HAL_OK)
 100              		.loc 1 61 3 is_stmt 1 view .LVU29
 101              		.loc 1 61 7 is_stmt 0 view .LVU30
 102 0046 6946     		mov	r1, sp
 103 0048 0748     		ldr	r0, .L9
 104 004a FFF7FEFF 		bl	HAL_TIMEx_MasterConfigSynchronization
 105              	.LVL2:
 106              		.loc 1 61 6 discriminator 1 view .LVU31
 107 004e 40B9     		cbnz	r0, .L8
 108              	.L1:
  62:Core/Src/tim.c ****   {
  63:Core/Src/tim.c ****     Error_Handler();
  64:Core/Src/tim.c ****   }
ARM GAS  C:\Users\santi\AppData\Local\Temp\cc6l7sFP.s 			page 4


  65:Core/Src/tim.c ****   /* USER CODE BEGIN TIM2_Init 2 */
  66:Core/Src/tim.c **** 
  67:Core/Src/tim.c ****   /* USER CODE END TIM2_Init 2 */
  68:Core/Src/tim.c **** 
  69:Core/Src/tim.c **** }
 109              		.loc 1 69 1 view .LVU32
 110 0050 07B0     		add	sp, sp, #28
 111              	.LCFI2:
 112              		.cfi_remember_state
 113              		.cfi_def_cfa_offset 4
 114              		@ sp needed
 115 0052 5DF804FB 		ldr	pc, [sp], #4
 116              	.L6:
 117              	.LCFI3:
 118              		.cfi_restore_state
  52:Core/Src/tim.c ****   }
 119              		.loc 1 52 5 is_stmt 1 view .LVU33
 120 0056 FFF7FEFF 		bl	Error_Handler
 121              	.LVL3:
 122 005a E9E7     		b	.L2
 123              	.L7:
  57:Core/Src/tim.c ****   }
 124              		.loc 1 57 5 view .LVU34
 125 005c FFF7FEFF 		bl	Error_Handler
 126              	.LVL4:
 127 0060 EEE7     		b	.L3
 128              	.L8:
  63:Core/Src/tim.c ****   }
 129              		.loc 1 63 5 view .LVU35
 130 0062 FFF7FEFF 		bl	Error_Handler
 131              	.LVL5:
 132              		.loc 1 69 1 is_stmt 0 view .LVU36
 133 0066 F3E7     		b	.L1
 134              	.L10:
 135              		.align	2
 136              	.L9:
 137 0068 00000000 		.word	htim2
 138              		.cfi_endproc
 139              	.LFE134:
 141              		.section	.text.HAL_TIM_Base_MspInit,"ax",%progbits
 142              		.align	1
 143              		.global	HAL_TIM_Base_MspInit
 144              		.syntax unified
 145              		.thumb
 146              		.thumb_func
 148              	HAL_TIM_Base_MspInit:
 149              	.LVL6:
 150              	.LFB136:
  70:Core/Src/tim.c **** /* TIM4 init function */
  71:Core/Src/tim.c **** void MX_TIM4_Init(void)
  72:Core/Src/tim.c **** {
  73:Core/Src/tim.c **** 
  74:Core/Src/tim.c ****   /* USER CODE BEGIN TIM4_Init 0 */
  75:Core/Src/tim.c **** 
  76:Core/Src/tim.c ****   /* USER CODE END TIM4_Init 0 */
  77:Core/Src/tim.c **** 
  78:Core/Src/tim.c ****   TIM_ClockConfigTypeDef sClockSourceConfig = {0};
ARM GAS  C:\Users\santi\AppData\Local\Temp\cc6l7sFP.s 			page 5


  79:Core/Src/tim.c ****   TIM_MasterConfigTypeDef sMasterConfig = {0};
  80:Core/Src/tim.c ****   TIM_OC_InitTypeDef sConfigOC = {0};
  81:Core/Src/tim.c **** 
  82:Core/Src/tim.c ****   /* USER CODE BEGIN TIM4_Init 1 */
  83:Core/Src/tim.c **** 
  84:Core/Src/tim.c ****   /* USER CODE END TIM4_Init 1 */
  85:Core/Src/tim.c ****   htim4.Instance = TIM4;
  86:Core/Src/tim.c ****   htim4.Init.Prescaler = 83;
  87:Core/Src/tim.c ****   htim4.Init.CounterMode = TIM_COUNTERMODE_UP;
  88:Core/Src/tim.c ****   htim4.Init.Period = 65535;
  89:Core/Src/tim.c ****   htim4.Init.ClockDivision = TIM_CLOCKDIVISION_DIV1;
  90:Core/Src/tim.c ****   htim4.Init.AutoReloadPreload = TIM_AUTORELOAD_PRELOAD_DISABLE;
  91:Core/Src/tim.c ****   if (HAL_TIM_Base_Init(&htim4) != HAL_OK)
  92:Core/Src/tim.c ****   {
  93:Core/Src/tim.c ****     Error_Handler();
  94:Core/Src/tim.c ****   }
  95:Core/Src/tim.c ****   sClockSourceConfig.ClockSource = TIM_CLOCKSOURCE_INTERNAL;
  96:Core/Src/tim.c ****   if (HAL_TIM_ConfigClockSource(&htim4, &sClockSourceConfig) != HAL_OK)
  97:Core/Src/tim.c ****   {
  98:Core/Src/tim.c ****     Error_Handler();
  99:Core/Src/tim.c ****   }
 100:Core/Src/tim.c ****   if (HAL_TIM_PWM_Init(&htim4) != HAL_OK)
 101:Core/Src/tim.c ****   {
 102:Core/Src/tim.c ****     Error_Handler();
 103:Core/Src/tim.c ****   }
 104:Core/Src/tim.c ****   sMasterConfig.MasterOutputTrigger = TIM_TRGO_RESET;
 105:Core/Src/tim.c ****   sMasterConfig.MasterSlaveMode = TIM_MASTERSLAVEMODE_DISABLE;
 106:Core/Src/tim.c ****   if (HAL_TIMEx_MasterConfigSynchronization(&htim4, &sMasterConfig) != HAL_OK)
 107:Core/Src/tim.c ****   {
 108:Core/Src/tim.c ****     Error_Handler();
 109:Core/Src/tim.c ****   }
 110:Core/Src/tim.c ****   sConfigOC.OCMode = TIM_OCMODE_PWM1;
 111:Core/Src/tim.c ****   sConfigOC.Pulse = 0;
 112:Core/Src/tim.c ****   sConfigOC.OCPolarity = TIM_OCPOLARITY_HIGH;
 113:Core/Src/tim.c ****   sConfigOC.OCFastMode = TIM_OCFAST_DISABLE;
 114:Core/Src/tim.c ****   if (HAL_TIM_PWM_ConfigChannel(&htim4, &sConfigOC, TIM_CHANNEL_2) != HAL_OK)
 115:Core/Src/tim.c ****   {
 116:Core/Src/tim.c ****     Error_Handler();
 117:Core/Src/tim.c ****   }
 118:Core/Src/tim.c ****   if (HAL_TIM_PWM_ConfigChannel(&htim4, &sConfigOC, TIM_CHANNEL_3) != HAL_OK)
 119:Core/Src/tim.c ****   {
 120:Core/Src/tim.c ****     Error_Handler();
 121:Core/Src/tim.c ****   }
 122:Core/Src/tim.c ****   /* USER CODE BEGIN TIM4_Init 2 */
 123:Core/Src/tim.c **** 
 124:Core/Src/tim.c ****   /* USER CODE END TIM4_Init 2 */
 125:Core/Src/tim.c ****   HAL_TIM_MspPostInit(&htim4);
 126:Core/Src/tim.c **** 
 127:Core/Src/tim.c **** }
 128:Core/Src/tim.c **** 
 129:Core/Src/tim.c **** void HAL_TIM_Base_MspInit(TIM_HandleTypeDef* tim_baseHandle)
 130:Core/Src/tim.c **** {
 151              		.loc 1 130 1 is_stmt 1 view -0
 152              		.cfi_startproc
 153              		@ args = 0, pretend = 0, frame = 8
 154              		@ frame_needed = 0, uses_anonymous_args = 0
 155              		@ link register save eliminated.
ARM GAS  C:\Users\santi\AppData\Local\Temp\cc6l7sFP.s 			page 6


 156              		.loc 1 130 1 is_stmt 0 view .LVU38
 157 0000 82B0     		sub	sp, sp, #8
 158              	.LCFI4:
 159              		.cfi_def_cfa_offset 8
 131:Core/Src/tim.c **** 
 132:Core/Src/tim.c ****   if(tim_baseHandle->Instance==TIM2)
 160              		.loc 1 132 3 is_stmt 1 view .LVU39
 161              		.loc 1 132 20 is_stmt 0 view .LVU40
 162 0002 0368     		ldr	r3, [r0]
 163              		.loc 1 132 5 view .LVU41
 164 0004 B3F1804F 		cmp	r3, #1073741824
 165 0008 04D0     		beq	.L15
 133:Core/Src/tim.c ****   {
 134:Core/Src/tim.c ****   /* USER CODE BEGIN TIM2_MspInit 0 */
 135:Core/Src/tim.c **** 
 136:Core/Src/tim.c ****   /* USER CODE END TIM2_MspInit 0 */
 137:Core/Src/tim.c ****     /* TIM2 clock enable */
 138:Core/Src/tim.c ****     __HAL_RCC_TIM2_CLK_ENABLE();
 139:Core/Src/tim.c ****   /* USER CODE BEGIN TIM2_MspInit 1 */
 140:Core/Src/tim.c **** 
 141:Core/Src/tim.c ****   /* USER CODE END TIM2_MspInit 1 */
 142:Core/Src/tim.c ****   }
 143:Core/Src/tim.c ****   else if(tim_baseHandle->Instance==TIM4)
 166              		.loc 1 143 8 is_stmt 1 view .LVU42
 167              		.loc 1 143 10 is_stmt 0 view .LVU43
 168 000a 0F4A     		ldr	r2, .L17
 169 000c 9342     		cmp	r3, r2
 170 000e 0ED0     		beq	.L16
 171              	.L11:
 144:Core/Src/tim.c ****   {
 145:Core/Src/tim.c ****   /* USER CODE BEGIN TIM4_MspInit 0 */
 146:Core/Src/tim.c **** 
 147:Core/Src/tim.c ****   /* USER CODE END TIM4_MspInit 0 */
 148:Core/Src/tim.c ****     /* TIM4 clock enable */
 149:Core/Src/tim.c ****     __HAL_RCC_TIM4_CLK_ENABLE();
 150:Core/Src/tim.c ****   /* USER CODE BEGIN TIM4_MspInit 1 */
 151:Core/Src/tim.c **** 
 152:Core/Src/tim.c ****   /* USER CODE END TIM4_MspInit 1 */
 153:Core/Src/tim.c ****   }
 154:Core/Src/tim.c **** }
 172              		.loc 1 154 1 view .LVU44
 173 0010 02B0     		add	sp, sp, #8
 174              	.LCFI5:
 175              		.cfi_remember_state
 176              		.cfi_def_cfa_offset 0
 177              		@ sp needed
 178 0012 7047     		bx	lr
 179              	.L15:
 180              	.LCFI6:
 181              		.cfi_restore_state
 138:Core/Src/tim.c ****   /* USER CODE BEGIN TIM2_MspInit 1 */
 182              		.loc 1 138 5 is_stmt 1 view .LVU45
 183              	.LBB2:
 138:Core/Src/tim.c ****   /* USER CODE BEGIN TIM2_MspInit 1 */
 184              		.loc 1 138 5 view .LVU46
 185 0014 0023     		movs	r3, #0
 186 0016 0093     		str	r3, [sp]
ARM GAS  C:\Users\santi\AppData\Local\Temp\cc6l7sFP.s 			page 7


 138:Core/Src/tim.c ****   /* USER CODE BEGIN TIM2_MspInit 1 */
 187              		.loc 1 138 5 view .LVU47
 188 0018 0C4B     		ldr	r3, .L17+4
 189 001a 1A6C     		ldr	r2, [r3, #64]
 190 001c 42F00102 		orr	r2, r2, #1
 191 0020 1A64     		str	r2, [r3, #64]
 138:Core/Src/tim.c ****   /* USER CODE BEGIN TIM2_MspInit 1 */
 192              		.loc 1 138 5 view .LVU48
 193 0022 1B6C     		ldr	r3, [r3, #64]
 194 0024 03F00103 		and	r3, r3, #1
 195 0028 0093     		str	r3, [sp]
 138:Core/Src/tim.c ****   /* USER CODE BEGIN TIM2_MspInit 1 */
 196              		.loc 1 138 5 view .LVU49
 197 002a 009B     		ldr	r3, [sp]
 198              	.LBE2:
 138:Core/Src/tim.c ****   /* USER CODE BEGIN TIM2_MspInit 1 */
 199              		.loc 1 138 5 view .LVU50
 200 002c F0E7     		b	.L11
 201              	.L16:
 149:Core/Src/tim.c ****   /* USER CODE BEGIN TIM4_MspInit 1 */
 202              		.loc 1 149 5 view .LVU51
 203              	.LBB3:
 149:Core/Src/tim.c ****   /* USER CODE BEGIN TIM4_MspInit 1 */
 204              		.loc 1 149 5 view .LVU52
 205 002e 0023     		movs	r3, #0
 206 0030 0193     		str	r3, [sp, #4]
 149:Core/Src/tim.c ****   /* USER CODE BEGIN TIM4_MspInit 1 */
 207              		.loc 1 149 5 view .LVU53
 208 0032 064B     		ldr	r3, .L17+4
 209 0034 1A6C     		ldr	r2, [r3, #64]
 210 0036 42F00402 		orr	r2, r2, #4
 211 003a 1A64     		str	r2, [r3, #64]
 149:Core/Src/tim.c ****   /* USER CODE BEGIN TIM4_MspInit 1 */
 212              		.loc 1 149 5 view .LVU54
 213 003c 1B6C     		ldr	r3, [r3, #64]
 214 003e 03F00403 		and	r3, r3, #4
 215 0042 0193     		str	r3, [sp, #4]
 149:Core/Src/tim.c ****   /* USER CODE BEGIN TIM4_MspInit 1 */
 216              		.loc 1 149 5 view .LVU55
 217 0044 019B     		ldr	r3, [sp, #4]
 218              	.LBE3:
 149:Core/Src/tim.c ****   /* USER CODE BEGIN TIM4_MspInit 1 */
 219              		.loc 1 149 5 discriminator 1 view .LVU56
 220              		.loc 1 154 1 is_stmt 0 view .LVU57
 221 0046 E3E7     		b	.L11
 222              	.L18:
 223              		.align	2
 224              	.L17:
 225 0048 00080040 		.word	1073743872
 226 004c 00380240 		.word	1073887232
 227              		.cfi_endproc
 228              	.LFE136:
 230              		.section	.text.HAL_TIM_MspPostInit,"ax",%progbits
 231              		.align	1
 232              		.global	HAL_TIM_MspPostInit
 233              		.syntax unified
 234              		.thumb
ARM GAS  C:\Users\santi\AppData\Local\Temp\cc6l7sFP.s 			page 8


 235              		.thumb_func
 237              	HAL_TIM_MspPostInit:
 238              	.LVL7:
 239              	.LFB137:
 155:Core/Src/tim.c **** void HAL_TIM_MspPostInit(TIM_HandleTypeDef* timHandle)
 156:Core/Src/tim.c **** {
 240              		.loc 1 156 1 is_stmt 1 view -0
 241              		.cfi_startproc
 242              		@ args = 0, pretend = 0, frame = 24
 243              		@ frame_needed = 0, uses_anonymous_args = 0
 244              		.loc 1 156 1 is_stmt 0 view .LVU59
 245 0000 00B5     		push	{lr}
 246              	.LCFI7:
 247              		.cfi_def_cfa_offset 4
 248              		.cfi_offset 14, -4
 249 0002 87B0     		sub	sp, sp, #28
 250              	.LCFI8:
 251              		.cfi_def_cfa_offset 32
 157:Core/Src/tim.c **** 
 158:Core/Src/tim.c ****   GPIO_InitTypeDef GPIO_InitStruct = {0};
 252              		.loc 1 158 3 is_stmt 1 view .LVU60
 253              		.loc 1 158 20 is_stmt 0 view .LVU61
 254 0004 0023     		movs	r3, #0
 255 0006 0193     		str	r3, [sp, #4]
 256 0008 0293     		str	r3, [sp, #8]
 257 000a 0393     		str	r3, [sp, #12]
 258 000c 0493     		str	r3, [sp, #16]
 259 000e 0593     		str	r3, [sp, #20]
 159:Core/Src/tim.c ****   if(timHandle->Instance==TIM4)
 260              		.loc 1 159 3 is_stmt 1 view .LVU62
 261              		.loc 1 159 15 is_stmt 0 view .LVU63
 262 0010 0268     		ldr	r2, [r0]
 263              		.loc 1 159 5 view .LVU64
 264 0012 0E4B     		ldr	r3, .L23
 265 0014 9A42     		cmp	r2, r3
 266 0016 02D0     		beq	.L22
 267              	.LVL8:
 268              	.L19:
 160:Core/Src/tim.c ****   {
 161:Core/Src/tim.c ****   /* USER CODE BEGIN TIM4_MspPostInit 0 */
 162:Core/Src/tim.c **** 
 163:Core/Src/tim.c ****   /* USER CODE END TIM4_MspPostInit 0 */
 164:Core/Src/tim.c **** 
 165:Core/Src/tim.c ****     __HAL_RCC_GPIOB_CLK_ENABLE();
 166:Core/Src/tim.c ****     /**TIM4 GPIO Configuration
 167:Core/Src/tim.c ****     PB7     ------> TIM4_CH2
 168:Core/Src/tim.c ****     PB8     ------> TIM4_CH3
 169:Core/Src/tim.c ****     */
 170:Core/Src/tim.c ****     GPIO_InitStruct.Pin = GPIO_PIN_7|GPIO_PIN_8;
 171:Core/Src/tim.c ****     GPIO_InitStruct.Mode = GPIO_MODE_AF_PP;
 172:Core/Src/tim.c ****     GPIO_InitStruct.Pull = GPIO_NOPULL;
 173:Core/Src/tim.c ****     GPIO_InitStruct.Speed = GPIO_SPEED_FREQ_LOW;
 174:Core/Src/tim.c ****     GPIO_InitStruct.Alternate = GPIO_AF2_TIM4;
 175:Core/Src/tim.c ****     HAL_GPIO_Init(GPIOB, &GPIO_InitStruct);
 176:Core/Src/tim.c **** 
 177:Core/Src/tim.c ****   /* USER CODE BEGIN TIM4_MspPostInit 1 */
 178:Core/Src/tim.c **** 
ARM GAS  C:\Users\santi\AppData\Local\Temp\cc6l7sFP.s 			page 9


 179:Core/Src/tim.c ****   /* USER CODE END TIM4_MspPostInit 1 */
 180:Core/Src/tim.c ****   }
 181:Core/Src/tim.c **** 
 182:Core/Src/tim.c **** }
 269              		.loc 1 182 1 view .LVU65
 270 0018 07B0     		add	sp, sp, #28
 271              	.LCFI9:
 272              		.cfi_remember_state
 273              		.cfi_def_cfa_offset 4
 274              		@ sp needed
 275 001a 5DF804FB 		ldr	pc, [sp], #4
 276              	.LVL9:
 277              	.L22:
 278              	.LCFI10:
 279              		.cfi_restore_state
 165:Core/Src/tim.c ****     /**TIM4 GPIO Configuration
 280              		.loc 1 165 5 is_stmt 1 view .LVU66
 281              	.LBB4:
 165:Core/Src/tim.c ****     /**TIM4 GPIO Configuration
 282              		.loc 1 165 5 view .LVU67
 283 001e 0023     		movs	r3, #0
 284 0020 0093     		str	r3, [sp]
 165:Core/Src/tim.c ****     /**TIM4 GPIO Configuration
 285              		.loc 1 165 5 view .LVU68
 286 0022 0B4B     		ldr	r3, .L23+4
 287 0024 1A6B     		ldr	r2, [r3, #48]
 288 0026 42F00202 		orr	r2, r2, #2
 289 002a 1A63     		str	r2, [r3, #48]
 165:Core/Src/tim.c ****     /**TIM4 GPIO Configuration
 290              		.loc 1 165 5 view .LVU69
 291 002c 1B6B     		ldr	r3, [r3, #48]
 292 002e 03F00203 		and	r3, r3, #2
 293 0032 0093     		str	r3, [sp]
 165:Core/Src/tim.c ****     /**TIM4 GPIO Configuration
 294              		.loc 1 165 5 view .LVU70
 295 0034 009B     		ldr	r3, [sp]
 296              	.LBE4:
 165:Core/Src/tim.c ****     /**TIM4 GPIO Configuration
 297              		.loc 1 165 5 view .LVU71
 170:Core/Src/tim.c ****     GPIO_InitStruct.Mode = GPIO_MODE_AF_PP;
 298              		.loc 1 170 5 view .LVU72
 170:Core/Src/tim.c ****     GPIO_InitStruct.Mode = GPIO_MODE_AF_PP;
 299              		.loc 1 170 25 is_stmt 0 view .LVU73
 300 0036 4FF4C073 		mov	r3, #384
 301 003a 0193     		str	r3, [sp, #4]
 171:Core/Src/tim.c ****     GPIO_InitStruct.Pull = GPIO_NOPULL;
 302              		.loc 1 171 5 is_stmt 1 view .LVU74
 171:Core/Src/tim.c ****     GPIO_InitStruct.Pull = GPIO_NOPULL;
 303              		.loc 1 171 26 is_stmt 0 view .LVU75
 304 003c 0223     		movs	r3, #2
 305 003e 0293     		str	r3, [sp, #8]
 172:Core/Src/tim.c ****     GPIO_InitStruct.Speed = GPIO_SPEED_FREQ_LOW;
 306              		.loc 1 172 5 is_stmt 1 view .LVU76
 173:Core/Src/tim.c ****     GPIO_InitStruct.Alternate = GPIO_AF2_TIM4;
 307              		.loc 1 173 5 view .LVU77
 174:Core/Src/tim.c ****     HAL_GPIO_Init(GPIOB, &GPIO_InitStruct);
 308              		.loc 1 174 5 view .LVU78
ARM GAS  C:\Users\santi\AppData\Local\Temp\cc6l7sFP.s 			page 10


 174:Core/Src/tim.c ****     HAL_GPIO_Init(GPIOB, &GPIO_InitStruct);
 309              		.loc 1 174 31 is_stmt 0 view .LVU79
 310 0040 0593     		str	r3, [sp, #20]
 175:Core/Src/tim.c **** 
 311              		.loc 1 175 5 is_stmt 1 view .LVU80
 312 0042 01A9     		add	r1, sp, #4
 313 0044 0348     		ldr	r0, .L23+8
 314              	.LVL10:
 175:Core/Src/tim.c **** 
 315              		.loc 1 175 5 is_stmt 0 view .LVU81
 316 0046 FFF7FEFF 		bl	HAL_GPIO_Init
 317              	.LVL11:
 318              		.loc 1 182 1 view .LVU82
 319 004a E5E7     		b	.L19
 320              	.L24:
 321              		.align	2
 322              	.L23:
 323 004c 00080040 		.word	1073743872
 324 0050 00380240 		.word	1073887232
 325 0054 00040240 		.word	1073873920
 326              		.cfi_endproc
 327              	.LFE137:
 329              		.section	.text.MX_TIM4_Init,"ax",%progbits
 330              		.align	1
 331              		.global	MX_TIM4_Init
 332              		.syntax unified
 333              		.thumb
 334              		.thumb_func
 336              	MX_TIM4_Init:
 337              	.LFB135:
  72:Core/Src/tim.c **** 
 338              		.loc 1 72 1 is_stmt 1 view -0
 339              		.cfi_startproc
 340              		@ args = 0, pretend = 0, frame = 56
 341              		@ frame_needed = 0, uses_anonymous_args = 0
 342 0000 00B5     		push	{lr}
 343              	.LCFI11:
 344              		.cfi_def_cfa_offset 4
 345              		.cfi_offset 14, -4
 346 0002 8FB0     		sub	sp, sp, #60
 347              	.LCFI12:
 348              		.cfi_def_cfa_offset 64
  78:Core/Src/tim.c ****   TIM_MasterConfigTypeDef sMasterConfig = {0};
 349              		.loc 1 78 3 view .LVU84
  78:Core/Src/tim.c ****   TIM_MasterConfigTypeDef sMasterConfig = {0};
 350              		.loc 1 78 26 is_stmt 0 view .LVU85
 351 0004 0023     		movs	r3, #0
 352 0006 0A93     		str	r3, [sp, #40]
 353 0008 0B93     		str	r3, [sp, #44]
 354 000a 0C93     		str	r3, [sp, #48]
 355 000c 0D93     		str	r3, [sp, #52]
  79:Core/Src/tim.c ****   TIM_OC_InitTypeDef sConfigOC = {0};
 356              		.loc 1 79 3 is_stmt 1 view .LVU86
  79:Core/Src/tim.c ****   TIM_OC_InitTypeDef sConfigOC = {0};
 357              		.loc 1 79 27 is_stmt 0 view .LVU87
 358 000e 0893     		str	r3, [sp, #32]
 359 0010 0993     		str	r3, [sp, #36]
ARM GAS  C:\Users\santi\AppData\Local\Temp\cc6l7sFP.s 			page 11


  80:Core/Src/tim.c **** 
 360              		.loc 1 80 3 is_stmt 1 view .LVU88
  80:Core/Src/tim.c **** 
 361              		.loc 1 80 22 is_stmt 0 view .LVU89
 362 0012 0193     		str	r3, [sp, #4]
 363 0014 0293     		str	r3, [sp, #8]
 364 0016 0393     		str	r3, [sp, #12]
 365 0018 0493     		str	r3, [sp, #16]
 366 001a 0593     		str	r3, [sp, #20]
 367 001c 0693     		str	r3, [sp, #24]
 368 001e 0793     		str	r3, [sp, #28]
  85:Core/Src/tim.c ****   htim4.Init.Prescaler = 83;
 369              		.loc 1 85 3 is_stmt 1 view .LVU90
  85:Core/Src/tim.c ****   htim4.Init.Prescaler = 83;
 370              		.loc 1 85 18 is_stmt 0 view .LVU91
 371 0020 2648     		ldr	r0, .L39
 372 0022 274A     		ldr	r2, .L39+4
 373 0024 0260     		str	r2, [r0]
  86:Core/Src/tim.c ****   htim4.Init.CounterMode = TIM_COUNTERMODE_UP;
 374              		.loc 1 86 3 is_stmt 1 view .LVU92
  86:Core/Src/tim.c ****   htim4.Init.CounterMode = TIM_COUNTERMODE_UP;
 375              		.loc 1 86 24 is_stmt 0 view .LVU93
 376 0026 5322     		movs	r2, #83
 377 0028 4260     		str	r2, [r0, #4]
  87:Core/Src/tim.c ****   htim4.Init.Period = 65535;
 378              		.loc 1 87 3 is_stmt 1 view .LVU94
  87:Core/Src/tim.c ****   htim4.Init.Period = 65535;
 379              		.loc 1 87 26 is_stmt 0 view .LVU95
 380 002a 8360     		str	r3, [r0, #8]
  88:Core/Src/tim.c ****   htim4.Init.ClockDivision = TIM_CLOCKDIVISION_DIV1;
 381              		.loc 1 88 3 is_stmt 1 view .LVU96
  88:Core/Src/tim.c ****   htim4.Init.ClockDivision = TIM_CLOCKDIVISION_DIV1;
 382              		.loc 1 88 21 is_stmt 0 view .LVU97
 383 002c 4FF6FF72 		movw	r2, #65535
 384 0030 C260     		str	r2, [r0, #12]
  89:Core/Src/tim.c ****   htim4.Init.AutoReloadPreload = TIM_AUTORELOAD_PRELOAD_DISABLE;
 385              		.loc 1 89 3 is_stmt 1 view .LVU98
  89:Core/Src/tim.c ****   htim4.Init.AutoReloadPreload = TIM_AUTORELOAD_PRELOAD_DISABLE;
 386              		.loc 1 89 28 is_stmt 0 view .LVU99
 387 0032 0361     		str	r3, [r0, #16]
  90:Core/Src/tim.c ****   if (HAL_TIM_Base_Init(&htim4) != HAL_OK)
 388              		.loc 1 90 3 is_stmt 1 view .LVU100
  90:Core/Src/tim.c ****   if (HAL_TIM_Base_Init(&htim4) != HAL_OK)
 389              		.loc 1 90 32 is_stmt 0 view .LVU101
 390 0034 8361     		str	r3, [r0, #24]
  91:Core/Src/tim.c ****   {
 391              		.loc 1 91 3 is_stmt 1 view .LVU102
  91:Core/Src/tim.c ****   {
 392              		.loc 1 91 7 is_stmt 0 view .LVU103
 393 0036 FFF7FEFF 		bl	HAL_TIM_Base_Init
 394              	.LVL12:
  91:Core/Src/tim.c ****   {
 395              		.loc 1 91 6 discriminator 1 view .LVU104
 396 003a 60BB     		cbnz	r0, .L33
 397              	.L26:
  95:Core/Src/tim.c ****   if (HAL_TIM_ConfigClockSource(&htim4, &sClockSourceConfig) != HAL_OK)
 398              		.loc 1 95 3 is_stmt 1 view .LVU105
ARM GAS  C:\Users\santi\AppData\Local\Temp\cc6l7sFP.s 			page 12


  95:Core/Src/tim.c ****   if (HAL_TIM_ConfigClockSource(&htim4, &sClockSourceConfig) != HAL_OK)
 399              		.loc 1 95 34 is_stmt 0 view .LVU106
 400 003c 4FF48053 		mov	r3, #4096
 401 0040 0A93     		str	r3, [sp, #40]
  96:Core/Src/tim.c ****   {
 402              		.loc 1 96 3 is_stmt 1 view .LVU107
  96:Core/Src/tim.c ****   {
 403              		.loc 1 96 7 is_stmt 0 view .LVU108
 404 0042 0AA9     		add	r1, sp, #40
 405 0044 1D48     		ldr	r0, .L39
 406 0046 FFF7FEFF 		bl	HAL_TIM_ConfigClockSource
 407              	.LVL13:
  96:Core/Src/tim.c ****   {
 408              		.loc 1 96 6 discriminator 1 view .LVU109
 409 004a 38BB     		cbnz	r0, .L34
 410              	.L27:
 100:Core/Src/tim.c ****   {
 411              		.loc 1 100 3 is_stmt 1 view .LVU110
 100:Core/Src/tim.c ****   {
 412              		.loc 1 100 7 is_stmt 0 view .LVU111
 413 004c 1B48     		ldr	r0, .L39
 414 004e FFF7FEFF 		bl	HAL_TIM_PWM_Init
 415              	.LVL14:
 100:Core/Src/tim.c ****   {
 416              		.loc 1 100 6 discriminator 1 view .LVU112
 417 0052 30BB     		cbnz	r0, .L35
 418              	.L28:
 104:Core/Src/tim.c ****   sMasterConfig.MasterSlaveMode = TIM_MASTERSLAVEMODE_DISABLE;
 419              		.loc 1 104 3 is_stmt 1 view .LVU113
 104:Core/Src/tim.c ****   sMasterConfig.MasterSlaveMode = TIM_MASTERSLAVEMODE_DISABLE;
 420              		.loc 1 104 37 is_stmt 0 view .LVU114
 421 0054 0023     		movs	r3, #0
 422 0056 0893     		str	r3, [sp, #32]
 105:Core/Src/tim.c ****   if (HAL_TIMEx_MasterConfigSynchronization(&htim4, &sMasterConfig) != HAL_OK)
 423              		.loc 1 105 3 is_stmt 1 view .LVU115
 105:Core/Src/tim.c ****   if (HAL_TIMEx_MasterConfigSynchronization(&htim4, &sMasterConfig) != HAL_OK)
 424              		.loc 1 105 33 is_stmt 0 view .LVU116
 425 0058 0993     		str	r3, [sp, #36]
 106:Core/Src/tim.c ****   {
 426              		.loc 1 106 3 is_stmt 1 view .LVU117
 106:Core/Src/tim.c ****   {
 427              		.loc 1 106 7 is_stmt 0 view .LVU118
 428 005a 08A9     		add	r1, sp, #32
 429 005c 1748     		ldr	r0, .L39
 430 005e FFF7FEFF 		bl	HAL_TIMEx_MasterConfigSynchronization
 431              	.LVL15:
 106:Core/Src/tim.c ****   {
 432              		.loc 1 106 6 discriminator 1 view .LVU119
 433 0062 08BB     		cbnz	r0, .L36
 434              	.L29:
 110:Core/Src/tim.c ****   sConfigOC.Pulse = 0;
 435              		.loc 1 110 3 is_stmt 1 view .LVU120
 110:Core/Src/tim.c ****   sConfigOC.Pulse = 0;
 436              		.loc 1 110 20 is_stmt 0 view .LVU121
 437 0064 6023     		movs	r3, #96
 438 0066 0193     		str	r3, [sp, #4]
 111:Core/Src/tim.c ****   sConfigOC.OCPolarity = TIM_OCPOLARITY_HIGH;
ARM GAS  C:\Users\santi\AppData\Local\Temp\cc6l7sFP.s 			page 13


 439              		.loc 1 111 3 is_stmt 1 view .LVU122
 111:Core/Src/tim.c ****   sConfigOC.OCPolarity = TIM_OCPOLARITY_HIGH;
 440              		.loc 1 111 19 is_stmt 0 view .LVU123
 441 0068 0023     		movs	r3, #0
 442 006a 0293     		str	r3, [sp, #8]
 112:Core/Src/tim.c ****   sConfigOC.OCFastMode = TIM_OCFAST_DISABLE;
 443              		.loc 1 112 3 is_stmt 1 view .LVU124
 112:Core/Src/tim.c ****   sConfigOC.OCFastMode = TIM_OCFAST_DISABLE;
 444              		.loc 1 112 24 is_stmt 0 view .LVU125
 445 006c 0393     		str	r3, [sp, #12]
 113:Core/Src/tim.c ****   if (HAL_TIM_PWM_ConfigChannel(&htim4, &sConfigOC, TIM_CHANNEL_2) != HAL_OK)
 446              		.loc 1 113 3 is_stmt 1 view .LVU126
 113:Core/Src/tim.c ****   if (HAL_TIM_PWM_ConfigChannel(&htim4, &sConfigOC, TIM_CHANNEL_2) != HAL_OK)
 447              		.loc 1 113 24 is_stmt 0 view .LVU127
 448 006e 0593     		str	r3, [sp, #20]
 114:Core/Src/tim.c ****   {
 449              		.loc 1 114 3 is_stmt 1 view .LVU128
 114:Core/Src/tim.c ****   {
 450              		.loc 1 114 7 is_stmt 0 view .LVU129
 451 0070 0422     		movs	r2, #4
 452 0072 0DEB0201 		add	r1, sp, r2
 453 0076 1148     		ldr	r0, .L39
 454 0078 FFF7FEFF 		bl	HAL_TIM_PWM_ConfigChannel
 455              	.LVL16:
 114:Core/Src/tim.c ****   {
 456              		.loc 1 114 6 discriminator 1 view .LVU130
 457 007c B8B9     		cbnz	r0, .L37
 458              	.L30:
 118:Core/Src/tim.c ****   {
 459              		.loc 1 118 3 is_stmt 1 view .LVU131
 118:Core/Src/tim.c ****   {
 460              		.loc 1 118 7 is_stmt 0 view .LVU132
 461 007e 0822     		movs	r2, #8
 462 0080 01A9     		add	r1, sp, #4
 463 0082 0E48     		ldr	r0, .L39
 464 0084 FFF7FEFF 		bl	HAL_TIM_PWM_ConfigChannel
 465              	.LVL17:
 118:Core/Src/tim.c ****   {
 466              		.loc 1 118 6 discriminator 1 view .LVU133
 467 0088 A0B9     		cbnz	r0, .L38
 468              	.L31:
 125:Core/Src/tim.c **** 
 469              		.loc 1 125 3 is_stmt 1 view .LVU134
 470 008a 0C48     		ldr	r0, .L39
 471 008c FFF7FEFF 		bl	HAL_TIM_MspPostInit
 472              	.LVL18:
 127:Core/Src/tim.c **** 
 473              		.loc 1 127 1 is_stmt 0 view .LVU135
 474 0090 0FB0     		add	sp, sp, #60
 475              	.LCFI13:
 476              		.cfi_remember_state
 477              		.cfi_def_cfa_offset 4
 478              		@ sp needed
 479 0092 5DF804FB 		ldr	pc, [sp], #4
 480              	.L33:
 481              	.LCFI14:
 482              		.cfi_restore_state
ARM GAS  C:\Users\santi\AppData\Local\Temp\cc6l7sFP.s 			page 14


  93:Core/Src/tim.c ****   }
 483              		.loc 1 93 5 is_stmt 1 view .LVU136
 484 0096 FFF7FEFF 		bl	Error_Handler
 485              	.LVL19:
 486 009a CFE7     		b	.L26
 487              	.L34:
  98:Core/Src/tim.c ****   }
 488              		.loc 1 98 5 view .LVU137
 489 009c FFF7FEFF 		bl	Error_Handler
 490              	.LVL20:
 491 00a0 D4E7     		b	.L27
 492              	.L35:
 102:Core/Src/tim.c ****   }
 493              		.loc 1 102 5 view .LVU138
 494 00a2 FFF7FEFF 		bl	Error_Handler
 495              	.LVL21:
 496 00a6 D5E7     		b	.L28
 497              	.L36:
 108:Core/Src/tim.c ****   }
 498              		.loc 1 108 5 view .LVU139
 499 00a8 FFF7FEFF 		bl	Error_Handler
 500              	.LVL22:
 501 00ac DAE7     		b	.L29
 502              	.L37:
 116:Core/Src/tim.c ****   }
 503              		.loc 1 116 5 view .LVU140
 504 00ae FFF7FEFF 		bl	Error_Handler
 505              	.LVL23:
 506 00b2 E4E7     		b	.L30
 507              	.L38:
 120:Core/Src/tim.c ****   }
 508              		.loc 1 120 5 view .LVU141
 509 00b4 FFF7FEFF 		bl	Error_Handler
 510              	.LVL24:
 511 00b8 E7E7     		b	.L31
 512              	.L40:
 513 00ba 00BF     		.align	2
 514              	.L39:
 515 00bc 00000000 		.word	htim4
 516 00c0 00080040 		.word	1073743872
 517              		.cfi_endproc
 518              	.LFE135:
 520              		.section	.text.HAL_TIM_Base_MspDeInit,"ax",%progbits
 521              		.align	1
 522              		.global	HAL_TIM_Base_MspDeInit
 523              		.syntax unified
 524              		.thumb
 525              		.thumb_func
 527              	HAL_TIM_Base_MspDeInit:
 528              	.LVL25:
 529              	.LFB138:
 183:Core/Src/tim.c **** 
 184:Core/Src/tim.c **** void HAL_TIM_Base_MspDeInit(TIM_HandleTypeDef* tim_baseHandle)
 185:Core/Src/tim.c **** {
 530              		.loc 1 185 1 view -0
 531              		.cfi_startproc
 532              		@ args = 0, pretend = 0, frame = 0
ARM GAS  C:\Users\santi\AppData\Local\Temp\cc6l7sFP.s 			page 15


 533              		@ frame_needed = 0, uses_anonymous_args = 0
 534              		@ link register save eliminated.
 186:Core/Src/tim.c **** 
 187:Core/Src/tim.c ****   if(tim_baseHandle->Instance==TIM2)
 535              		.loc 1 187 3 view .LVU143
 536              		.loc 1 187 20 is_stmt 0 view .LVU144
 537 0000 0368     		ldr	r3, [r0]
 538              		.loc 1 187 5 view .LVU145
 539 0002 B3F1804F 		cmp	r3, #1073741824
 540 0006 03D0     		beq	.L44
 188:Core/Src/tim.c ****   {
 189:Core/Src/tim.c ****   /* USER CODE BEGIN TIM2_MspDeInit 0 */
 190:Core/Src/tim.c **** 
 191:Core/Src/tim.c ****   /* USER CODE END TIM2_MspDeInit 0 */
 192:Core/Src/tim.c ****     /* Peripheral clock disable */
 193:Core/Src/tim.c ****     __HAL_RCC_TIM2_CLK_DISABLE();
 194:Core/Src/tim.c ****   /* USER CODE BEGIN TIM2_MspDeInit 1 */
 195:Core/Src/tim.c **** 
 196:Core/Src/tim.c ****   /* USER CODE END TIM2_MspDeInit 1 */
 197:Core/Src/tim.c ****   }
 198:Core/Src/tim.c ****   else if(tim_baseHandle->Instance==TIM4)
 541              		.loc 1 198 8 is_stmt 1 view .LVU146
 542              		.loc 1 198 10 is_stmt 0 view .LVU147
 543 0008 084A     		ldr	r2, .L46
 544 000a 9342     		cmp	r3, r2
 545 000c 06D0     		beq	.L45
 546              	.L41:
 199:Core/Src/tim.c ****   {
 200:Core/Src/tim.c ****   /* USER CODE BEGIN TIM4_MspDeInit 0 */
 201:Core/Src/tim.c **** 
 202:Core/Src/tim.c ****   /* USER CODE END TIM4_MspDeInit 0 */
 203:Core/Src/tim.c ****     /* Peripheral clock disable */
 204:Core/Src/tim.c ****     __HAL_RCC_TIM4_CLK_DISABLE();
 205:Core/Src/tim.c ****   /* USER CODE BEGIN TIM4_MspDeInit 1 */
 206:Core/Src/tim.c **** 
 207:Core/Src/tim.c ****   /* USER CODE END TIM4_MspDeInit 1 */
 208:Core/Src/tim.c ****   }
 209:Core/Src/tim.c **** }
 547              		.loc 1 209 1 view .LVU148
 548 000e 7047     		bx	lr
 549              	.L44:
 193:Core/Src/tim.c ****   /* USER CODE BEGIN TIM2_MspDeInit 1 */
 550              		.loc 1 193 5 is_stmt 1 view .LVU149
 551 0010 074A     		ldr	r2, .L46+4
 552 0012 136C     		ldr	r3, [r2, #64]
 553 0014 23F00103 		bic	r3, r3, #1
 554 0018 1364     		str	r3, [r2, #64]
 555 001a 7047     		bx	lr
 556              	.L45:
 204:Core/Src/tim.c ****   /* USER CODE BEGIN TIM4_MspDeInit 1 */
 557              		.loc 1 204 5 view .LVU150
 558 001c 02F50C32 		add	r2, r2, #143360
 559 0020 136C     		ldr	r3, [r2, #64]
 560 0022 23F00403 		bic	r3, r3, #4
 561 0026 1364     		str	r3, [r2, #64]
 562              		.loc 1 209 1 is_stmt 0 view .LVU151
 563 0028 F1E7     		b	.L41
ARM GAS  C:\Users\santi\AppData\Local\Temp\cc6l7sFP.s 			page 16


 564              	.L47:
 565 002a 00BF     		.align	2
 566              	.L46:
 567 002c 00080040 		.word	1073743872
 568 0030 00380240 		.word	1073887232
 569              		.cfi_endproc
 570              	.LFE138:
 572              		.global	htim4
 573              		.section	.bss.htim4,"aw",%nobits
 574              		.align	2
 577              	htim4:
 578 0000 00000000 		.space	72
 578      00000000 
 578      00000000 
 578      00000000 
 578      00000000 
 579              		.global	htim2
 580              		.section	.bss.htim2,"aw",%nobits
 581              		.align	2
 584              	htim2:
 585 0000 00000000 		.space	72
 585      00000000 
 585      00000000 
 585      00000000 
 585      00000000 
 586              		.text
 587              	.Letext0:
 588              		.file 2 "C:\\ST\\STM32CubeIDE_1.19.0\\STM32CubeIDE\\plugins\\com.st.stm32cube.ide.mcu.externaltool
 589              		.file 3 "C:\\ST\\STM32CubeIDE_1.19.0\\STM32CubeIDE\\plugins\\com.st.stm32cube.ide.mcu.externaltool
 590              		.file 4 "Drivers/CMSIS/Device/ST/STM32F4xx/Include/stm32f407xx.h"
 591              		.file 5 "Drivers/STM32F4xx_HAL_Driver/Inc/stm32f4xx_hal_def.h"
 592              		.file 6 "Drivers/STM32F4xx_HAL_Driver/Inc/stm32f4xx_hal_gpio.h"
 593              		.file 7 "Drivers/STM32F4xx_HAL_Driver/Inc/stm32f4xx_hal_dma.h"
 594              		.file 8 "Drivers/STM32F4xx_HAL_Driver/Inc/stm32f4xx_hal_tim.h"
 595              		.file 9 "Core/Inc/tim.h"
 596              		.file 10 "Drivers/STM32F4xx_HAL_Driver/Inc/stm32f4xx_hal_tim_ex.h"
 597              		.file 11 "Core/Inc/main.h"
ARM GAS  C:\Users\santi\AppData\Local\Temp\cc6l7sFP.s 			page 17


DEFINED SYMBOLS
                            *ABS*:00000000 tim.c
C:\Users\santi\AppData\Local\Temp\cc6l7sFP.s:21     .text.MX_TIM2_Init:00000000 $t
C:\Users\santi\AppData\Local\Temp\cc6l7sFP.s:27     .text.MX_TIM2_Init:00000000 MX_TIM2_Init
C:\Users\santi\AppData\Local\Temp\cc6l7sFP.s:137    .text.MX_TIM2_Init:00000068 $d
C:\Users\santi\AppData\Local\Temp\cc6l7sFP.s:584    .bss.htim2:00000000 htim2
C:\Users\santi\AppData\Local\Temp\cc6l7sFP.s:142    .text.HAL_TIM_Base_MspInit:00000000 $t
C:\Users\santi\AppData\Local\Temp\cc6l7sFP.s:148    .text.HAL_TIM_Base_MspInit:00000000 HAL_TIM_Base_MspInit
C:\Users\santi\AppData\Local\Temp\cc6l7sFP.s:225    .text.HAL_TIM_Base_MspInit:00000048 $d
C:\Users\santi\AppData\Local\Temp\cc6l7sFP.s:231    .text.HAL_TIM_MspPostInit:00000000 $t
C:\Users\santi\AppData\Local\Temp\cc6l7sFP.s:237    .text.HAL_TIM_MspPostInit:00000000 HAL_TIM_MspPostInit
C:\Users\santi\AppData\Local\Temp\cc6l7sFP.s:323    .text.HAL_TIM_MspPostInit:0000004c $d
C:\Users\santi\AppData\Local\Temp\cc6l7sFP.s:330    .text.MX_TIM4_Init:00000000 $t
C:\Users\santi\AppData\Local\Temp\cc6l7sFP.s:336    .text.MX_TIM4_Init:00000000 MX_TIM4_Init
C:\Users\santi\AppData\Local\Temp\cc6l7sFP.s:515    .text.MX_TIM4_Init:000000bc $d
C:\Users\santi\AppData\Local\Temp\cc6l7sFP.s:577    .bss.htim4:00000000 htim4
C:\Users\santi\AppData\Local\Temp\cc6l7sFP.s:521    .text.HAL_TIM_Base_MspDeInit:00000000 $t
C:\Users\santi\AppData\Local\Temp\cc6l7sFP.s:527    .text.HAL_TIM_Base_MspDeInit:00000000 HAL_TIM_Base_MspDeInit
C:\Users\santi\AppData\Local\Temp\cc6l7sFP.s:567    .text.HAL_TIM_Base_MspDeInit:0000002c $d
C:\Users\santi\AppData\Local\Temp\cc6l7sFP.s:574    .bss.htim4:00000000 $d
C:\Users\santi\AppData\Local\Temp\cc6l7sFP.s:581    .bss.htim2:00000000 $d

UNDEFINED SYMBOLS
HAL_TIM_Base_Init
HAL_TIM_ConfigClockSource
HAL_TIMEx_MasterConfigSynchronization
Error_Handler
HAL_GPIO_Init
HAL_TIM_PWM_Init
HAL_TIM_PWM_ConfigChannel
