2026-04-19 23:31:02,225 [INFO] Activator:176 - 


2026-04-19 23:31:02,235 [INFO] Activator:177 - !SESSION log4j initialized
2026-04-19 23:31:06,585 [INFO] LogOutputStream:77 - [STDOUT_REDIRECT] 
2026-04-19 23:31:09,213 [INFO] ApplicationProperties:184 - Using Application install path: C:\ST\STM32CubeIDE_1.19.0\STM32CubeIDE\plugins\com.st.stm32cube.common.mx_6.15.0.202507011659
2026-04-19 23:31:09,245 [INFO] DbMcusXml:78 - Set database path to: C:\ST\STM32CubeIDE_1.19.0\STM32CubeIDE\plugins\com.st.stm32cube.common.mx_6.15.0.202507011659\\db\/mcu/
2026-04-19 23:31:09,247 [INFO] ApiDb:274 - Set plugin database path to: C:\ST\STM32CubeIDE_1.19.0\STM32CubeIDE\plugins\com.st.stm32cube.common.mx_6.15.0.202507011659\\db\/plugins/boardmanager/
2026-04-19 23:31:09,249 [WARN] ApiDb:259 - Overriding images path with different value:  => C:\ST\STM32CubeIDE_1.19.0\STM32CubeIDE\plugins\com.st.stm32cube.common.mx_6.15.0.202507011659\\db\/plugins/mcufinder/images/
2026-04-19 23:31:09,259 [INFO] ApiDb:250 - Set database path to: C:\Users\santi\.stmcufinder\plugins\mcufinder//mcu/
2026-04-19 23:31:09,262 [INFO] DbMcusAds:125 - Set database path to: C:\Users\santi\.stmcufinder\plugins\mcufinder//mcu/
2026-04-19 23:31:09,266 [INFO] CrossReferenceDbSqlite:203 - Set database path to: C:\Users\santi\.stmcufinder\plugins\mcufinder//mcu/cs/
2026-04-19 23:31:09,453 [INFO] RulesReader:64 - Compatibility file has been processed (317 Rules)
2026-04-19 23:31:09,600 [INFO] DbMcusXml:78 - Set database path to: C:\ST\STM32CubeIDE_1.19.0\STM32CubeIDE\plugins\com.st.stm32cube.common.mx_6.15.0.202507011659\\db\/mcu/
2026-04-19 23:31:09,600 [INFO] ApiDb:274 - Set plugin database path to: C:\ST\STM32CubeIDE_1.19.0\STM32CubeIDE\plugins\com.st.stm32cube.common.mx_6.15.0.202507011659\\db\/plugins/boardmanager/
2026-04-19 23:31:09,601 [INFO] ApiDb:261 - Set plugin images path to: C:\ST\STM32CubeIDE_1.19.0\STM32CubeIDE\plugins\com.st.stm32cube.common.mx_6.15.0.202507011659\\db\/plugins/mcufinder/images/
2026-04-19 23:31:09,601 [WARN] DbFile:41 - Overriding database path with different value: C:\Users\santi\.stmcufinder\plugins\mcufinder/ => C:\Users\santi\.stmcufinder\plugins\mcufinder
2026-04-19 23:31:09,601 [INFO] ApiDb:250 - Set database path to: C:\Users\santi\.stmcufinder\plugins\mcufinder//mcu/
2026-04-19 23:31:09,601 [WARN] DbFile:41 - Overriding database path with different value: C:\Users\santi\.stmcufinder\plugins\mcufinder/ => C:\Users\santi\.stmcufinder\plugins\mcufinder
2026-04-19 23:31:09,601 [INFO] DbMcusAds:125 - Set database path to: C:\Users\santi\.stmcufinder\plugins\mcufinder//mcu/
2026-04-19 23:31:09,601 [WARN] DbFile:41 - Overriding database path with different value: C:\Users\santi\.stmcufinder\plugins\mcufinder/ => C:\Users\santi\.stmcufinder\plugins\mcufinder
2026-04-19 23:31:09,601 [WARN] DbFile:41 - Overriding database path with different value: C:\Users\santi\.stmcufinder\plugins\mcufinder/ => C:\Users\santi\.stmcufinder\plugins\mcufinder
2026-04-19 23:31:09,601 [INFO] CrossReferenceDbSqlite:203 - Set database path to: C:\Users\santi\.stmcufinder\plugins\mcufinder//mcu/cs/
2026-04-19 23:31:09,704 [INFO] MainPanel:274 - HeapMemory: 268435456
2026-04-19 23:31:09,830 [INFO] DbMcusXml:78 - Set database path to: C:\ST\STM32CubeIDE_1.19.0\STM32CubeIDE\plugins\com.st.stm32cube.common.mx_6.15.0.202507011659\\db\/mcu/
2026-04-19 23:31:09,830 [INFO] ApiDb:274 - Set plugin database path to: C:\ST\STM32CubeIDE_1.19.0\STM32CubeIDE\plugins\com.st.stm32cube.common.mx_6.15.0.202507011659\\db\/plugins/boardmanager/
2026-04-19 23:31:09,830 [INFO] ApiDb:261 - Set plugin images path to: C:\ST\STM32CubeIDE_1.19.0\STM32CubeIDE\plugins\com.st.stm32cube.common.mx_6.15.0.202507011659\\db\/plugins/mcufinder/images/
2026-04-19 23:31:09,830 [WARN] DbFile:41 - Overriding database path with different value: C:\Users\santi\.stmcufinder\plugins\mcufinder/ => C:\Users\santi\.stmcufinder\plugins\mcufinder
2026-04-19 23:31:09,830 [INFO] ApiDb:250 - Set database path to: C:\Users\santi\.stmcufinder\plugins\mcufinder//mcu/
2026-04-19 23:31:09,830 [WARN] DbFile:41 - Overriding database path with different value: C:\Users\santi\.stmcufinder\plugins\mcufinder/ => C:\Users\santi\.stmcufinder\plugins\mcufinder
2026-04-19 23:31:09,830 [INFO] DbMcusAds:125 - Set database path to: C:\Users\santi\.stmcufinder\plugins\mcufinder//mcu/
2026-04-19 23:31:09,832 [WARN] DbFile:41 - Overriding database path with different value: C:\Users\santi\.stmcufinder\plugins\mcufinder/ => C:\Users\santi\.stmcufinder\plugins\mcufinder
2026-04-19 23:31:09,832 [WARN] DbFile:41 - Overriding database path with different value: C:\Users\santi\.stmcufinder\plugins\mcufinder/ => C:\Users\santi\.stmcufinder\plugins\mcufinder
2026-04-19 23:31:09,832 [INFO] CrossReferenceDbSqlite:203 - Set database path to: C:\Users\santi\.stmcufinder\plugins\mcufinder//mcu/cs/
2026-04-19 23:31:09,864 [INFO] ApplicationProperties:184 - Using Application install path: C:\ST\STM32CubeIDE_1.19.0\STM32CubeIDE\plugins\com.st.stm32cube.common.mx_6.15.0.202507011659
2026-04-19 23:31:09,866 [INFO] PluginManage:196 - Search for loadable plugins [exclusion list=, ]
2026-04-19 23:31:09,868 [INFO] PluginManage:310 - Check plugin analytics
2026-04-19 23:31:10,181 [INFO] AnalyticsPlugin:253 - Accepted Software Licenses: 
2026-04-19 23:31:10,182 [INFO] AnalyticsPlugin:255 - Accepted CMSIS Pack Licenses: 
2026-04-19 23:31:10,182 [INFO] AnalyticsPlugin:257 - Accepted Firmware Licenses: 
2026-04-19 23:31:10,187 [INFO] PluginManage:359 - Loaded plugin analytics (category:tool,tabindex:-1)
2026-04-19 23:31:10,188 [INFO] PluginManage:310 - Check plugin cadmodel
2026-04-19 23:31:10,197 [INFO] CADModel:105 - Init CAD model plugin
2026-04-19 23:31:10,197 [INFO] PluginManage:359 - Loaded plugin cadmodel (category:power,tabindex:5)
2026-04-19 23:31:10,197 [INFO] PluginManage:310 - Check plugin clock
2026-04-19 23:31:10,206 [INFO] PluginManage:359 - Loaded plugin clock (category:base,tabindex:2)
2026-04-19 23:31:10,206 [INFO] PluginManage:310 - Check plugin ddr
2026-04-19 23:31:10,212 [INFO] PluginManage:359 - Loaded plugin ddr (category:tool,tabindex:6)
2026-04-19 23:31:10,213 [INFO] PluginManage:310 - Check plugin filemanager
2026-04-19 23:31:10,514 [INFO] PluginManage:359 - Loaded plugin filemanager (category:base,tabindex:10)
2026-04-19 23:31:10,514 [INFO] PluginManage:310 - Check plugin ipmanager
2026-04-19 23:31:10,524 [INFO] PluginManage:359 - Loaded plugin ipmanager (category:base,tabindex:5)
2026-04-19 23:31:10,524 [INFO] PluginManage:310 - Check plugin lpbam
2026-04-19 23:31:10,546 [INFO] PluginManage:359 - Loaded plugin lpbam (category:base,tabindex:0)
2026-04-19 23:31:10,547 [INFO] PluginManage:310 - Check plugin memorymap
2026-04-19 23:31:10,593 [INFO] PluginManage:359 - Loaded plugin memorymap (category:base,tabindex:4)
2026-04-19 23:31:10,593 [INFO] PluginManage:310 - Check plugin pinoutandconfiguration
2026-04-19 23:31:10,606 [INFO] PluginManage:359 - Loaded plugin pinoutandconfiguration (category:base,tabindex:1)
2026-04-19 23:31:10,606 [INFO] PluginManage:310 - Check plugin pinoutconfig
2026-04-19 23:31:10,784 [WARN] SupportedApi:132 - Cannot load RTOS API schema: s4s-elt-must-match.1: The content of 'definitions' must match (annotation?, (simpleType | complexType)?, (unique | key | keyref)*)). A problem was found starting at: attribute.
2026-04-19 23:31:11,009 [INFO] PluginManage:359 - Loaded plugin pinoutconfig (category:base,tabindex:0)
2026-04-19 23:31:11,009 [INFO] PluginManage:310 - Check plugin power
2026-04-19 23:31:11,018 [INFO] PluginManage:359 - Loaded plugin power (category:power,tabindex:4)
2026-04-19 23:31:11,019 [INFO] PluginManage:310 - Check plugin projectmanager
2026-04-19 23:31:11,040 [INFO] PluginManage:359 - Loaded plugin projectmanager (category:projectmanager,tabindex:4)
2026-04-19 23:31:11,040 [INFO] PluginManage:310 - Check plugin rif
2026-04-19 23:31:11,049 [INFO] PluginManage:359 - Loaded plugin rif (category:base,tabindex:3)
2026-04-19 23:31:11,049 [INFO] PluginManage:310 - Check plugin thirdparty
2026-04-19 23:31:11,206 [INFO] PluginManage:359 - Loaded plugin thirdparty (category:base,tabindex:-1)
2026-04-19 23:31:11,206 [INFO] PluginManage:310 - Check plugin tools
2026-04-19 23:31:11,206 [WARN] IntegrityCheckThread:84 - waiting for thirdparty lock release [integrity check]
2026-04-19 23:31:11,206 [INFO] IntegrityCheckThread:86 - entering critical section [integrity check]
2026-04-19 23:31:11,207 [INFO] ThirdPartyUpdaterWithRetryManager:70 - Updater plugin not ready yet. [1/15]
2026-04-19 23:31:11,210 [INFO] PluginManage:359 - Loaded plugin tools (category:base,tabindex:7)
2026-04-19 23:31:11,210 [INFO] PluginManage:310 - Check plugin tutovideos
2026-04-19 23:31:11,494 [INFO] PluginManage:359 - Loaded plugin tutovideos (category:base,tabindex:-1)
2026-04-19 23:31:11,495 [INFO] PluginManage:310 - Check plugin updater
2026-04-19 23:31:11,516 [INFO] PluginManage:359 - Loaded plugin updater (category:base,tabindex:12)
2026-04-19 23:31:11,516 [INFO] PluginManage:310 - Check plugin userauth
2026-04-19 23:31:11,525 [INFO] UserAuth:118 - Init User Auth plugin
2026-04-19 23:31:11,526 [INFO] PluginManage:359 - Loaded plugin userauth (category:base,tabindex:14)
2026-04-19 23:31:11,526 [INFO] PluginManage:283 - PluginManage : Loaded plugins [18]
2026-04-19 23:31:11,831 [INFO] PinOutPanel:1589 - setPackage(No Configuration,No Configuration)
2026-04-19 23:31:11,992 [INFO] CADModel:165 - CPN selected for project level
2026-04-19 23:31:11,993 [INFO] CADModel:114 - Register for checkConnection events
2026-04-19 23:31:12,015 [INFO] IPUIPlugin:80 - create IPUIPlugin
2026-04-19 23:31:12,015 [INFO] PluginManager:220 - loadIPPluginJar : add adc
2026-04-19 23:31:12,023 [INFO] IPUIPlugin:80 - create IPUIPlugin
2026-04-19 23:31:12,023 [INFO] PluginManager:220 - loadIPPluginJar : add aes
2026-04-19 23:31:12,027 [INFO] IPUIPlugin:80 - create IPUIPlugin
2026-04-19 23:31:12,028 [INFO] PluginManager:220 - loadIPPluginJar : add can
2026-04-19 23:31:12,031 [INFO] IPUIPlugin:80 - create IPUIPlugin
2026-04-19 23:31:12,032 [INFO] PluginManager:220 - loadIPPluginJar : add comp
2026-04-19 23:31:12,034 [INFO] IPUIPlugin:80 - create IPUIPlugin
2026-04-19 23:31:12,035 [INFO] PluginManager:220 - loadIPPluginJar : add cryp
2026-04-19 23:31:12,037 [INFO] IPUIPlugin:80 - create IPUIPlugin
2026-04-19 23:31:12,037 [INFO] PluginManager:220 - loadIPPluginJar : add ddr_ctrl_phy
2026-04-19 23:31:12,039 [INFO] IPUIPlugin:80 - create IPUIPlugin
2026-04-19 23:31:12,040 [INFO] PluginManager:220 - loadIPPluginJar : add dfsdm
2026-04-19 23:31:12,047 [INFO] IPUIPlugin:80 - create IPUIPlugin
2026-04-19 23:31:12,047 [INFO] PluginManager:220 - loadIPPluginJar : add dma
2026-04-19 23:31:12,051 [INFO] IPUIPlugin:80 - create IPUIPlugin
2026-04-19 23:31:12,052 [INFO] PluginManager:220 - loadIPPluginJar : add dma3
2026-04-19 23:31:12,058 [INFO] IPUIPlugin:80 - create IPUIPlugin
2026-04-19 23:31:12,058 [INFO] PluginManager:220 - loadIPPluginJar : add extmemmanager
2026-04-19 23:31:12,061 [INFO] IPUIPlugin:80 - create IPUIPlugin
2026-04-19 23:31:12,063 [INFO] PluginManager:220 - loadIPPluginJar : add fatfs
2026-04-19 23:31:12,069 [INFO] IPUIPlugin:80 - create IPUIPlugin
2026-04-19 23:31:12,069 [INFO] PluginManager:220 - loadIPPluginJar : add fmc
2026-04-19 23:31:12,080 [INFO] IPUIPlugin:80 - create IPUIPlugin
2026-04-19 23:31:12,080 [INFO] PluginManager:220 - loadIPPluginJar : add freertos
2026-04-19 23:31:12,083 [INFO] IPUIPlugin:80 - create IPUIPlugin
2026-04-19 23:31:12,083 [INFO] PluginManager:220 - loadIPPluginJar : add genericplugin
2026-04-19 23:31:12,086 [INFO] IPUIPlugin:80 - create IPUIPlugin
2026-04-19 23:31:12,087 [INFO] PluginManager:220 - loadIPPluginJar : add gfxmmu
2026-04-19 23:31:12,096 [INFO] IPUIPlugin:80 - create IPUIPlugin
2026-04-19 23:31:12,096 [INFO] PluginManager:220 - loadIPPluginJar : add gic
2026-04-19 23:31:12,104 [INFO] IPUIPlugin:80 - create IPUIPlugin
2026-04-19 23:31:12,104 [INFO] PluginManager:220 - loadIPPluginJar : add gpio
2026-04-19 23:31:12,106 [INFO] IPUIPlugin:80 - create IPUIPlugin
2026-04-19 23:31:12,106 [INFO] PluginManager:220 - loadIPPluginJar : add gtzc
2026-04-19 23:31:12,115 [INFO] IPUIPlugin:80 - create IPUIPlugin
2026-04-19 23:31:12,115 [INFO] PluginManager:220 - loadIPPluginJar : add hash
2026-04-19 23:31:12,119 [INFO] IPUIPlugin:80 - create IPUIPlugin
2026-04-19 23:31:12,123 [INFO] PluginManager:220 - loadIPPluginJar : add i2c
2026-04-19 23:31:12,127 [INFO] IPUIPlugin:80 - create IPUIPlugin
2026-04-19 23:31:12,127 [INFO] PluginManager:220 - loadIPPluginJar : add i2s
2026-04-19 23:31:12,131 [INFO] IPUIPlugin:80 - create IPUIPlugin
2026-04-19 23:31:12,131 [INFO] PluginManager:220 - loadIPPluginJar : add i3c
2026-04-19 23:31:12,136 [INFO] IPUIPlugin:80 - create IPUIPlugin
2026-04-19 23:31:12,137 [INFO] PluginManager:220 - loadIPPluginJar : add ipddr
2026-04-19 23:31:12,146 [INFO] IPUIPlugin:80 - create IPUIPlugin
2026-04-19 23:31:12,146 [INFO] PluginManager:220 - loadIPPluginJar : add linkedlist
2026-04-19 23:31:12,152 [INFO] IPUIPlugin:80 - create IPUIPlugin
2026-04-19 23:31:12,152 [INFO] PluginManager:220 - loadIPPluginJar : add lorawan
2026-04-19 23:31:12,153 [INFO] IPUIPlugin:80 - create IPUIPlugin
2026-04-19 23:31:12,155 [INFO] PluginManager:220 - loadIPPluginJar : add ltdc
2026-04-19 23:31:12,156 [INFO] IPUIPlugin:80 - create IPUIPlugin
2026-04-19 23:31:12,163 [INFO] PluginManager:220 - loadIPPluginJar : add mdma
2026-04-19 23:31:12,166 [INFO] IPUIPlugin:80 - create IPUIPlugin
2026-04-19 23:31:12,166 [INFO] PluginManager:220 - loadIPPluginJar : add nvic
2026-04-19 23:31:12,168 [INFO] IPUIPlugin:80 - create IPUIPlugin
2026-04-19 23:31:12,168 [INFO] PluginManager:220 - loadIPPluginJar : add opamp
2026-04-19 23:31:12,173 [INFO] IPUIPlugin:80 - create IPUIPlugin
2026-04-19 23:31:12,173 [INFO] PluginManager:220 - loadIPPluginJar : add openamp
2026-04-19 23:31:12,174 [INFO] IPUIPlugin:80 - create IPUIPlugin
2026-04-19 23:31:12,174 [INFO] PluginManager:220 - loadIPPluginJar : add pdm2pcm
2026-04-19 23:31:12,181 [INFO] IPUIPlugin:80 - create IPUIPlugin
2026-04-19 23:31:12,185 [INFO] PluginManager:220 - loadIPPluginJar : add plateformsettings
2026-04-19 23:31:12,186 [INFO] IPUIPlugin:80 - create IPUIPlugin
2026-04-19 23:31:12,186 [INFO] PluginManager:220 - loadIPPluginJar : add quadspi
2026-04-19 23:31:12,188 [INFO] IPUIPlugin:80 - create IPUIPlugin
2026-04-19 23:31:12,188 [INFO] PluginManager:220 - loadIPPluginJar : add radio
2026-04-19 23:31:12,191 [INFO] IPUIPlugin:80 - create IPUIPlugin
2026-04-19 23:31:12,191 [INFO] PluginManager:220 - loadIPPluginJar : add resmgrutility
2026-04-19 23:31:12,194 [INFO] IPUIPlugin:80 - create IPUIPlugin
2026-04-19 23:31:12,194 [INFO] PluginManager:220 - loadIPPluginJar : add sai
2026-04-19 23:31:12,196 [INFO] IPUIPlugin:80 - create IPUIPlugin
2026-04-19 23:31:12,196 [INFO] PluginManager:220 - loadIPPluginJar : add spi
2026-04-19 23:31:12,196 [INFO] IPUIPlugin:80 - create IPUIPlugin
2026-04-19 23:31:12,196 [INFO] PluginManager:220 - loadIPPluginJar : add stm32_wpan
2026-04-19 23:31:12,203 [INFO] IPUIPlugin:80 - create IPUIPlugin
2026-04-19 23:31:12,203 [INFO] PluginManager:220 - loadIPPluginJar : add tim
2026-04-19 23:31:12,206 [INFO] IPUIPlugin:80 - create IPUIPlugin
2026-04-19 23:31:12,206 [INFO] PluginManager:220 - loadIPPluginJar : add touchsensing
2026-04-19 23:31:12,206 [INFO] IPUIPlugin:80 - create IPUIPlugin
2026-04-19 23:31:12,206 [INFO] PluginManager:220 - loadIPPluginJar : add tracer_emb
2026-04-19 23:31:12,213 [INFO] IPUIPlugin:80 - create IPUIPlugin
2026-04-19 23:31:12,213 [INFO] PluginManager:220 - loadIPPluginJar : add ts
2026-04-19 23:31:12,214 [INFO] IPUIPlugin:80 - create IPUIPlugin
2026-04-19 23:31:12,215 [INFO] PluginManager:220 - loadIPPluginJar : add tsc
2026-04-19 23:31:12,218 [INFO] IPUIPlugin:80 - create IPUIPlugin
2026-04-19 23:31:12,218 [INFO] PluginManager:220 - loadIPPluginJar : add ucpd
2026-04-19 23:31:12,221 [INFO] IPUIPlugin:80 - create IPUIPlugin
2026-04-19 23:31:12,221 [INFO] PluginManager:220 - loadIPPluginJar : add usart
2026-04-19 23:31:12,226 [INFO] IPUIPlugin:80 - create IPUIPlugin
2026-04-19 23:31:12,226 [INFO] PluginManager:220 - loadIPPluginJar : add usbx
2026-04-19 23:31:12,409 [FATAL] Updater:351 - Updater called before beeing initialized
2026-04-19 23:31:12,464 [INFO] RulesReader:64 - Compatibility file has been processed (317 Rules)
2026-04-19 23:31:12,491 [INFO] RulesReader:64 - Compatibility file has been processed (317 Rules)
2026-04-19 23:31:12,504 [INFO] CADModel:165 - CPN selected for project level
2026-04-19 23:31:12,504 [INFO] CADModel:114 - Register for checkConnection events
2026-04-19 23:31:12,504 [FATAL] Updater:351 - Updater called before beeing initialized
2026-04-19 23:31:12,506 [ERROR] CADModel:125 - Updater not yet initialized, retry later 
2026-04-19 23:31:12,786 [FATAL] Updater:351 - Updater called before beeing initialized
2026-04-19 23:31:12,790 [INFO] CADModel:165 - CPN selected for project level
2026-04-19 23:31:12,790 [INFO] CADModel:114 - Register for checkConnection events
2026-04-19 23:31:12,790 [FATAL] Updater:351 - Updater called before beeing initialized
2026-04-19 23:31:12,790 [ERROR] CADModel:125 - Updater not yet initialized, retry later 
2026-04-19 23:31:12,797 [FATAL] Updater:351 - Updater called before beeing initialized
2026-04-19 23:31:12,982 [FATAL] Updater:351 - Updater called before beeing initialized
2026-04-19 23:31:12,989 [INFO] DbMcusAds:53 - JSON generation date=Thu Sep 30 03:55:09 ART 2021 (1632984909247)
2026-04-19 23:31:12,990 [FATAL] Updater:351 - Updater called before beeing initialized
2026-04-19 23:31:13,033 [WARN] DetailPanel:346 - Failed to get advertising image, set to default
2026-04-19 23:31:13,125 [FATAL] Updater:351 - Updater called before beeing initialized
2026-04-19 23:31:13,127 [FATAL] Updater:351 - Updater called before beeing initialized
2026-04-19 23:31:13,127 [FATAL] Updater:351 - Updater called before beeing initialized
2026-04-19 23:31:13,127 [WARN] DetailPanel:346 - Failed to get advertising image, set to default
2026-04-19 23:31:13,128 [FATAL] Updater:351 - Updater called before beeing initialized
2026-04-19 23:31:13,183 [ERROR] Updater:1198 - MainUpdater not yet initialized. External WinMGr cannot be set.
2026-04-19 23:31:13,184 [INFO] Updater:1134 - Updater Version found : 6.15.0
2026-04-19 23:31:13,203 [INFO] ApplicationProperties:184 - Using Application install path: C:\ST\STM32CubeIDE_1.19.0\STM32CubeIDE\plugins\com.st.stm32cube.common.mx_6.15.0.202507011659
2026-04-19 23:31:14,222 [INFO] ThirdPartyUpdaterWithRetryManager:70 - Updater plugin not ready yet. [2/15]
2026-04-19 23:31:14,816 [ERROR] LogOutputStream:75 - [STDERR_REDIRECT] Apr 19, 2026 11:31:14 PM java.util.prefs.WindowsPreferences <init>
2026-04-19 23:31:14,817 [ERROR] LogOutputStream:75 - [STDERR_REDIRECT] WARNING: Could not open/create prefs root node Software\JavaSoft\Prefs at root 0xffffffff80000002. Windows RegCreateKeyEx(...) returned error code 5.
2026-04-19 23:31:14,818 [ERROR] LogOutputStream:75 - [STDERR_REDIRECT] 
2026-04-19 23:31:15,109 [INFO] MainUpdater:2872 - connection check result : 10
2026-04-19 23:31:15,109 [INFO] MainUpdater:3604 - Updater definition file requires update
2026-04-19 23:31:15,110 [INFO] MainUpdater:289 - Updater Check For Update Now.
2026-04-19 23:31:15,110 [INFO] MicroXplorer:498 - Change Database Version : DB.6.0.150
2026-04-19 23:31:15,121 [INFO] McuFinderGlobals:63 - Set McuFinder mode to 2 (CubeIDE integrated)
2026-04-19 23:31:15,121 [INFO] UserAuth:171 - activating auth plugin
2026-04-19 23:31:15,124 [INFO] UserAuth:487 - Internet connection configuration mode: 1
2026-04-19 23:31:15,136 [INFO] JxBrowserEngine:152 - Initiate JxBrowser Engine with user profile folder
2026-04-19 23:31:15,216 [INFO] ServerAccessManage:452 - Complete download http(s) 200
2026-04-19 23:31:15,218 [INFO] ServerAccessManage:509 - Download File updaters.zip
2026-04-19 23:31:15,413 [INFO] FileExtend:248 - Unzip File : updaters.zip
2026-04-19 23:31:15,413 [INFO] FileExtend:263 - Standard Zip Deflate
2026-04-19 23:31:15,867 [INFO] ServerAccessManage:452 - Complete download http(s) 200
2026-04-19 23:31:15,867 [INFO] ServerAccessManage:509 - Download File PacksControlFlags.xml
2026-04-19 23:31:16,001 [INFO] ServerAccessManage:452 - Complete download http(s) 200
2026-04-19 23:31:16,001 [INFO] ServerAccessManage:509 - Download File cubemx.pidx
2026-04-19 23:31:16,161 [INFO] LoadServerUpdatesThread:375 - End of LoadServerUpdate Thread
2026-04-19 23:31:16,260 [WARN] CheckServerUpdateThread:151 - Open CheckUpdateFile Fail
2026-04-19 23:31:16,269 [INFO] WebApp:169 - Instantiating new browser for Auth
2026-04-19 23:31:16,397 [INFO] CheckServerUpdateThread:120 - End of CheckServer Thread
2026-04-19 23:31:17,077 [INFO] WebApp:463 - Apply proxy settings
2026-04-19 23:31:17,078 [INFO] WebApp:548 - Chromium requires no authentication
2026-04-19 23:31:17,087 [INFO] WebApp:491 - Direct internet connection detected
2026-04-19 23:31:17,113 [INFO] WebApp:900 - Register for checkConnection events
2026-04-19 23:31:17,114 [INFO] WebApp:463 - Apply proxy settings
2026-04-19 23:31:17,114 [INFO] WebApp:548 - Chromium requires no authentication
2026-04-19 23:31:17,117 [INFO] WebApp:491 - Direct internet connection detected
2026-04-19 23:31:17,344 [INFO] WebApp:225 - Starting web application
2026-04-19 23:31:17,344 [INFO] WebApp:593 - Web application path used C:\ST\STM32CubeIDE_1.19.0\STM32CubeIDE\plugins\com.st.stm32cube.common.mx_6.15.0.202507011659\db\plugins\mcufinder\reactClient1\index.html
2026-04-19 23:31:17,394 [WARN] PackLoader:240 - Cannot read IP mode file for STMicroelectronics.FP-ATR-ASTRA1.2.0.2
2026-04-19 23:31:17,414 [WARN] PackLoader:240 - Cannot read IP mode file for STMicroelectronics.FP-SNS-SMARTAG2.1.2.0
2026-04-19 23:31:17,423 [INFO] WebApp:191 - Connection restablished
2026-04-19 23:31:17,424 [WARN] PackLoader:240 - Cannot read IP mode file for STMicroelectronics.FP-SNS-FLIGHT1.5.1.0
2026-04-19 23:31:17,435 [WARN] PackLoader:240 - Cannot read IP mode file for STMicroelectronics.X-CUBE-BLE2.3.3.0
2026-04-19 23:31:17,444 [WARN] PackLoader:240 - Cannot read IP mode file for STMicroelectronics.X-CUBE-BLE1.7.1.0
2026-04-19 23:31:17,454 [WARN] PackLoader:240 - Cannot read IP mode file for STMicroelectronics.FP-ATR-SIGFOX1.3.2.0
2026-04-19 23:31:17,470 [WARN] PackLoader:240 - Cannot read IP mode file for STMicroelectronics.X-CUBE-ALS.1.0.2
2026-04-19 23:31:17,472 [INFO] ThirdParty:978 - Integrity check success = true
2026-04-19 23:31:17,472 [INFO] IntegrityCheckThread:100 - exiting critical section [integrity check]
2026-04-19 23:31:17,473 [INFO] IntegrityCheckThread:103 - End integrity checks thread
2026-04-19 23:31:17,673 [ERROR] LogOutputStream:75 - [STDERR_REDIRECT] [Fatal Error] :1:1: Premature end of file.
2026-04-19 23:31:17,674 [ERROR] LogOutputStream:75 - [STDERR_REDIRECT] 
2026-04-19 23:31:18,591 [ERROR] LogOutputStream:75 - [STDERR_REDIRECT] [Fatal Error] :1:1: Premature end of file.
2026-04-19 23:31:18,591 [ERROR] LogOutputStream:75 - [STDERR_REDIRECT] 
2026-04-19 23:31:19,591 [ERROR] LogOutputStream:75 - [STDERR_REDIRECT] [Fatal Error] :1:1: Premature end of file.
2026-04-19 23:31:19,592 [ERROR] LogOutputStream:75 - [STDERR_REDIRECT] 
2026-04-19 23:31:20,611 [ERROR] LogOutputStream:75 - [STDERR_REDIRECT] [Fatal Error] :1:1: Premature end of file.
2026-04-19 23:31:20,613 [ERROR] LogOutputStream:75 - [STDERR_REDIRECT] 
2026-04-19 23:31:21,608 [ERROR] LogOutputStream:75 - [STDERR_REDIRECT] [Fatal Error] :1:1: Premature end of file.
2026-04-19 23:31:21,608 [ERROR] LogOutputStream:75 - [STDERR_REDIRECT] 
2026-04-19 23:31:22,601 [ERROR] LogOutputStream:75 - [STDERR_REDIRECT] [Fatal Error] :1:1: Premature end of file.
2026-04-19 23:31:22,602 [ERROR] LogOutputStream:75 - [STDERR_REDIRECT] 
2026-04-19 23:31:23,603 [ERROR] LogOutputStream:75 - [STDERR_REDIRECT] [Fatal Error] :1:1: Premature end of file.
2026-04-19 23:31:23,603 [ERROR] LogOutputStream:75 - [STDERR_REDIRECT] 
2026-04-19 23:31:24,603 [ERROR] LogOutputStream:75 - [STDERR_REDIRECT] [Fatal Error] :1:1: Premature end of file.
2026-04-19 23:31:24,605 [ERROR] LogOutputStream:75 - [STDERR_REDIRECT] 
2026-04-19 23:31:25,606 [ERROR] LogOutputStream:75 - [STDERR_REDIRECT] [Fatal Error] :1:1: Premature end of file.
2026-04-19 23:31:25,606 [ERROR] LogOutputStream:75 - [STDERR_REDIRECT] 
2026-04-19 23:31:26,602 [ERROR] LogOutputStream:75 - [STDERR_REDIRECT] [Fatal Error] :1:1: Premature end of file.
2026-04-19 23:31:26,603 [ERROR] LogOutputStream:75 - [STDERR_REDIRECT] 
2026-04-19 23:31:27,596 [ERROR] LogOutputStream:75 - [STDERR_REDIRECT] [Fatal Error] :1:1: Premature end of file.
2026-04-19 23:31:27,596 [ERROR] LogOutputStream:75 - [STDERR_REDIRECT] 
2026-04-19 23:31:28,598 [ERROR] LogOutputStream:75 - [STDERR_REDIRECT] [Fatal Error] :1:1: Premature end of file.
2026-04-19 23:31:28,598 [ERROR] LogOutputStream:75 - [STDERR_REDIRECT] 
2026-04-19 23:31:29,596 [ERROR] LogOutputStream:75 - [STDERR_REDIRECT] [Fatal Error] :1:1: Premature end of file.
2026-04-19 23:31:29,596 [ERROR] LogOutputStream:75 - [STDERR_REDIRECT] 
2026-04-19 23:31:30,604 [ERROR] LogOutputStream:75 - [STDERR_REDIRECT] [Fatal Error] :1:1: Premature end of file.
2026-04-19 23:31:30,604 [ERROR] LogOutputStream:75 - [STDERR_REDIRECT] 
2026-04-19 23:31:31,600 [ERROR] LogOutputStream:75 - [STDERR_REDIRECT] [Fatal Error] :1:1: Premature end of file.
2026-04-19 23:31:31,600 [ERROR] LogOutputStream:75 - [STDERR_REDIRECT] 
2026-04-19 23:31:32,603 [ERROR] LogOutputStream:75 - [STDERR_REDIRECT] [Fatal Error] :1:1: Premature end of file.
2026-04-19 23:31:32,603 [ERROR] LogOutputStream:75 - [STDERR_REDIRECT] 
2026-04-19 23:31:33,613 [ERROR] LogOutputStream:75 - [STDERR_REDIRECT] [Fatal Error] :1:1: Premature end of file.
2026-04-19 23:31:33,613 [ERROR] LogOutputStream:75 - [STDERR_REDIRECT] 
2026-04-19 23:31:34,605 [ERROR] LogOutputStream:75 - [STDERR_REDIRECT] [Fatal Error] :1:1: Premature end of file.
2026-04-19 23:31:34,605 [ERROR] LogOutputStream:75 - [STDERR_REDIRECT] 
2026-04-19 23:31:35,601 [ERROR] LogOutputStream:75 - [STDERR_REDIRECT] [Fatal Error] :1:1: Premature end of file.
2026-04-19 23:31:35,601 [ERROR] LogOutputStream:75 - [STDERR_REDIRECT] 
2026-04-19 23:31:36,596 [ERROR] LogOutputStream:75 - [STDERR_REDIRECT] [Fatal Error] :1:1: Premature end of file.
2026-04-19 23:31:36,596 [ERROR] LogOutputStream:75 - [STDERR_REDIRECT] 
2026-04-19 23:31:37,603 [ERROR] LogOutputStream:75 - [STDERR_REDIRECT] [Fatal Error] :1:1: Premature end of file.
2026-04-19 23:31:37,603 [ERROR] LogOutputStream:75 - [STDERR_REDIRECT] 
2026-04-19 23:31:38,596 [ERROR] LogOutputStream:75 - [STDERR_REDIRECT] [Fatal Error] :1:1: Premature end of file.
2026-04-19 23:31:38,597 [ERROR] LogOutputStream:75 - [STDERR_REDIRECT] 
2026-04-19 23:31:39,590 [ERROR] LogOutputStream:75 - [STDERR_REDIRECT] [Fatal Error] :1:1: Premature end of file.
2026-04-19 23:31:39,590 [ERROR] LogOutputStream:75 - [STDERR_REDIRECT] 
2026-04-19 23:31:40,589 [ERROR] LogOutputStream:75 - [STDERR_REDIRECT] [Fatal Error] :1:1: Premature end of file.
2026-04-19 23:31:40,589 [ERROR] LogOutputStream:75 - [STDERR_REDIRECT] 
2026-04-19 23:31:41,609 [ERROR] LogOutputStream:75 - [STDERR_REDIRECT] [Fatal Error] :1:1: Premature end of file.
2026-04-19 23:31:41,609 [ERROR] LogOutputStream:75 - [STDERR_REDIRECT] 
2026-04-19 23:31:42,601 [ERROR] LogOutputStream:75 - [STDERR_REDIRECT] [Fatal Error] :1:1: Premature end of file.
2026-04-19 23:31:42,601 [ERROR] LogOutputStream:75 - [STDERR_REDIRECT] 
2026-04-19 23:31:43,595 [ERROR] LogOutputStream:75 - [STDERR_REDIRECT] [Fatal Error] :1:1: Premature end of file.
2026-04-19 23:31:43,595 [ERROR] LogOutputStream:75 - [STDERR_REDIRECT] 
2026-04-19 23:31:44,595 [ERROR] LogOutputStream:75 - [STDERR_REDIRECT] [Fatal Error] :1:1: Premature end of file.
2026-04-19 23:31:44,595 [ERROR] LogOutputStream:75 - [STDERR_REDIRECT] 
2026-04-19 23:31:45,596 [ERROR] LogOutputStream:75 - [STDERR_REDIRECT] [Fatal Error] :1:1: Premature end of file.
2026-04-19 23:31:45,596 [ERROR] LogOutputStream:75 - [STDERR_REDIRECT] 
2026-04-19 23:31:46,595 [ERROR] LogOutputStream:75 - [STDERR_REDIRECT] [Fatal Error] :1:1: Premature end of file.
2026-04-19 23:31:46,596 [ERROR] LogOutputStream:75 - [STDERR_REDIRECT] 
2026-04-19 23:31:47,589 [ERROR] LogOutputStream:75 - [STDERR_REDIRECT] [Fatal Error] :1:1: Premature end of file.
2026-04-19 23:31:47,590 [ERROR] LogOutputStream:75 - [STDERR_REDIRECT] 
2026-04-19 23:31:48,603 [ERROR] LogOutputStream:75 - [STDERR_REDIRECT] [Fatal Error] :1:1: Premature end of file.
2026-04-19 23:31:48,603 [ERROR] LogOutputStream:75 - [STDERR_REDIRECT] 
2026-04-19 23:31:49,588 [ERROR] LogOutputStream:75 - [STDERR_REDIRECT] [Fatal Error] :1:1: Premature end of file.
2026-04-19 23:31:49,588 [ERROR] LogOutputStream:75 - [STDERR_REDIRECT] 
2026-04-19 23:31:50,599 [ERROR] LogOutputStream:75 - [STDERR_REDIRECT] [Fatal Error] :1:1: Premature end of file.
2026-04-19 23:31:50,599 [ERROR] LogOutputStream:75 - [STDERR_REDIRECT] 
2026-04-19 23:31:51,595 [ERROR] LogOutputStream:75 - [STDERR_REDIRECT] [Fatal Error] :1:1: Premature end of file.
2026-04-19 23:31:51,597 [ERROR] LogOutputStream:75 - [STDERR_REDIRECT] 
2026-04-19 23:31:52,590 [ERROR] LogOutputStream:75 - [STDERR_REDIRECT] [Fatal Error] :1:1: Premature end of file.
2026-04-19 23:31:52,590 [ERROR] LogOutputStream:75 - [STDERR_REDIRECT] 
2026-04-19 23:31:53,588 [ERROR] LogOutputStream:75 - [STDERR_REDIRECT] [Fatal Error] :1:1: Premature end of file.
2026-04-19 23:31:53,589 [ERROR] LogOutputStream:75 - [STDERR_REDIRECT] 
2026-04-19 23:31:54,595 [ERROR] LogOutputStream:75 - [STDERR_REDIRECT] [Fatal Error] :1:1: Premature end of file.
2026-04-19 23:31:54,596 [ERROR] LogOutputStream:75 - [STDERR_REDIRECT] 
2026-04-19 23:31:55,594 [ERROR] LogOutputStream:75 - [STDERR_REDIRECT] [Fatal Error] :1:1: Premature end of file.
2026-04-19 23:31:55,594 [ERROR] LogOutputStream:75 - [STDERR_REDIRECT] 
2026-04-19 23:31:56,597 [ERROR] LogOutputStream:75 - [STDERR_REDIRECT] [Fatal Error] :1:1: Premature end of file.
2026-04-19 23:31:56,598 [ERROR] LogOutputStream:75 - [STDERR_REDIRECT] 
2026-04-19 23:31:57,595 [ERROR] LogOutputStream:75 - [STDERR_REDIRECT] [Fatal Error] :1:1: Premature end of file.
2026-04-19 23:31:57,595 [ERROR] LogOutputStream:75 - [STDERR_REDIRECT] 
2026-04-19 23:31:58,593 [ERROR] LogOutputStream:75 - [STDERR_REDIRECT] [Fatal Error] :1:1: Premature end of file.
2026-04-19 23:31:58,594 [ERROR] LogOutputStream:75 - [STDERR_REDIRECT] 
2026-04-19 23:31:59,600 [ERROR] LogOutputStream:75 - [STDERR_REDIRECT] [Fatal Error] :1:1: Premature end of file.
2026-04-19 23:31:59,600 [ERROR] LogOutputStream:75 - [STDERR_REDIRECT] 
2026-04-19 23:32:00,596 [ERROR] LogOutputStream:75 - [STDERR_REDIRECT] [Fatal Error] :1:1: Premature end of file.
2026-04-19 23:32:00,596 [ERROR] LogOutputStream:75 - [STDERR_REDIRECT] 
2026-04-19 23:32:01,599 [ERROR] LogOutputStream:75 - [STDERR_REDIRECT] [Fatal Error] :1:1: Premature end of file.
2026-04-19 23:32:01,599 [ERROR] LogOutputStream:75 - [STDERR_REDIRECT] 
2026-04-19 23:32:02,593 [ERROR] LogOutputStream:75 - [STDERR_REDIRECT] [Fatal Error] :1:1: Premature end of file.
2026-04-19 23:32:02,593 [ERROR] LogOutputStream:75 - [STDERR_REDIRECT] 
2026-04-19 23:32:03,596 [ERROR] LogOutputStream:75 - [STDERR_REDIRECT] [Fatal Error] :1:1: Premature end of file.
2026-04-19 23:32:03,597 [ERROR] LogOutputStream:75 - [STDERR_REDIRECT] 
2026-04-19 23:32:04,603 [ERROR] LogOutputStream:75 - [STDERR_REDIRECT] [Fatal Error] :1:1: Premature end of file.
2026-04-19 23:32:04,603 [ERROR] LogOutputStream:75 - [STDERR_REDIRECT] 
2026-04-19 23:32:05,595 [ERROR] LogOutputStream:75 - [STDERR_REDIRECT] [Fatal Error] :1:1: Premature end of file.
2026-04-19 23:32:05,595 [ERROR] LogOutputStream:75 - [STDERR_REDIRECT] 
2026-04-19 23:32:06,597 [ERROR] LogOutputStream:75 - [STDERR_REDIRECT] [Fatal Error] :1:1: Premature end of file.
2026-04-19 23:32:06,597 [ERROR] LogOutputStream:75 - [STDERR_REDIRECT] 
2026-04-19 23:32:07,598 [ERROR] LogOutputStream:75 - [STDERR_REDIRECT] [Fatal Error] :1:1: Premature end of file.
2026-04-19 23:32:07,598 [ERROR] LogOutputStream:75 - [STDERR_REDIRECT] 
2026-04-19 23:32:08,600 [ERROR] LogOutputStream:75 - [STDERR_REDIRECT] [Fatal Error] :1:1: Premature end of file.
2026-04-19 23:32:08,600 [ERROR] LogOutputStream:75 - [STDERR_REDIRECT] 
2026-04-19 23:32:09,598 [ERROR] LogOutputStream:75 - [STDERR_REDIRECT] [Fatal Error] :1:1: Premature end of file.
2026-04-19 23:32:09,598 [ERROR] LogOutputStream:75 - [STDERR_REDIRECT] 
2026-04-19 23:32:10,593 [ERROR] LogOutputStream:75 - [STDERR_REDIRECT] [Fatal Error] :1:1: Premature end of file.
2026-04-19 23:32:10,593 [ERROR] LogOutputStream:75 - [STDERR_REDIRECT] 
2026-04-19 23:32:11,593 [ERROR] LogOutputStream:75 - [STDERR_REDIRECT] [Fatal Error] :1:1: Premature end of file.
2026-04-19 23:32:11,593 [ERROR] LogOutputStream:75 - [STDERR_REDIRECT] 
2026-04-19 23:32:12,604 [ERROR] LogOutputStream:75 - [STDERR_REDIRECT] [Fatal Error] :1:1: Premature end of file.
2026-04-19 23:32:12,604 [ERROR] LogOutputStream:75 - [STDERR_REDIRECT] 
2026-04-19 23:32:13,599 [ERROR] LogOutputStream:75 - [STDERR_REDIRECT] [Fatal Error] :1:1: Premature end of file.
2026-04-19 23:32:13,599 [ERROR] LogOutputStream:75 - [STDERR_REDIRECT] 
2026-04-19 23:32:14,591 [ERROR] LogOutputStream:75 - [STDERR_REDIRECT] [Fatal Error] :1:1: Premature end of file.
2026-04-19 23:32:14,591 [ERROR] LogOutputStream:75 - [STDERR_REDIRECT] 
2026-04-19 23:32:15,597 [ERROR] LogOutputStream:75 - [STDERR_REDIRECT] [Fatal Error] :1:1: Premature end of file.
2026-04-19 23:32:15,598 [ERROR] LogOutputStream:75 - [STDERR_REDIRECT] 
2026-04-19 23:32:16,598 [ERROR] LogOutputStream:75 - [STDERR_REDIRECT] [Fatal Error] :1:1: Premature end of file.
2026-04-19 23:32:16,598 [ERROR] LogOutputStream:75 - [STDERR_REDIRECT] 
2026-04-19 23:32:17,593 [ERROR] LogOutputStream:75 - [STDERR_REDIRECT] [Fatal Error] :1:1: Premature end of file.
2026-04-19 23:32:17,593 [ERROR] LogOutputStream:75 - [STDERR_REDIRECT] 
2026-04-19 23:32:18,596 [ERROR] LogOutputStream:75 - [STDERR_REDIRECT] [Fatal Error] :1:1: Premature end of file.
2026-04-19 23:32:18,596 [ERROR] LogOutputStream:75 - [STDERR_REDIRECT] 
2026-04-19 23:32:19,590 [ERROR] LogOutputStream:75 - [STDERR_REDIRECT] [Fatal Error] :1:1: Premature end of file.
2026-04-19 23:32:19,590 [ERROR] LogOutputStream:75 - [STDERR_REDIRECT] 
2026-04-19 23:32:20,593 [ERROR] LogOutputStream:75 - [STDERR_REDIRECT] [Fatal Error] :1:1: Premature end of file.
2026-04-19 23:32:20,593 [ERROR] LogOutputStream:75 - [STDERR_REDIRECT] 
2026-04-19 23:32:21,589 [ERROR] LogOutputStream:75 - [STDERR_REDIRECT] [Fatal Error] :1:1: Premature end of file.
2026-04-19 23:32:21,590 [ERROR] LogOutputStream:75 - [STDERR_REDIRECT] 
2026-04-19 23:32:22,600 [ERROR] LogOutputStream:75 - [STDERR_REDIRECT] [Fatal Error] :1:1: Premature end of file.
2026-04-19 23:32:22,600 [ERROR] LogOutputStream:75 - [STDERR_REDIRECT] 
2026-04-19 23:32:23,661 [ERROR] LogOutputStream:75 - [STDERR_REDIRECT] [Fatal Error] :1:1: Premature end of file.
2026-04-19 23:32:23,661 [ERROR] LogOutputStream:75 - [STDERR_REDIRECT] 
2026-04-19 23:32:24,611 [ERROR] LogOutputStream:75 - [STDERR_REDIRECT] [Fatal Error] :1:1: Premature end of file.
2026-04-19 23:32:24,611 [ERROR] LogOutputStream:75 - [STDERR_REDIRECT] 
2026-04-19 23:32:25,600 [ERROR] LogOutputStream:75 - [STDERR_REDIRECT] [Fatal Error] :1:1: Premature end of file.
2026-04-19 23:32:25,600 [ERROR] LogOutputStream:75 - [STDERR_REDIRECT] 
2026-04-19 23:32:26,611 [ERROR] LogOutputStream:75 - [STDERR_REDIRECT] [Fatal Error] :1:1: Premature end of file.
2026-04-19 23:32:26,611 [ERROR] LogOutputStream:75 - [STDERR_REDIRECT] 
2026-04-19 23:32:27,604 [ERROR] LogOutputStream:75 - [STDERR_REDIRECT] [Fatal Error] :1:1: Premature end of file.
2026-04-19 23:32:27,605 [ERROR] LogOutputStream:75 - [STDERR_REDIRECT] 
2026-04-19 23:32:28,610 [ERROR] LogOutputStream:75 - [STDERR_REDIRECT] [Fatal Error] :1:1: Premature end of file.
2026-04-19 23:32:28,610 [ERROR] LogOutputStream:75 - [STDERR_REDIRECT] 
2026-04-19 23:32:29,610 [ERROR] LogOutputStream:75 - [STDERR_REDIRECT] [Fatal Error] :1:1: Premature end of file.
2026-04-19 23:32:29,610 [ERROR] LogOutputStream:75 - [STDERR_REDIRECT] 
2026-04-19 23:32:30,606 [ERROR] LogOutputStream:75 - [STDERR_REDIRECT] [Fatal Error] :1:1: Premature end of file.
2026-04-19 23:32:30,606 [ERROR] LogOutputStream:75 - [STDERR_REDIRECT] 
2026-04-19 23:32:31,600 [ERROR] LogOutputStream:75 - [STDERR_REDIRECT] [Fatal Error] :1:1: Premature end of file.
2026-04-19 23:32:31,600 [ERROR] LogOutputStream:75 - [STDERR_REDIRECT] 
2026-04-19 23:32:32,613 [ERROR] LogOutputStream:75 - [STDERR_REDIRECT] [Fatal Error] :1:1: Premature end of file.
2026-04-19 23:32:32,613 [ERROR] LogOutputStream:75 - [STDERR_REDIRECT] 
2026-04-19 23:32:33,599 [ERROR] LogOutputStream:75 - [STDERR_REDIRECT] [Fatal Error] :1:1: Premature end of file.
2026-04-19 23:32:33,599 [ERROR] LogOutputStream:75 - [STDERR_REDIRECT] 
2026-04-19 23:32:34,602 [ERROR] LogOutputStream:75 - [STDERR_REDIRECT] [Fatal Error] :1:1: Premature end of file.
2026-04-19 23:32:34,602 [ERROR] LogOutputStream:75 - [STDERR_REDIRECT] 
2026-04-19 23:32:35,596 [ERROR] LogOutputStream:75 - [STDERR_REDIRECT] [Fatal Error] :1:1: Premature end of file.
2026-04-19 23:32:35,596 [ERROR] LogOutputStream:75 - [STDERR_REDIRECT] 
2026-04-19 23:32:36,593 [ERROR] LogOutputStream:75 - [STDERR_REDIRECT] [Fatal Error] :1:1: Premature end of file.
2026-04-19 23:32:36,593 [ERROR] LogOutputStream:75 - [STDERR_REDIRECT] 
2026-04-19 23:32:37,597 [ERROR] LogOutputStream:75 - [STDERR_REDIRECT] [Fatal Error] :1:1: Premature end of file.
2026-04-19 23:32:37,597 [ERROR] LogOutputStream:75 - [STDERR_REDIRECT] 
2026-04-19 23:32:38,601 [ERROR] LogOutputStream:75 - [STDERR_REDIRECT] [Fatal Error] :1:1: Premature end of file.
2026-04-19 23:32:38,601 [ERROR] LogOutputStream:75 - [STDERR_REDIRECT] 
2026-04-19 23:32:39,602 [ERROR] LogOutputStream:75 - [STDERR_REDIRECT] [Fatal Error] :1:1: Premature end of file.
2026-04-19 23:32:39,602 [ERROR] LogOutputStream:75 - [STDERR_REDIRECT] 
2026-04-19 23:32:40,610 [ERROR] LogOutputStream:75 - [STDERR_REDIRECT] [Fatal Error] :1:1: Premature end of file.
2026-04-19 23:32:40,610 [ERROR] LogOutputStream:75 - [STDERR_REDIRECT] 
2026-04-19 23:32:41,596 [ERROR] LogOutputStream:75 - [STDERR_REDIRECT] [Fatal Error] :1:1: Premature end of file.
2026-04-19 23:32:41,596 [ERROR] LogOutputStream:75 - [STDERR_REDIRECT] 
2026-04-19 23:32:42,592 [ERROR] LogOutputStream:75 - [STDERR_REDIRECT] [Fatal Error] :1:1: Premature end of file.
2026-04-19 23:32:42,592 [ERROR] LogOutputStream:75 - [STDERR_REDIRECT] 
2026-04-19 23:32:43,594 [ERROR] LogOutputStream:75 - [STDERR_REDIRECT] [Fatal Error] :1:1: Premature end of file.
2026-04-19 23:32:43,594 [ERROR] LogOutputStream:75 - [STDERR_REDIRECT] 
2026-04-19 23:32:44,589 [ERROR] LogOutputStream:75 - [STDERR_REDIRECT] [Fatal Error] :1:1: Premature end of file.
2026-04-19 23:32:44,589 [ERROR] LogOutputStream:75 - [STDERR_REDIRECT] 
2026-04-19 23:32:45,595 [ERROR] LogOutputStream:75 - [STDERR_REDIRECT] [Fatal Error] :1:1: Premature end of file.
2026-04-19 23:32:45,595 [ERROR] LogOutputStream:75 - [STDERR_REDIRECT] 
2026-04-19 23:32:46,599 [ERROR] LogOutputStream:75 - [STDERR_REDIRECT] [Fatal Error] :1:1: Premature end of file.
2026-04-19 23:32:46,599 [ERROR] LogOutputStream:75 - [STDERR_REDIRECT] 
2026-04-19 23:32:47,591 [ERROR] LogOutputStream:75 - [STDERR_REDIRECT] [Fatal Error] :1:1: Premature end of file.
2026-04-19 23:32:47,591 [ERROR] LogOutputStream:75 - [STDERR_REDIRECT] 
2026-04-19 23:32:48,595 [ERROR] LogOutputStream:75 - [STDERR_REDIRECT] [Fatal Error] :1:1: Premature end of file.
2026-04-19 23:32:48,595 [ERROR] LogOutputStream:75 - [STDERR_REDIRECT] 
2026-04-19 23:32:49,592 [ERROR] LogOutputStream:75 - [STDERR_REDIRECT] [Fatal Error] :1:1: Premature end of file.
2026-04-19 23:32:49,592 [ERROR] LogOutputStream:75 - [STDERR_REDIRECT] 
2026-04-19 23:32:50,591 [ERROR] LogOutputStream:75 - [STDERR_REDIRECT] [Fatal Error] :1:1: Premature end of file.
2026-04-19 23:32:50,591 [ERROR] LogOutputStream:75 - [STDERR_REDIRECT] 
2026-04-19 23:32:51,593 [ERROR] LogOutputStream:75 - [STDERR_REDIRECT] [Fatal Error] :1:1: Premature end of file.
2026-04-19 23:32:51,594 [ERROR] LogOutputStream:75 - [STDERR_REDIRECT] 
2026-04-19 23:32:52,597 [ERROR] LogOutputStream:75 - [STDERR_REDIRECT] [Fatal Error] :1:1: Premature end of file.
2026-04-19 23:32:52,598 [ERROR] LogOutputStream:75 - [STDERR_REDIRECT] 
2026-04-19 23:32:53,608 [ERROR] LogOutputStream:75 - [STDERR_REDIRECT] [Fatal Error] :1:1: Premature end of file.
2026-04-19 23:32:53,608 [ERROR] LogOutputStream:75 - [STDERR_REDIRECT] 
2026-04-19 23:32:54,593 [ERROR] LogOutputStream:75 - [STDERR_REDIRECT] [Fatal Error] :1:1: Premature end of file.
2026-04-19 23:32:54,593 [ERROR] LogOutputStream:75 - [STDERR_REDIRECT] 
2026-04-19 23:32:55,607 [ERROR] LogOutputStream:75 - [STDERR_REDIRECT] [Fatal Error] :1:1: Premature end of file.
2026-04-19 23:32:55,607 [ERROR] LogOutputStream:75 - [STDERR_REDIRECT] 
2026-04-19 23:32:56,602 [ERROR] LogOutputStream:75 - [STDERR_REDIRECT] [Fatal Error] :1:1: Premature end of file.
2026-04-19 23:32:56,602 [ERROR] LogOutputStream:75 - [STDERR_REDIRECT] 
2026-04-19 23:32:57,599 [ERROR] LogOutputStream:75 - [STDERR_REDIRECT] [Fatal Error] :1:1: Premature end of file.
2026-04-19 23:32:57,599 [ERROR] LogOutputStream:75 - [STDERR_REDIRECT] 
2026-04-19 23:32:58,593 [ERROR] LogOutputStream:75 - [STDERR_REDIRECT] [Fatal Error] :1:1: Premature end of file.
2026-04-19 23:32:58,593 [ERROR] LogOutputStream:75 - [STDERR_REDIRECT] 
2026-04-19 23:32:59,590 [ERROR] LogOutputStream:75 - [STDERR_REDIRECT] [Fatal Error] :1:1: Premature end of file.
2026-04-19 23:32:59,590 [ERROR] LogOutputStream:75 - [STDERR_REDIRECT] 
2026-04-19 23:33:00,593 [ERROR] LogOutputStream:75 - [STDERR_REDIRECT] [Fatal Error] :1:1: Premature end of file.
2026-04-19 23:33:00,593 [ERROR] LogOutputStream:75 - [STDERR_REDIRECT] 
2026-04-19 23:33:01,601 [ERROR] LogOutputStream:75 - [STDERR_REDIRECT] [Fatal Error] :1:1: Premature end of file.
2026-04-19 23:33:01,601 [ERROR] LogOutputStream:75 - [STDERR_REDIRECT] 
2026-04-19 23:33:02,606 [ERROR] LogOutputStream:75 - [STDERR_REDIRECT] [Fatal Error] :1:1: Premature end of file.
2026-04-19 23:33:02,606 [ERROR] LogOutputStream:75 - [STDERR_REDIRECT] 
2026-04-19 23:33:03,603 [ERROR] LogOutputStream:75 - [STDERR_REDIRECT] [Fatal Error] :1:1: Premature end of file.
2026-04-19 23:33:03,603 [ERROR] LogOutputStream:75 - [STDERR_REDIRECT] 
2026-04-19 23:33:04,608 [ERROR] LogOutputStream:75 - [STDERR_REDIRECT] [Fatal Error] :1:1: Premature end of file.
2026-04-19 23:33:04,608 [ERROR] LogOutputStream:75 - [STDERR_REDIRECT] 
2026-04-19 23:33:05,591 [ERROR] LogOutputStream:75 - [STDERR_REDIRECT] [Fatal Error] :1:1: Premature end of file.
2026-04-19 23:33:05,591 [ERROR] LogOutputStream:75 - [STDERR_REDIRECT] 
2026-04-19 23:33:06,590 [ERROR] LogOutputStream:75 - [STDERR_REDIRECT] [Fatal Error] :1:1: Premature end of file.
2026-04-19 23:33:06,590 [ERROR] LogOutputStream:75 - [STDERR_REDIRECT] 
2026-04-19 23:33:07,592 [ERROR] LogOutputStream:75 - [STDERR_REDIRECT] [Fatal Error] :1:1: Premature end of file.
2026-04-19 23:33:07,592 [ERROR] LogOutputStream:75 - [STDERR_REDIRECT] 
2026-04-19 23:33:08,589 [ERROR] LogOutputStream:75 - [STDERR_REDIRECT] [Fatal Error] :1:1: Premature end of file.
2026-04-19 23:33:08,589 [ERROR] LogOutputStream:75 - [STDERR_REDIRECT] 
2026-04-19 23:33:09,591 [ERROR] LogOutputStream:75 - [STDERR_REDIRECT] [Fatal Error] :1:1: Premature end of file.
2026-04-19 23:33:09,591 [ERROR] LogOutputStream:75 - [STDERR_REDIRECT] 
2026-04-19 23:33:10,591 [ERROR] LogOutputStream:75 - [STDERR_REDIRECT] [Fatal Error] :1:1: Premature end of file.
2026-04-19 23:33:10,592 [ERROR] LogOutputStream:75 - [STDERR_REDIRECT] 
2026-04-19 23:33:11,592 [ERROR] LogOutputStream:75 - [STDERR_REDIRECT] [Fatal Error] :1:1: Premature end of file.
2026-04-19 23:33:11,593 [ERROR] LogOutputStream:75 - [STDERR_REDIRECT] 
2026-04-19 23:33:12,603 [ERROR] LogOutputStream:75 - [STDERR_REDIRECT] [Fatal Error] :1:1: Premature end of file.
2026-04-19 23:33:12,603 [ERROR] LogOutputStream:75 - [STDERR_REDIRECT] 
2026-04-19 23:33:13,590 [ERROR] LogOutputStream:75 - [STDERR_REDIRECT] [Fatal Error] :1:1: Premature end of file.
2026-04-19 23:33:13,590 [ERROR] LogOutputStream:75 - [STDERR_REDIRECT] 
2026-04-19 23:33:14,590 [ERROR] LogOutputStream:75 - [STDERR_REDIRECT] [Fatal Error] :1:1: Premature end of file.
2026-04-19 23:33:14,590 [ERROR] LogOutputStream:75 - [STDERR_REDIRECT] 
2026-04-19 23:33:15,593 [ERROR] LogOutputStream:75 - [STDERR_REDIRECT] [Fatal Error] :1:1: Premature end of file.
2026-04-19 23:33:15,593 [ERROR] LogOutputStream:75 - [STDERR_REDIRECT] 
2026-04-19 23:33:16,610 [ERROR] LogOutputStream:75 - [STDERR_REDIRECT] [Fatal Error] :1:1: Premature end of file.
2026-04-19 23:33:16,611 [ERROR] LogOutputStream:75 - [STDERR_REDIRECT] 
2026-04-19 23:33:17,588 [ERROR] LogOutputStream:75 - [STDERR_REDIRECT] [Fatal Error] :1:1: Premature end of file.
2026-04-19 23:33:17,588 [ERROR] LogOutputStream:75 - [STDERR_REDIRECT] 
2026-04-19 23:33:18,593 [ERROR] LogOutputStream:75 - [STDERR_REDIRECT] [Fatal Error] :1:1: Premature end of file.
2026-04-19 23:33:18,593 [ERROR] LogOutputStream:75 - [STDERR_REDIRECT] 
2026-04-19 23:33:19,590 [ERROR] LogOutputStream:75 - [STDERR_REDIRECT] [Fatal Error] :1:1: Premature end of file.
2026-04-19 23:33:19,590 [ERROR] LogOutputStream:75 - [STDERR_REDIRECT] 
2026-04-19 23:33:20,593 [ERROR] LogOutputStream:75 - [STDERR_REDIRECT] [Fatal Error] :1:1: Premature end of file.
2026-04-19 23:33:20,593 [ERROR] LogOutputStream:75 - [STDERR_REDIRECT] 
2026-04-19 23:33:21,593 [ERROR] LogOutputStream:75 - [STDERR_REDIRECT] [Fatal Error] :1:1: Premature end of file.
2026-04-19 23:33:21,596 [ERROR] LogOutputStream:75 - [STDERR_REDIRECT] 
2026-04-19 23:33:22,600 [ERROR] LogOutputStream:75 - [STDERR_REDIRECT] [Fatal Error] :1:1: Premature end of file.
2026-04-19 23:33:22,600 [ERROR] LogOutputStream:75 - [STDERR_REDIRECT] 
2026-04-19 23:33:23,601 [ERROR] LogOutputStream:75 - [STDERR_REDIRECT] [Fatal Error] :1:1: Premature end of file.
2026-04-19 23:33:23,601 [ERROR] LogOutputStream:75 - [STDERR_REDIRECT] 
2026-04-19 23:33:24,597 [ERROR] LogOutputStream:75 - [STDERR_REDIRECT] [Fatal Error] :1:1: Premature end of file.
2026-04-19 23:33:24,597 [ERROR] LogOutputStream:75 - [STDERR_REDIRECT] 
2026-04-19 23:33:25,599 [ERROR] LogOutputStream:75 - [STDERR_REDIRECT] [Fatal Error] :1:1: Premature end of file.
2026-04-19 23:33:25,599 [ERROR] LogOutputStream:75 - [STDERR_REDIRECT] 
2026-04-19 23:33:26,596 [ERROR] LogOutputStream:75 - [STDERR_REDIRECT] [Fatal Error] :1:1: Premature end of file.
2026-04-19 23:33:26,596 [ERROR] LogOutputStream:75 - [STDERR_REDIRECT] 
2026-04-19 23:33:27,602 [ERROR] LogOutputStream:75 - [STDERR_REDIRECT] [Fatal Error] :1:1: Premature end of file.
2026-04-19 23:33:27,602 [ERROR] LogOutputStream:75 - [STDERR_REDIRECT] 
2026-04-19 23:33:28,594 [ERROR] LogOutputStream:75 - [STDERR_REDIRECT] [Fatal Error] :1:1: Premature end of file.
2026-04-19 23:33:28,594 [ERROR] LogOutputStream:75 - [STDERR_REDIRECT] 
2026-04-19 23:33:29,592 [ERROR] LogOutputStream:75 - [STDERR_REDIRECT] [Fatal Error] :1:1: Premature end of file.
2026-04-19 23:33:29,592 [ERROR] LogOutputStream:75 - [STDERR_REDIRECT] 
2026-04-19 23:33:30,600 [ERROR] LogOutputStream:75 - [STDERR_REDIRECT] [Fatal Error] :1:1: Premature end of file.
2026-04-19 23:33:30,600 [ERROR] LogOutputStream:75 - [STDERR_REDIRECT] 
2026-04-19 23:33:31,604 [ERROR] LogOutputStream:75 - [STDERR_REDIRECT] [Fatal Error] :1:1: Premature end of file.
2026-04-19 23:33:31,607 [ERROR] LogOutputStream:75 - [STDERR_REDIRECT] 
2026-04-19 23:33:32,592 [ERROR] LogOutputStream:75 - [STDERR_REDIRECT] [Fatal Error] :1:1: Premature end of file.
2026-04-19 23:33:32,592 [ERROR] LogOutputStream:75 - [STDERR_REDIRECT] 
2026-04-19 23:33:33,588 [ERROR] LogOutputStream:75 - [STDERR_REDIRECT] [Fatal Error] :1:1: Premature end of file.
2026-04-19 23:33:33,588 [ERROR] LogOutputStream:75 - [STDERR_REDIRECT] 
2026-04-19 23:33:34,588 [ERROR] LogOutputStream:75 - [STDERR_REDIRECT] [Fatal Error] :1:1: Premature end of file.
2026-04-19 23:33:34,588 [ERROR] LogOutputStream:75 - [STDERR_REDIRECT] 
2026-04-19 23:33:35,603 [ERROR] LogOutputStream:75 - [STDERR_REDIRECT] [Fatal Error] :1:1: Premature end of file.
2026-04-19 23:33:35,604 [ERROR] LogOutputStream:75 - [STDERR_REDIRECT] 
2026-04-19 23:33:36,593 [ERROR] LogOutputStream:75 - [STDERR_REDIRECT] [Fatal Error] :1:1: Premature end of file.
2026-04-19 23:33:36,593 [ERROR] LogOutputStream:75 - [STDERR_REDIRECT] 
2026-04-19 23:33:37,590 [ERROR] LogOutputStream:75 - [STDERR_REDIRECT] [Fatal Error] :1:1: Premature end of file.
2026-04-19 23:33:37,590 [ERROR] LogOutputStream:75 - [STDERR_REDIRECT] 
2026-04-19 23:33:38,588 [ERROR] LogOutputStream:75 - [STDERR_REDIRECT] [Fatal Error] :1:1: Premature end of file.
2026-04-19 23:33:38,589 [ERROR] LogOutputStream:75 - [STDERR_REDIRECT] 
2026-04-19 23:33:39,593 [ERROR] LogOutputStream:75 - [STDERR_REDIRECT] [Fatal Error] :1:1: Premature end of file.
2026-04-19 23:33:39,593 [ERROR] LogOutputStream:75 - [STDERR_REDIRECT] 
2026-04-19 23:33:40,586 [ERROR] LogOutputStream:75 - [STDERR_REDIRECT] [Fatal Error] :1:1: Premature end of file.
2026-04-19 23:33:40,586 [ERROR] LogOutputStream:75 - [STDERR_REDIRECT] 
2026-04-19 23:33:41,590 [ERROR] LogOutputStream:75 - [STDERR_REDIRECT] [Fatal Error] :1:1: Premature end of file.
2026-04-19 23:33:41,590 [ERROR] LogOutputStream:75 - [STDERR_REDIRECT] 
2026-04-19 23:33:42,591 [ERROR] LogOutputStream:75 - [STDERR_REDIRECT] [Fatal Error] :1:1: Premature end of file.
2026-04-19 23:33:42,591 [ERROR] LogOutputStream:75 - [STDERR_REDIRECT] 
2026-04-19 23:33:43,590 [ERROR] LogOutputStream:75 - [STDERR_REDIRECT] [Fatal Error] :1:1: Premature end of file.
2026-04-19 23:33:43,591 [ERROR] LogOutputStream:75 - [STDERR_REDIRECT] 
2026-04-19 23:33:44,590 [ERROR] LogOutputStream:75 - [STDERR_REDIRECT] [Fatal Error] :1:1: Premature end of file.
2026-04-19 23:33:44,590 [ERROR] LogOutputStream:75 - [STDERR_REDIRECT] 
2026-04-19 23:33:45,590 [ERROR] LogOutputStream:75 - [STDERR_REDIRECT] [Fatal Error] :1:1: Premature end of file.
2026-04-19 23:33:45,590 [ERROR] LogOutputStream:75 - [STDERR_REDIRECT] 
2026-04-19 23:33:46,595 [ERROR] LogOutputStream:75 - [STDERR_REDIRECT] [Fatal Error] :1:1: Premature end of file.
2026-04-19 23:33:46,595 [ERROR] LogOutputStream:75 - [STDERR_REDIRECT] 
2026-04-19 23:33:47,592 [ERROR] LogOutputStream:75 - [STDERR_REDIRECT] [Fatal Error] :1:1: Premature end of file.
2026-04-19 23:33:47,592 [ERROR] LogOutputStream:75 - [STDERR_REDIRECT] 
2026-04-19 23:33:48,595 [ERROR] LogOutputStream:75 - [STDERR_REDIRECT] [Fatal Error] :1:1: Premature end of file.
2026-04-19 23:33:48,595 [ERROR] LogOutputStream:75 - [STDERR_REDIRECT] 
2026-04-19 23:33:49,592 [ERROR] LogOutputStream:75 - [STDERR_REDIRECT] [Fatal Error] :1:1: Premature end of file.
2026-04-19 23:33:49,592 [ERROR] LogOutputStream:75 - [STDERR_REDIRECT] 
2026-04-19 23:33:50,599 [ERROR] LogOutputStream:75 - [STDERR_REDIRECT] [Fatal Error] :1:1: Premature end of file.
2026-04-19 23:33:50,599 [ERROR] LogOutputStream:75 - [STDERR_REDIRECT] 
2026-04-19 23:33:51,694 [ERROR] LogOutputStream:75 - [STDERR_REDIRECT] 
2026-04-19 23:33:58,069 [INFO] Activator:176 - 


2026-04-19 23:33:58,071 [INFO] Activator:177 - !SESSION log4j initialized
2026-04-19 23:34:00,368 [INFO] LogOutputStream:77 - [STDOUT_REDIRECT] 
2026-04-19 23:34:03,250 [INFO] ApplicationProperties:184 - Using Application install path: C:\ST\STM32CubeIDE_1.19.0\STM32CubeIDE\plugins\com.st.stm32cube.common.mx_6.15.0.202507011659
2026-04-19 23:34:03,267 [INFO] DbMcusXml:78 - Set database path to: C:\ST\STM32CubeIDE_1.19.0\STM32CubeIDE\plugins\com.st.stm32cube.common.mx_6.15.0.202507011659\\db\/mcu/
2026-04-19 23:34:03,267 [INFO] ApiDb:274 - Set plugin database path to: C:\ST\STM32CubeIDE_1.19.0\STM32CubeIDE\plugins\com.st.stm32cube.common.mx_6.15.0.202507011659\\db\/plugins/boardmanager/
2026-04-19 23:34:03,267 [WARN] ApiDb:259 - Overriding images path with different value:  => C:\ST\STM32CubeIDE_1.19.0\STM32CubeIDE\plugins\com.st.stm32cube.common.mx_6.15.0.202507011659\\db\/plugins/mcufinder/images/
2026-04-19 23:34:03,272 [INFO] ApiDb:250 - Set database path to: C:\Users\santi\.stmcufinder\plugins\mcufinder//mcu/
2026-04-19 23:34:03,273 [INFO] DbMcusAds:125 - Set database path to: C:\Users\santi\.stmcufinder\plugins\mcufinder//mcu/
2026-04-19 23:34:03,275 [INFO] CrossReferenceDbSqlite:203 - Set database path to: C:\Users\santi\.stmcufinder\plugins\mcufinder//mcu/cs/
2026-04-19 23:34:03,388 [INFO] RulesReader:64 - Compatibility file has been processed (317 Rules)
2026-04-19 23:34:03,454 [INFO] DbMcusXml:78 - Set database path to: C:\ST\STM32CubeIDE_1.19.0\STM32CubeIDE\plugins\com.st.stm32cube.common.mx_6.15.0.202507011659\\db\/mcu/
2026-04-19 23:34:03,455 [INFO] ApiDb:274 - Set plugin database path to: C:\ST\STM32CubeIDE_1.19.0\STM32CubeIDE\plugins\com.st.stm32cube.common.mx_6.15.0.202507011659\\db\/plugins/boardmanager/
2026-04-19 23:34:03,455 [INFO] ApiDb:261 - Set plugin images path to: C:\ST\STM32CubeIDE_1.19.0\STM32CubeIDE\plugins\com.st.stm32cube.common.mx_6.15.0.202507011659\\db\/plugins/mcufinder/images/
2026-04-19 23:34:03,455 [WARN] DbFile:41 - Overriding database path with different value: C:\Users\santi\.stmcufinder\plugins\mcufinder/ => C:\Users\santi\.stmcufinder\plugins\mcufinder
2026-04-19 23:34:03,455 [INFO] ApiDb:250 - Set database path to: C:\Users\santi\.stmcufinder\plugins\mcufinder//mcu/
2026-04-19 23:34:03,455 [WARN] DbFile:41 - Overriding database path with different value: C:\Users\santi\.stmcufinder\plugins\mcufinder/ => C:\Users\santi\.stmcufinder\plugins\mcufinder
2026-04-19 23:34:03,455 [INFO] DbMcusAds:125 - Set database path to: C:\Users\santi\.stmcufinder\plugins\mcufinder//mcu/
2026-04-19 23:34:03,455 [WARN] DbFile:41 - Overriding database path with different value: C:\Users\santi\.stmcufinder\plugins\mcufinder/ => C:\Users\santi\.stmcufinder\plugins\mcufinder
2026-04-19 23:34:03,455 [WARN] DbFile:41 - Overriding database path with different value: C:\Users\santi\.stmcufinder\plugins\mcufinder/ => C:\Users\santi\.stmcufinder\plugins\mcufinder
2026-04-19 23:34:03,455 [INFO] CrossReferenceDbSqlite:203 - Set database path to: C:\Users\santi\.stmcufinder\plugins\mcufinder//mcu/cs/
2026-04-19 23:34:03,519 [INFO] MainPanel:274 - HeapMemory: 268435456
2026-04-19 23:34:03,588 [INFO] DbMcusXml:78 - Set database path to: C:\ST\STM32CubeIDE_1.19.0\STM32CubeIDE\plugins\com.st.stm32cube.common.mx_6.15.0.202507011659\\db\/mcu/
2026-04-19 23:34:03,588 [INFO] ApiDb:274 - Set plugin database path to: C:\ST\STM32CubeIDE_1.19.0\STM32CubeIDE\plugins\com.st.stm32cube.common.mx_6.15.0.202507011659\\db\/plugins/boardmanager/
2026-04-19 23:34:03,588 [INFO] ApiDb:261 - Set plugin images path to: C:\ST\STM32CubeIDE_1.19.0\STM32CubeIDE\plugins\com.st.stm32cube.common.mx_6.15.0.202507011659\\db\/plugins/mcufinder/images/
2026-04-19 23:34:03,589 [WARN] DbFile:41 - Overriding database path with different value: C:\Users\santi\.stmcufinder\plugins\mcufinder/ => C:\Users\santi\.stmcufinder\plugins\mcufinder
2026-04-19 23:34:03,589 [INFO] ApiDb:250 - Set database path to: C:\Users\santi\.stmcufinder\plugins\mcufinder//mcu/
2026-04-19 23:34:03,589 [WARN] DbFile:41 - Overriding database path with different value: C:\Users\santi\.stmcufinder\plugins\mcufinder/ => C:\Users\santi\.stmcufinder\plugins\mcufinder
2026-04-19 23:34:03,589 [INFO] DbMcusAds:125 - Set database path to: C:\Users\santi\.stmcufinder\plugins\mcufinder//mcu/
2026-04-19 23:34:03,589 [WARN] DbFile:41 - Overriding database path with different value: C:\Users\santi\.stmcufinder\plugins\mcufinder/ => C:\Users\santi\.stmcufinder\plugins\mcufinder
2026-04-19 23:34:03,589 [WARN] DbFile:41 - Overriding database path with different value: C:\Users\santi\.stmcufinder\plugins\mcufinder/ => C:\Users\santi\.stmcufinder\plugins\mcufinder
2026-04-19 23:34:03,589 [INFO] CrossReferenceDbSqlite:203 - Set database path to: C:\Users\santi\.stmcufinder\plugins\mcufinder//mcu/cs/
2026-04-19 23:34:03,613 [INFO] ApplicationProperties:184 - Using Application install path: C:\ST\STM32CubeIDE_1.19.0\STM32CubeIDE\plugins\com.st.stm32cube.common.mx_6.15.0.202507011659
2026-04-19 23:34:03,614 [INFO] PluginManage:196 - Search for loadable plugins [exclusion list=, ]
2026-04-19 23:34:03,615 [INFO] PluginManage:310 - Check plugin analytics
2026-04-19 23:34:03,795 [INFO] AnalyticsPlugin:253 - Accepted Software Licenses: 
2026-04-19 23:34:03,795 [INFO] AnalyticsPlugin:255 - Accepted CMSIS Pack Licenses: 
2026-04-19 23:34:03,795 [INFO] AnalyticsPlugin:257 - Accepted Firmware Licenses: 
2026-04-19 23:34:03,797 [INFO] PluginManage:359 - Loaded plugin analytics (category:tool,tabindex:-1)
2026-04-19 23:34:03,798 [INFO] PluginManage:310 - Check plugin cadmodel
2026-04-19 23:34:03,801 [INFO] CADModel:105 - Init CAD model plugin
2026-04-19 23:34:03,801 [INFO] PluginManage:359 - Loaded plugin cadmodel (category:power,tabindex:5)
2026-04-19 23:34:03,801 [INFO] PluginManage:310 - Check plugin clock
2026-04-19 23:34:03,811 [INFO] PluginManage:359 - Loaded plugin clock (category:base,tabindex:2)
2026-04-19 23:34:03,811 [INFO] PluginManage:310 - Check plugin ddr
2026-04-19 23:34:03,813 [INFO] PluginManage:359 - Loaded plugin ddr (category:tool,tabindex:6)
2026-04-19 23:34:03,814 [INFO] PluginManage:310 - Check plugin filemanager
2026-04-19 23:34:03,935 [INFO] PluginManage:359 - Loaded plugin filemanager (category:base,tabindex:10)
2026-04-19 23:34:03,935 [INFO] PluginManage:310 - Check plugin ipmanager
2026-04-19 23:34:03,943 [INFO] PluginManage:359 - Loaded plugin ipmanager (category:base,tabindex:5)
2026-04-19 23:34:03,943 [INFO] PluginManage:310 - Check plugin lpbam
2026-04-19 23:34:03,949 [INFO] PluginManage:359 - Loaded plugin lpbam (category:base,tabindex:0)
2026-04-19 23:34:03,949 [INFO] PluginManage:310 - Check plugin memorymap
2026-04-19 23:34:03,961 [INFO] PluginManage:359 - Loaded plugin memorymap (category:base,tabindex:4)
2026-04-19 23:34:03,962 [INFO] PluginManage:310 - Check plugin pinoutandconfiguration
2026-04-19 23:34:03,967 [INFO] PluginManage:359 - Loaded plugin pinoutandconfiguration (category:base,tabindex:1)
2026-04-19 23:34:03,968 [INFO] PluginManage:310 - Check plugin pinoutconfig
2026-04-19 23:34:04,042 [WARN] SupportedApi:132 - Cannot load RTOS API schema: s4s-elt-must-match.1: The content of 'definitions' must match (annotation?, (simpleType | complexType)?, (unique | key | keyref)*)). A problem was found starting at: attribute.
2026-04-19 23:34:04,220 [INFO] PluginManage:359 - Loaded plugin pinoutconfig (category:base,tabindex:0)
2026-04-19 23:34:04,221 [INFO] PluginManage:310 - Check plugin power
2026-04-19 23:34:04,230 [INFO] PluginManage:359 - Loaded plugin power (category:power,tabindex:4)
2026-04-19 23:34:04,230 [INFO] PluginManage:310 - Check plugin projectmanager
2026-04-19 23:34:04,244 [INFO] PluginManage:359 - Loaded plugin projectmanager (category:projectmanager,tabindex:4)
2026-04-19 23:34:04,244 [INFO] PluginManage:310 - Check plugin rif
2026-04-19 23:34:04,254 [INFO] PluginManage:359 - Loaded plugin rif (category:base,tabindex:3)
2026-04-19 23:34:04,254 [INFO] PluginManage:310 - Check plugin thirdparty
2026-04-19 23:34:04,346 [INFO] PluginManage:359 - Loaded plugin thirdparty (category:base,tabindex:-1)
2026-04-19 23:34:04,346 [INFO] PluginManage:310 - Check plugin tools
2026-04-19 23:34:04,346 [WARN] IntegrityCheckThread:84 - waiting for thirdparty lock release [integrity check]
2026-04-19 23:34:04,347 [INFO] IntegrityCheckThread:86 - entering critical section [integrity check]
2026-04-19 23:34:04,347 [INFO] ThirdPartyUpdaterWithRetryManager:70 - Updater plugin not ready yet. [1/15]
2026-04-19 23:34:04,348 [INFO] PluginManage:359 - Loaded plugin tools (category:base,tabindex:7)
2026-04-19 23:34:04,349 [INFO] PluginManage:310 - Check plugin tutovideos
2026-04-19 23:34:04,590 [INFO] PluginManage:359 - Loaded plugin tutovideos (category:base,tabindex:-1)
2026-04-19 23:34:04,590 [INFO] PluginManage:310 - Check plugin updater
2026-04-19 23:34:04,638 [INFO] PluginManage:359 - Loaded plugin updater (category:base,tabindex:12)
2026-04-19 23:34:04,639 [INFO] PluginManage:310 - Check plugin userauth
2026-04-19 23:34:04,646 [INFO] UserAuth:118 - Init User Auth plugin
2026-04-19 23:34:04,648 [INFO] PluginManage:359 - Loaded plugin userauth (category:base,tabindex:14)
2026-04-19 23:34:04,649 [INFO] PluginManage:283 - PluginManage : Loaded plugins [18]
2026-04-19 23:34:04,989 [INFO] PinOutPanel:1589 - setPackage(No Configuration,No Configuration)
2026-04-19 23:34:05,097 [INFO] CADModel:165 - CPN selected for project level
2026-04-19 23:34:05,097 [INFO] CADModel:114 - Register for checkConnection events
2026-04-19 23:34:05,118 [INFO] IPUIPlugin:80 - create IPUIPlugin
2026-04-19 23:34:05,118 [INFO] PluginManager:220 - loadIPPluginJar : add adc
2026-04-19 23:34:05,122 [INFO] IPUIPlugin:80 - create IPUIPlugin
2026-04-19 23:34:05,122 [INFO] PluginManager:220 - loadIPPluginJar : add aes
2026-04-19 23:34:05,124 [INFO] IPUIPlugin:80 - create IPUIPlugin
2026-04-19 23:34:05,124 [INFO] PluginManager:220 - loadIPPluginJar : add can
2026-04-19 23:34:05,126 [INFO] IPUIPlugin:80 - create IPUIPlugin
2026-04-19 23:34:05,126 [INFO] PluginManager:220 - loadIPPluginJar : add comp
2026-04-19 23:34:05,128 [INFO] IPUIPlugin:80 - create IPUIPlugin
2026-04-19 23:34:05,128 [INFO] PluginManager:220 - loadIPPluginJar : add cryp
2026-04-19 23:34:05,130 [INFO] IPUIPlugin:80 - create IPUIPlugin
2026-04-19 23:34:05,130 [INFO] PluginManager:220 - loadIPPluginJar : add ddr_ctrl_phy
2026-04-19 23:34:05,132 [INFO] IPUIPlugin:80 - create IPUIPlugin
2026-04-19 23:34:05,132 [INFO] PluginManager:220 - loadIPPluginJar : add dfsdm
2026-04-19 23:34:05,138 [INFO] IPUIPlugin:80 - create IPUIPlugin
2026-04-19 23:34:05,138 [INFO] PluginManager:220 - loadIPPluginJar : add dma
2026-04-19 23:34:05,141 [INFO] IPUIPlugin:80 - create IPUIPlugin
2026-04-19 23:34:05,141 [INFO] PluginManager:220 - loadIPPluginJar : add dma3
2026-04-19 23:34:05,144 [INFO] IPUIPlugin:80 - create IPUIPlugin
2026-04-19 23:34:05,145 [INFO] PluginManager:220 - loadIPPluginJar : add extmemmanager
2026-04-19 23:34:05,146 [INFO] IPUIPlugin:80 - create IPUIPlugin
2026-04-19 23:34:05,146 [INFO] PluginManager:220 - loadIPPluginJar : add fatfs
2026-04-19 23:34:05,150 [INFO] IPUIPlugin:80 - create IPUIPlugin
2026-04-19 23:34:05,150 [INFO] PluginManager:220 - loadIPPluginJar : add fmc
2026-04-19 23:34:05,155 [INFO] IPUIPlugin:80 - create IPUIPlugin
2026-04-19 23:34:05,155 [INFO] PluginManager:220 - loadIPPluginJar : add freertos
2026-04-19 23:34:05,157 [INFO] IPUIPlugin:80 - create IPUIPlugin
2026-04-19 23:34:05,157 [INFO] PluginManager:220 - loadIPPluginJar : add genericplugin
2026-04-19 23:34:05,161 [INFO] IPUIPlugin:80 - create IPUIPlugin
2026-04-19 23:34:05,161 [INFO] PluginManager:220 - loadIPPluginJar : add gfxmmu
2026-04-19 23:34:05,167 [INFO] IPUIPlugin:80 - create IPUIPlugin
2026-04-19 23:34:05,168 [INFO] PluginManager:220 - loadIPPluginJar : add gic
2026-04-19 23:34:05,174 [INFO] IPUIPlugin:80 - create IPUIPlugin
2026-04-19 23:34:05,174 [INFO] PluginManager:220 - loadIPPluginJar : add gpio
2026-04-19 23:34:05,177 [INFO] IPUIPlugin:80 - create IPUIPlugin
2026-04-19 23:34:05,177 [INFO] PluginManager:220 - loadIPPluginJar : add gtzc
2026-04-19 23:34:05,181 [INFO] IPUIPlugin:80 - create IPUIPlugin
2026-04-19 23:34:05,181 [INFO] PluginManager:220 - loadIPPluginJar : add hash
2026-04-19 23:34:05,184 [INFO] IPUIPlugin:80 - create IPUIPlugin
2026-04-19 23:34:05,184 [INFO] PluginManager:220 - loadIPPluginJar : add i2c
2026-04-19 23:34:05,188 [INFO] IPUIPlugin:80 - create IPUIPlugin
2026-04-19 23:34:05,188 [INFO] PluginManager:220 - loadIPPluginJar : add i2s
2026-04-19 23:34:05,193 [INFO] IPUIPlugin:80 - create IPUIPlugin
2026-04-19 23:34:05,194 [INFO] PluginManager:220 - loadIPPluginJar : add i3c
2026-04-19 23:34:05,199 [INFO] IPUIPlugin:80 - create IPUIPlugin
2026-04-19 23:34:05,200 [INFO] PluginManager:220 - loadIPPluginJar : add ipddr
2026-04-19 23:34:05,207 [INFO] IPUIPlugin:80 - create IPUIPlugin
2026-04-19 23:34:05,207 [INFO] PluginManager:220 - loadIPPluginJar : add linkedlist
2026-04-19 23:34:05,209 [INFO] IPUIPlugin:80 - create IPUIPlugin
2026-04-19 23:34:05,209 [INFO] PluginManager:220 - loadIPPluginJar : add lorawan
2026-04-19 23:34:05,209 [INFO] IPUIPlugin:80 - create IPUIPlugin
2026-04-19 23:34:05,209 [INFO] PluginManager:220 - loadIPPluginJar : add ltdc
2026-04-19 23:34:05,225 [INFO] IPUIPlugin:80 - create IPUIPlugin
2026-04-19 23:34:05,225 [INFO] PluginManager:220 - loadIPPluginJar : add mdma
2026-04-19 23:34:05,230 [INFO] IPUIPlugin:80 - create IPUIPlugin
2026-04-19 23:34:05,230 [INFO] PluginManager:220 - loadIPPluginJar : add nvic
2026-04-19 23:34:05,234 [INFO] IPUIPlugin:80 - create IPUIPlugin
2026-04-19 23:34:05,234 [INFO] PluginManager:220 - loadIPPluginJar : add opamp
2026-04-19 23:34:05,238 [INFO] IPUIPlugin:80 - create IPUIPlugin
2026-04-19 23:34:05,238 [INFO] PluginManager:220 - loadIPPluginJar : add openamp
2026-04-19 23:34:05,243 [INFO] IPUIPlugin:80 - create IPUIPlugin
2026-04-19 23:34:05,243 [INFO] PluginManager:220 - loadIPPluginJar : add pdm2pcm
2026-04-19 23:34:05,249 [INFO] IPUIPlugin:80 - create IPUIPlugin
2026-04-19 23:34:05,251 [INFO] PluginManager:220 - loadIPPluginJar : add plateformsettings
2026-04-19 23:34:05,253 [INFO] IPUIPlugin:80 - create IPUIPlugin
2026-04-19 23:34:05,253 [INFO] PluginManager:220 - loadIPPluginJar : add quadspi
2026-04-19 23:34:05,255 [INFO] IPUIPlugin:80 - create IPUIPlugin
2026-04-19 23:34:05,255 [INFO] PluginManager:220 - loadIPPluginJar : add radio
2026-04-19 23:34:05,259 [INFO] IPUIPlugin:80 - create IPUIPlugin
2026-04-19 23:34:05,259 [INFO] PluginManager:220 - loadIPPluginJar : add resmgrutility
2026-04-19 23:34:05,262 [INFO] IPUIPlugin:80 - create IPUIPlugin
2026-04-19 23:34:05,262 [INFO] PluginManager:220 - loadIPPluginJar : add sai
2026-04-19 23:34:05,265 [INFO] IPUIPlugin:80 - create IPUIPlugin
2026-04-19 23:34:05,265 [INFO] PluginManager:220 - loadIPPluginJar : add spi
2026-04-19 23:34:05,270 [INFO] IPUIPlugin:80 - create IPUIPlugin
2026-04-19 23:34:05,270 [INFO] PluginManager:220 - loadIPPluginJar : add stm32_wpan
2026-04-19 23:34:05,272 [INFO] IPUIPlugin:80 - create IPUIPlugin
2026-04-19 23:34:05,272 [INFO] PluginManager:220 - loadIPPluginJar : add tim
2026-04-19 23:34:05,275 [INFO] IPUIPlugin:80 - create IPUIPlugin
2026-04-19 23:34:05,276 [INFO] PluginManager:220 - loadIPPluginJar : add touchsensing
2026-04-19 23:34:05,278 [INFO] IPUIPlugin:80 - create IPUIPlugin
2026-04-19 23:34:05,278 [INFO] PluginManager:220 - loadIPPluginJar : add tracer_emb
2026-04-19 23:34:05,280 [INFO] IPUIPlugin:80 - create IPUIPlugin
2026-04-19 23:34:05,281 [INFO] PluginManager:220 - loadIPPluginJar : add ts
2026-04-19 23:34:05,283 [INFO] IPUIPlugin:80 - create IPUIPlugin
2026-04-19 23:34:05,283 [INFO] PluginManager:220 - loadIPPluginJar : add tsc
2026-04-19 23:34:05,285 [INFO] IPUIPlugin:80 - create IPUIPlugin
2026-04-19 23:34:05,285 [INFO] PluginManager:220 - loadIPPluginJar : add ucpd
2026-04-19 23:34:05,289 [INFO] IPUIPlugin:80 - create IPUIPlugin
2026-04-19 23:34:05,289 [INFO] PluginManager:220 - loadIPPluginJar : add usart
2026-04-19 23:34:05,294 [INFO] IPUIPlugin:80 - create IPUIPlugin
2026-04-19 23:34:05,294 [INFO] PluginManager:220 - loadIPPluginJar : add usbx
2026-04-19 23:34:05,463 [FATAL] Updater:351 - Updater called before beeing initialized
2026-04-19 23:34:05,514 [INFO] RulesReader:64 - Compatibility file has been processed (317 Rules)
2026-04-19 23:34:05,540 [INFO] RulesReader:64 - Compatibility file has been processed (317 Rules)
2026-04-19 23:34:05,559 [INFO] CADModel:165 - CPN selected for project level
2026-04-19 23:34:05,560 [INFO] CADModel:114 - Register for checkConnection events
2026-04-19 23:34:05,560 [FATAL] Updater:351 - Updater called before beeing initialized
2026-04-19 23:34:05,560 [ERROR] CADModel:125 - Updater not yet initialized, retry later 
2026-04-19 23:34:05,832 [FATAL] Updater:351 - Updater called before beeing initialized
2026-04-19 23:34:05,834 [INFO] CADModel:165 - CPN selected for project level
2026-04-19 23:34:05,834 [INFO] CADModel:114 - Register for checkConnection events
2026-04-19 23:34:05,834 [FATAL] Updater:351 - Updater called before beeing initialized
2026-04-19 23:34:05,834 [ERROR] CADModel:125 - Updater not yet initialized, retry later 
2026-04-19 23:34:05,839 [FATAL] Updater:351 - Updater called before beeing initialized
2026-04-19 23:34:06,016 [FATAL] Updater:351 - Updater called before beeing initialized
2026-04-19 23:34:06,024 [INFO] DbMcusAds:53 - JSON generation date=Thu Sep 30 03:55:09 ART 2021 (1632984909247)
2026-04-19 23:34:06,025 [FATAL] Updater:351 - Updater called before beeing initialized
2026-04-19 23:34:06,091 [WARN] DetailPanel:346 - Failed to get advertising image, set to default
2026-04-19 23:34:06,225 [FATAL] Updater:351 - Updater called before beeing initialized
2026-04-19 23:34:06,228 [FATAL] Updater:351 - Updater called before beeing initialized
2026-04-19 23:34:06,228 [FATAL] Updater:351 - Updater called before beeing initialized
2026-04-19 23:34:06,229 [WARN] DetailPanel:346 - Failed to get advertising image, set to default
2026-04-19 23:34:06,229 [FATAL] Updater:351 - Updater called before beeing initialized
2026-04-19 23:34:06,292 [ERROR] Updater:1198 - MainUpdater not yet initialized. External WinMGr cannot be set.
2026-04-19 23:34:06,292 [INFO] Updater:1134 - Updater Version found : 6.15.0
2026-04-19 23:34:06,309 [INFO] ApplicationProperties:184 - Using Application install path: C:\ST\STM32CubeIDE_1.19.0\STM32CubeIDE\plugins\com.st.stm32cube.common.mx_6.15.0.202507011659
2026-04-19 23:34:07,351 [INFO] ThirdPartyUpdaterWithRetryManager:70 - Updater plugin not ready yet. [2/15]
2026-04-19 23:34:07,900 [ERROR] LogOutputStream:75 - [STDERR_REDIRECT] Apr 19, 2026 11:34:07 PM java.util.prefs.WindowsPreferences <init>
2026-04-19 23:34:07,901 [ERROR] LogOutputStream:75 - [STDERR_REDIRECT] WARNING: Could not open/create prefs root node Software\JavaSoft\Prefs at root 0xffffffff80000002. Windows RegCreateKeyEx(...) returned error code 5.
2026-04-19 23:34:07,901 [ERROR] LogOutputStream:75 - [STDERR_REDIRECT] 
2026-04-19 23:34:08,180 [INFO] MainUpdater:2872 - connection check result : 10
2026-04-19 23:34:08,182 [INFO] MainUpdater:289 - Updater Check For Update Now.
2026-04-19 23:34:08,182 [INFO] MicroXplorer:498 - Change Database Version : DB.6.0.150
2026-04-19 23:34:08,194 [INFO] McuFinderGlobals:63 - Set McuFinder mode to 2 (CubeIDE integrated)
2026-04-19 23:34:08,194 [INFO] UserAuth:171 - activating auth plugin
2026-04-19 23:34:08,199 [INFO] UserAuth:487 - Internet connection configuration mode: 1
2026-04-19 23:34:08,221 [INFO] JxBrowserEngine:152 - Initiate JxBrowser Engine with user profile folder
2026-04-19 23:34:08,379 [INFO] CheckServerUpdateThread:120 - End of CheckServer Thread
2026-04-19 23:34:08,793 [INFO] WebApp:169 - Instantiating new browser for Auth
2026-04-19 23:34:09,467 [INFO] WebApp:463 - Apply proxy settings
2026-04-19 23:34:09,467 [INFO] WebApp:548 - Chromium requires no authentication
2026-04-19 23:34:09,474 [INFO] WebApp:491 - Direct internet connection detected
2026-04-19 23:34:09,507 [INFO] WebApp:900 - Register for checkConnection events
2026-04-19 23:34:09,507 [INFO] WebApp:463 - Apply proxy settings
2026-04-19 23:34:09,507 [INFO] WebApp:548 - Chromium requires no authentication
2026-04-19 23:34:09,510 [INFO] WebApp:491 - Direct internet connection detected
2026-04-19 23:34:09,654 [INFO] WebApp:225 - Starting web application
2026-04-19 23:34:09,655 [INFO] WebApp:593 - Web application path used C:\ST\STM32CubeIDE_1.19.0\STM32CubeIDE\plugins\com.st.stm32cube.common.mx_6.15.0.202507011659\db\plugins\mcufinder\reactClient1\index.html
2026-04-19 23:34:09,850 [INFO] WebApp:191 - Connection restablished
2026-04-19 23:34:09,856 [ERROR] LogOutputStream:75 - [STDERR_REDIRECT] [Fatal Error] :1:1: Premature end of file.
2026-04-19 23:34:09,857 [ERROR] LogOutputStream:75 - [STDERR_REDIRECT] 
2026-04-19 23:34:10,540 [WARN] PackLoader:240 - Cannot read IP mode file for STMicroelectronics.FP-ATR-ASTRA1.2.0.2
2026-04-19 23:34:10,551 [WARN] PackLoader:240 - Cannot read IP mode file for STMicroelectronics.FP-SNS-SMARTAG2.1.2.0
2026-04-19 23:34:10,562 [WARN] PackLoader:240 - Cannot read IP mode file for STMicroelectronics.FP-SNS-FLIGHT1.5.1.0
2026-04-19 23:34:10,573 [WARN] PackLoader:240 - Cannot read IP mode file for STMicroelectronics.X-CUBE-BLE2.3.3.0
2026-04-19 23:34:10,582 [WARN] PackLoader:240 - Cannot read IP mode file for STMicroelectronics.X-CUBE-BLE1.7.1.0
2026-04-19 23:34:10,588 [WARN] PackLoader:240 - Cannot read IP mode file for STMicroelectronics.FP-ATR-SIGFOX1.3.2.0
2026-04-19 23:34:10,601 [WARN] PackLoader:240 - Cannot read IP mode file for STMicroelectronics.X-CUBE-ALS.1.0.2
2026-04-19 23:34:10,604 [INFO] ThirdParty:978 - Integrity check success = true
2026-04-19 23:34:10,604 [INFO] IntegrityCheckThread:100 - exiting critical section [integrity check]
2026-04-19 23:34:10,604 [INFO] IntegrityCheckThread:103 - End integrity checks thread
2026-04-19 23:34:10,833 [ERROR] LogOutputStream:75 - [STDERR_REDIRECT] [Fatal Error] :1:1: Premature end of file.
2026-04-19 23:34:10,833 [ERROR] LogOutputStream:75 - [STDERR_REDIRECT] 
2026-04-19 23:34:11,826 [ERROR] LogOutputStream:75 - [STDERR_REDIRECT] [Fatal Error] :1:1: Premature end of file.
2026-04-19 23:34:11,827 [ERROR] LogOutputStream:75 - [STDERR_REDIRECT] 
2026-04-19 23:34:12,828 [ERROR] LogOutputStream:75 - [STDERR_REDIRECT] [Fatal Error] :1:1: Premature end of file.
2026-04-19 23:34:12,828 [ERROR] LogOutputStream:75 - [STDERR_REDIRECT] 
2026-04-19 23:34:13,834 [ERROR] LogOutputStream:75 - [STDERR_REDIRECT] [Fatal Error] :1:1: Premature end of file.
2026-04-19 23:34:13,834 [ERROR] LogOutputStream:75 - [STDERR_REDIRECT] 
2026-04-19 23:34:14,819 [ERROR] LogOutputStream:75 - [STDERR_REDIRECT] [Fatal Error] :1:1: Premature end of file.
2026-04-19 23:34:14,820 [ERROR] LogOutputStream:75 - [STDERR_REDIRECT] 
2026-04-19 23:34:15,824 [ERROR] LogOutputStream:75 - [STDERR_REDIRECT] [Fatal Error] :1:1: Premature end of file.
2026-04-19 23:34:15,824 [ERROR] LogOutputStream:75 - [STDERR_REDIRECT] 
2026-04-19 23:34:16,819 [ERROR] LogOutputStream:75 - [STDERR_REDIRECT] [Fatal Error] :1:1: Premature end of file.
2026-04-19 23:34:16,819 [ERROR] LogOutputStream:75 - [STDERR_REDIRECT] 
2026-04-19 23:34:17,820 [ERROR] LogOutputStream:75 - [STDERR_REDIRECT] [Fatal Error] :1:1: Premature end of file.
2026-04-19 23:34:17,821 [ERROR] LogOutputStream:75 - [STDERR_REDIRECT] 
2026-04-19 23:34:18,819 [ERROR] LogOutputStream:75 - [STDERR_REDIRECT] [Fatal Error] :1:1: Premature end of file.
2026-04-19 23:34:18,819 [ERROR] LogOutputStream:75 - [STDERR_REDIRECT] 
2026-04-19 23:34:19,830 [ERROR] LogOutputStream:75 - [STDERR_REDIRECT] [Fatal Error] :1:1: Premature end of file.
2026-04-19 23:34:19,832 [ERROR] LogOutputStream:75 - [STDERR_REDIRECT] 
2026-04-19 23:34:20,825 [ERROR] LogOutputStream:75 - [STDERR_REDIRECT] [Fatal Error] :1:1: Premature end of file.
2026-04-19 23:34:20,825 [ERROR] LogOutputStream:75 - [STDERR_REDIRECT] 
2026-04-19 23:34:21,829 [ERROR] LogOutputStream:75 - [STDERR_REDIRECT] [Fatal Error] :1:1: Premature end of file.
2026-04-19 23:34:21,829 [ERROR] LogOutputStream:75 - [STDERR_REDIRECT] 
2026-04-19 23:34:22,832 [ERROR] LogOutputStream:75 - [STDERR_REDIRECT] [Fatal Error] :1:1: Premature end of file.
2026-04-19 23:34:22,832 [ERROR] LogOutputStream:75 - [STDERR_REDIRECT] 
2026-04-19 23:34:23,839 [ERROR] LogOutputStream:75 - [STDERR_REDIRECT] [Fatal Error] :1:1: Premature end of file.
2026-04-19 23:34:23,839 [ERROR] LogOutputStream:75 - [STDERR_REDIRECT] 
2026-04-19 23:34:24,826 [ERROR] LogOutputStream:75 - [STDERR_REDIRECT] [Fatal Error] :1:1: Premature end of file.
2026-04-19 23:34:24,827 [ERROR] LogOutputStream:75 - [STDERR_REDIRECT] 
2026-04-19 23:34:25,820 [ERROR] LogOutputStream:75 - [STDERR_REDIRECT] [Fatal Error] :1:1: Premature end of file.
2026-04-19 23:34:25,820 [ERROR] LogOutputStream:75 - [STDERR_REDIRECT] 
2026-04-19 23:34:26,825 [ERROR] LogOutputStream:75 - [STDERR_REDIRECT] [Fatal Error] :1:1: Premature end of file.
2026-04-19 23:34:26,825 [ERROR] LogOutputStream:75 - [STDERR_REDIRECT] 
2026-04-19 23:34:27,825 [ERROR] LogOutputStream:75 - [STDERR_REDIRECT] [Fatal Error] :1:1: Premature end of file.
2026-04-19 23:34:27,825 [ERROR] LogOutputStream:75 - [STDERR_REDIRECT] 
2026-04-19 23:34:28,824 [ERROR] LogOutputStream:75 - [STDERR_REDIRECT] [Fatal Error] :1:1: Premature end of file.
2026-04-19 23:34:28,824 [ERROR] LogOutputStream:75 - [STDERR_REDIRECT] 
2026-04-19 23:34:29,823 [ERROR] LogOutputStream:75 - [STDERR_REDIRECT] [Fatal Error] :1:1: Premature end of file.
2026-04-19 23:34:29,824 [ERROR] LogOutputStream:75 - [STDERR_REDIRECT] 
2026-04-19 23:34:30,845 [ERROR] LogOutputStream:75 - [STDERR_REDIRECT] [Fatal Error] :1:1: Premature end of file.
2026-04-19 23:34:30,845 [ERROR] LogOutputStream:75 - [STDERR_REDIRECT] 
2026-04-19 23:34:31,827 [ERROR] LogOutputStream:75 - [STDERR_REDIRECT] [Fatal Error] :1:1: Premature end of file.
2026-04-19 23:34:31,827 [ERROR] LogOutputStream:75 - [STDERR_REDIRECT] 
2026-04-19 23:34:32,819 [ERROR] LogOutputStream:75 - [STDERR_REDIRECT] [Fatal Error] :1:1: Premature end of file.
2026-04-19 23:34:32,820 [ERROR] LogOutputStream:75 - [STDERR_REDIRECT] 
2026-04-19 23:34:33,823 [ERROR] LogOutputStream:75 - [STDERR_REDIRECT] [Fatal Error] :1:1: Premature end of file.
2026-04-19 23:34:33,823 [ERROR] LogOutputStream:75 - [STDERR_REDIRECT] 
2026-04-19 23:34:34,824 [ERROR] LogOutputStream:75 - [STDERR_REDIRECT] [Fatal Error] :1:1: Premature end of file.
2026-04-19 23:34:34,824 [ERROR] LogOutputStream:75 - [STDERR_REDIRECT] 
2026-04-19 23:34:35,825 [ERROR] LogOutputStream:75 - [STDERR_REDIRECT] [Fatal Error] :1:1: Premature end of file.
2026-04-19 23:34:35,825 [ERROR] LogOutputStream:75 - [STDERR_REDIRECT] 
2026-04-19 23:34:36,741 [ERROR] LogOutputStream:75 - [STDERR_REDIRECT] 
